101.89.239.238 - - [08/Dec/2020:08:00:09 +0000] "GET /themes/H1ve-theme/static/js/vendor/fetch.min.js HTTP/1.1" 200 0 "http://39.99.166.105:8000/login?next=%2Fchallenges%3F" "Mozilla/5.0 (Windows NT 6.1; WOW64) AppleWebKit/537.36 (KHTML, like Gecko) Chrome/56.0.2924.87 Safari/537.36"
61.151.207.205 - - [08/Dec/2020:08:00:16 +0000] "GET /themes/H1ve-theme/static/js/vendor/promise-polyfill.min.js HTTP/1.1" 200 0 "http://39.99.166.105:8000/login?next=%2Fuser%3F" "Mozilla/5.0 (Windows NT 6.1; WOW64; Trident/7.0; SLCC2; .NET CLR 2.0.50727; .NET CLR 3.5.30729; .NET CLR 3.0.30729; Media Center PC 6.0; .NET4.0C; .NET4.0E; InfoPath.3; rv:11.0) like Gecko"
61.129.6.151 - - [08/Dec/2020:08:00:17 +0000] "GET /themes/H1ve-theme/static/js/vendor/bootstrap.bundle.min.js HTTP/1.1" 200 0 "http://39.99.166.105:8000/" "Mozilla/5.0 (Windows NT 6.1; WOW64) AppleWebKit/537.36 (KHTML, like Gecko) Chrome/53.0.2785.104 Safari/537.36 Core/1.53.2141.400 QQBrowser/9.5.10219.400"
61.129.6.225 - - [08/Dec/2020:08:00:19 +0000] "GET /themes/H1ve-theme/static/js/vendor/markdown-it.min.js HTTP/1.1" 200 0 "http://39.99.166.105:8000/login?next=%2Fchallenges%3F" "Mozilla/5.0 (Macintosh; Intel Mac OS X 10_12_4) AppleWebKit/537.36 (KHTML, like Gecko) 			Chrome/55.0.2883.95 Safari/537.36"
101.89.239.238 - - [08/Dec/2020:08:00:29 +0000] "GET /themes/H1ve-theme/static/js/CTFd.js HTTP/1.1" 200 0 "http://39.99.166.105:8000/login?next=%2Fchallenges%3F" "Mozilla/5.0 (Windows NT 6.1; WOW64) AppleWebKit/537.36 (KHTML, like Gecko) Chrome/45.0.2454.101 Safari/537.36"
61.151.207.205 - - [08/Dec/2020:08:00:36 +0000] "GET /themes/H1ve-theme/static/js/vendor/eventsource.min.js HTTP/1.1" 200 0 "http://39.99.166.105:8000/login?next=%2Fuser%3F" "Mozilla/5.0 (Windows NT 6.1; WOW64) AppleWebKit/537.36 (KHTML, like Gecko) Chrome/45.0.2454.101 Safari/537.36"
101.227.139.171 - - [08/Dec/2020:08:00:46 +0000] "GET /login HTTP/1.1" 200 8153 "-" "Mozilla/5.0 (Windows NT 6.1; WOW64) AppleWebKit/537.36 (KHTML, like Gecko) Chrome/56.0.2924.87 Safari/537.36"
101.89.239.238 - - [08/Dec/2020:08:00:49 +0000] "GET /themes/H1ve-theme/static/js/vendor/moment.min.js HTTP/1.1" 200 0 "http://39.99.166.105:8000/login?next=%2Fchallenges%3F" "Mozilla/5.0 (Windows NT 6.1; WOW64) AppleWebKit/537.36 (KHTML, like Gecko) Chrome/53.0.2785.104 Safari/537.36 Core/1.53.2141.400 QQBrowser/9.5.10219.400"
61.129.6.227 - - [08/Dec/2020:08:00:49 +0000] "GET /users HTTP/1.1" 200 7759 "-" "Mozilla/5.0 (Macintosh; Intel Mac OS X 10_12_4) AppleWebKit/537.36 (KHTML, like Gecko) 			Chrome/55.0.2883.95 Safari/537.36"
180.97.118.219 - - [08/Dec/2020:08:00:55 +0000] "GET /themes/H1ve-theme/static/js/vendor/bootstrap.bundle.min.js HTTP/1.1" 200 0 "http://39.99.166.105:8000/login?next=%2Fchallenges%3F" "Mozilla/5.0 (Windows NT 6.1; WOW64) AppleWebKit/537.36 (KHTML, like Gecko) Chrome/56.0.2924.87 Safari/537.36"
61.151.207.205 - - [08/Dec/2020:08:00:56 +0000] "GET /themes/H1ve-theme/static/js/vendor/fetch.min.js HTTP/1.1" 200 0 "http://39.99.166.105:8000/login?next=%2Fuser%3F" "Mozilla/5.0 (Windows NT 6.1; WOW64) AppleWebKit/537.36 (KHTML, like Gecko) Chrome/56.0.2924.87 Safari/537.36"
124.128.63.62 - - [08/Dec/2020:08:00:59 +0000] "GET /api/v1/users/me/solves HTTP/1.1" 200 228 "http://39.99.166.105:8000/challenges" "Mozilla/5.0 (Windows NT 10.0; WOW64) AppleWebKit/537.36 (KHTML, like Gecko) Chrome/70.0.3538.25 Safari/537.36 Core/1.70.3823.400 QQBrowser/10.7.4307.400"
124.128.63.62 - - [08/Dec/2020:08:00:59 +0000] "GET /api/v1/challenges HTTP/1.1" 200 245 "http://39.99.166.105:8000/challenges" "Mozilla/5.0 (Windows NT 10.0; WOW64) AppleWebKit/537.36 (KHTML, like Gecko) Chrome/70.0.3538.25 Safari/537.36 Core/1.70.3823.400 QQBrowser/10.7.4307.400"
61.151.178.236 - - [08/Dec/2020:08:01:02 +0000] "GET /themes/H1ve-theme/static/js/vendor/bootstrap.bundle.min.js HTTP/1.1" 200 0 "http://39.99.166.105:8000/login?next=%2Fchallenges%3F" "Mozilla/5.0 (Windows NT 6.1; WOW64) AppleWebKit/537.36 (KHTML, like Gecko) Chrome/53.0.2785.104 Safari/537.36 Core/1.53.2141.400 QQBrowser/9.5.10219.400"
101.227.139.173 - - [08/Dec/2020:08:01:03 +0000] "GET /users/2 HTTP/1.1" 200 9213 "-" "Mozilla/5.0 (Macintosh; Intel Mac OS X 10_12_4) AppleWebKit/537.36 (KHTML, like Gecko) 			Chrome/55.0.2883.95 Safari/537.36"
61.129.6.174 - - [08/Dec/2020:08:01:05 +0000] "GET /matrix HTTP/1.1" 404 6716 "-" "Mozilla/5.0 (Windows NT 6.1; WOW64; Trident/7.0; SLCC2; .NET CLR 2.0.50727; .NET CLR 3.5.30729; .NET CLR 3.0.30729; Media Center PC 6.0; .NET4.0C; .NET4.0E; InfoPath.3; rv:11.0) like Gecko"
101.227.139.171 - - [08/Dec/2020:08:01:06 +0000] "GET /themes/H1ve-theme/static/js/vendor/promise-polyfill.min.js HTTP/1.1" 200 0 "http://39.99.166.105:8000/login" "Mozilla/5.0 (Windows NT 6.1; WOW64; Trident/7.0; SLCC2; .NET CLR 2.0.50727; .NET CLR 3.5.30729; .NET CLR 3.0.30729; Media Center PC 6.0; .NET4.0C; .NET4.0E; InfoPath.3; rv:11.0) like Gecko"
101.89.29.92 - - [08/Dec/2020:08:01:07 +0000] "GET /themes/H1ve-theme/static/js/vendor/bootstrap.bundle.min.js HTTP/1.1" 200 0 "http://39.99.166.105:8000/register" "Mozilla/5.0 (Macintosh; Intel Mac OS X 10_12_4) AppleWebKit/537.36 (KHTML, like Gecko) 			Chrome/55.0.2883.95 Safari/537.36"
61.129.6.227 - - [08/Dec/2020:08:01:09 +0000] "GET /themes/H1ve-theme/static/js/vendor/promise-polyfill.min.js HTTP/1.1" 200 0 "http://39.99.166.105:8000/users" "Mozilla/5.0 (Windows NT 6.1; WOW64) AppleWebKit/537.36 (KHTML, like Gecko) Chrome/53.0.2785.104 Safari/537.36 Core/1.53.2141.400 QQBrowser/9.5.10219.400"
61.151.207.205 - - [08/Dec/2020:08:01:16 +0000] "GET /themes/H1ve-theme/static/js/CTFd.js HTTP/1.1" 200 0 "http://39.99.166.105:8000/login?next=%2Fuser%3F" "Mozilla/5.0 (Windows NT 6.1; WOW64; Trident/7.0; SLCC2; .NET CLR 2.0.50727; .NET CLR 3.5.30729; .NET CLR 3.0.30729; Media Center PC 6.0; .NET4.0C; .NET4.0E; InfoPath.3; rv:11.0) like Gecko"
61.129.6.151 - - [08/Dec/2020:08:01:18 +0000] "GET /themes/H1ve-theme/static/js/vendor/howler.min.js HTTP/1.1" 200 0 "http://39.99.166.105:8000/" "Mozilla/5.0 (Windows NT 6.1; WOW64; Trident/7.0; SLCC2; .NET CLR 2.0.50727; .NET CLR 3.5.30729; .NET CLR 3.0.30729; Media Center PC 6.0; .NET4.0C; .NET4.0E; InfoPath.3; rv:11.0) like Gecko"
101.89.239.245 - - [08/Dec/2020:08:01:23 +0000] "GET /users/2 HTTP/1.1" 200 9213 "-" "Mozilla/5.0 (Macintosh; Intel Mac OS X 10_12_4) AppleWebKit/537.36 (KHTML, like Gecko) 			Chrome/55.0.2883.95 Safari/537.36"
101.227.139.173 - - [08/Dec/2020:08:01:24 +0000] "GET /themes/H1ve-theme/static/js/vendor/promise-polyfill.min.js HTTP/1.1" 200 0 "http://39.99.166.105:8000/users/2" "Mozilla/5.0 (Windows NT 6.1; WOW64) AppleWebKit/537.36 (KHTML, like Gecko) Chrome/53.0.2785.104 Safari/537.36 Core/1.53.2141.400 QQBrowser/9.5.10219.400"
61.129.6.174 - - [08/Dec/2020:08:01:25 +0000] "GET /themes/H1ve-theme/static/js/vendor/promise-polyfill.min.js HTTP/1.1" 200 0 "http://39.99.166.105:8000/matrix" "Mozilla/5.0 (Windows NT 6.1; WOW64) AppleWebKit/537.36 (KHTML, like Gecko) Chrome/45.0.2454.101 Safari/537.36"
101.227.139.171 - - [08/Dec/2020:08:01:27 +0000] "GET /themes/H1ve-theme/static/js/vendor/eventsource.min.js HTTP/1.1" 200 0 "http://39.99.166.105:8000/login" "Mozilla/5.0 (Windows NT 6.1; WOW64; rv:50.0) Gecko/20100101 Firefox/50.0"
112.224.2.160 - - [08/Dec/2020:08:01:28 +0000] "POST /admin/pages/preview HTTP/1.1" 200 9178 "http://39.99.166.105:8000/admin/pages/1" "Mozilla/5.0 (Windows NT 10.0; Win64; x64) AppleWebKit/537.36 (KHTML, like Gecko) Chrome/87.0.4280.67 Safari/537.36 Edg/87.0.664.55"
112.224.2.160 - - [08/Dec/2020:08:01:28 +0000] "GET /static/user.css HTTP/1.1" 200 0 "http://39.99.166.105:8000/admin/pages/preview" "Mozilla/5.0 (Windows NT 10.0; Win64; x64) AppleWebKit/537.36 (KHTML, like Gecko) Chrome/87.0.4280.67 Safari/537.36 Edg/87.0.664.55"
112.224.2.160 - - [08/Dec/2020:08:01:28 +0000] "GET /themes/H1ve-theme/static/img/favicon.ico HTTP/1.1" 200 0 "http://39.99.166.105:8000/admin/pages/preview" "Mozilla/5.0 (Windows NT 10.0; Win64; x64) AppleWebKit/537.36 (KHTML, like Gecko) Chrome/87.0.4280.67 Safari/537.36 Edg/87.0.664.55"
61.129.6.227 - - [08/Dec/2020:08:01:30 +0000] "GET /themes/H1ve-theme/static/js/vendor/eventsource.min.js HTTP/1.1" 200 0 "http://39.99.166.105:8000/users" "Mozilla/5.0 (Windows NT 6.1; WOW64) AppleWebKit/537.36 (KHTML, like Gecko) Chrome/53.0.2785.104 Safari/537.36 Core/1.53.2141.400 QQBrowser/9.5.10219.400"
61.151.207.205 - - [08/Dec/2020:08:01:36 +0000] "GET /themes/H1ve-theme/static/js/vendor/moment.min.js HTTP/1.1" 200 0 "http://39.99.166.105:8000/login?next=%2Fuser%3F" "Mozilla/5.0 (Windows NT 6.1; WOW64; rv:50.0) Gecko/20100101 Firefox/50.0"
112.224.2.160 - - [08/Dec/2020:08:01:38 +0000] "PATCH /api/v1/pages/1 HTTP/1.1" 200 2331 "http://39.99.166.105:8000/admin/pages/1" "Mozilla/5.0 (Windows NT 10.0; Win64; x64) AppleWebKit/537.36 (KHTML, like Gecko) Chrome/87.0.4280.67 Safari/537.36 Edg/87.0.664.55"
61.129.6.225 - - [08/Dec/2020:08:01:40 +0000] "GET /themes/H1ve-theme/static/js/vendor/bootstrap.bundle.min.js HTTP/1.1" 200 0 "http://39.99.166.105:8000/login?next=%2Fchallenges%3F" "Mozilla/5.0 (Windows NT 6.1; WOW64; rv:50.0) Gecko/20100101 Firefox/50.0"
101.89.239.238 - - [08/Dec/2020:08:01:40 +0000] "GET /themes/H1ve-theme/static/js/vendor/nunjucks.min.js HTTP/1.1" 200 0 "http://39.99.166.105:8000/login?next=%2Fchallenges%3F" "Mozilla/5.0 (Windows NT 6.1; WOW64; rv:50.0) Gecko/20100101 Firefox/50.0"
101.89.239.245 - - [08/Dec/2020:08:01:43 +0000] "GET /themes/H1ve-theme/static/js/vendor/promise-polyfill.min.js HTTP/1.1" 200 0 "http://39.99.166.105:8000/users/2" "Mozilla/5.0 (Windows NT 6.1; WOW64) AppleWebKit/537.36 (KHTML, like Gecko) Chrome/53.0.2785.104 Safari/537.36 Core/1.53.2141.400 QQBrowser/9.5.10219.400"
101.227.139.173 - - [08/Dec/2020:08:01:44 +0000] "GET /themes/H1ve-theme/static/js/vendor/eventsource.min.js HTTP/1.1" 200 0 "http://39.99.166.105:8000/users/2" "Mozilla/5.0 (Windows NT 6.1; WOW64) AppleWebKit/537.36 (KHTML, like Gecko) Chrome/45.0.2454.101 Safari/537.36"
61.129.6.174 - - [08/Dec/2020:08:01:45 +0000] "GET /themes/H1ve-theme/static/js/vendor/eventsource.min.js HTTP/1.1" 200 0 "http://39.99.166.105:8000/matrix" "Mozilla/5.0 (Windows NT 6.1; WOW64; Trident/7.0; SLCC2; .NET CLR 2.0.50727; .NET CLR 3.5.30729; .NET CLR 3.0.30729; Media Center PC 6.0; .NET4.0C; .NET4.0E; InfoPath.3; rv:11.0) like Gecko"
112.224.2.160 - - [08/Dec/2020:08:01:45 +0000] "POST /admin/pages/preview HTTP/1.1" 200 9178 "http://39.99.166.105:8000/admin/pages/1" "Mozilla/5.0 (Windows NT 10.0; Win64; x64) AppleWebKit/537.36 (KHTML, like Gecko) Chrome/87.0.4280.67 Safari/537.36 Edg/87.0.664.55"
112.224.2.160 - - [08/Dec/2020:08:01:45 +0000] "GET /static/user.css HTTP/1.1" 200 0 "http://39.99.166.105:8000/admin/pages/preview" "Mozilla/5.0 (Windows NT 10.0; Win64; x64) AppleWebKit/537.36 (KHTML, like Gecko) Chrome/87.0.4280.67 Safari/537.36 Edg/87.0.664.55"
112.224.2.160 - - [08/Dec/2020:08:01:46 +0000] "GET /themes/H1ve-theme/static/img/favicon.ico HTTP/1.1" 200 0 "http://39.99.166.105:8000/admin/pages/preview" "Mozilla/5.0 (Windows NT 10.0; Win64; x64) AppleWebKit/537.36 (KHTML, like Gecko) Chrome/87.0.4280.67 Safari/537.36 Edg/87.0.664.55"
101.227.139.171 - - [08/Dec/2020:08:01:47 +0000] "GET /themes/H1ve-theme/static/js/vendor/fetch.min.js HTTP/1.1" 200 0 "http://39.99.166.105:8000/login" "Mozilla/5.0 (Windows NT 6.1; WOW64; rv:50.0) Gecko/20100101 Firefox/50.0"
61.129.6.227 - - [08/Dec/2020:08:01:50 +0000] "GET /themes/H1ve-theme/static/js/vendor/fetch.min.js HTTP/1.1" 200 0 "http://39.99.166.105:8000/users" "Mozilla/5.0 (Windows NT 6.1; WOW64; rv:50.0) Gecko/20100101 Firefox/50.0"
112.224.2.160 - - [08/Dec/2020:08:01:55 +0000] "PATCH /api/v1/pages/1 HTTP/1.1" 200 2331 "http://39.99.166.105:8000/admin/pages/1" "Mozilla/5.0 (Windows NT 10.0; Win64; x64) AppleWebKit/537.36 (KHTML, like Gecko) Chrome/87.0.4280.67 Safari/537.36 Edg/87.0.664.55"
180.97.118.219 - - [08/Dec/2020:08:01:55 +0000] "GET /themes/H1ve-theme/static/js/vendor/howler.min.js HTTP/1.1" 200 0 "http://39.99.166.105:8000/login?next=%2Fchallenges%3F" "Mozilla/5.0 (Windows NT 6.1; WOW64) AppleWebKit/537.36 (KHTML, like Gecko) Chrome/43.0.2357.124 Safari/537.36"
61.129.6.151 - - [08/Dec/2020:08:01:58 +0000] "GET /themes/H1ve-theme/static/js/vendor/window-controller.js HTTP/1.1" 200 0 "http://39.99.166.105:8000/" "Mozilla/5.0 (Windows NT 6.1; WOW64; Trident/7.0; SLCC2; .NET CLR 2.0.50727; .NET CLR 3.5.30729; .NET CLR 3.0.30729; Media Center PC 6.0; .NET4.0C; .NET4.0E; InfoPath.3; rv:11.0) like Gecko"
112.224.2.160 - - [08/Dec/2020:08:01:58 +0000] "POST /admin/pages/preview HTTP/1.1" 200 9069 "http://39.99.166.105:8000/admin/pages/1" "Mozilla/5.0 (Windows NT 10.0; Win64; x64) AppleWebKit/537.36 (KHTML, like Gecko) Chrome/87.0.4280.67 Safari/537.36 Edg/87.0.664.55"
112.224.2.160 - - [08/Dec/2020:08:01:59 +0000] "GET /static/user.css HTTP/1.1" 200 0 "http://39.99.166.105:8000/admin/pages/preview" "Mozilla/5.0 (Windows NT 10.0; Win64; x64) AppleWebKit/537.36 (KHTML, like Gecko) Chrome/87.0.4280.67 Safari/537.36 Edg/87.0.664.55"
61.151.178.236 - - [08/Dec/2020:08:02:03 +0000] "GET /themes/H1ve-theme/static/js/vendor/howler.min.js HTTP/1.1" 200 0 "http://39.99.166.105:8000/login?next=%2Fchallenges%3F" "Mozilla/5.0 (Windows NT 6.1; WOW64) AppleWebKit/537.36 (KHTML, like Gecko) Chrome/53.0.2785.104 Safari/537.36 Core/1.53.2141.400 QQBrowser/9.5.10219.400"
101.89.239.245 - - [08/Dec/2020:08:02:03 +0000] "GET /themes/H1ve-theme/static/js/vendor/eventsource.min.js HTTP/1.1" 200 0 "http://39.99.166.105:8000/users/2" "Mozilla/5.0 (Windows NT 6.1; WOW64) AppleWebKit/537.36 (KHTML, like Gecko) Chrome/45.0.2454.101 Safari/537.36"
101.227.139.173 - - [08/Dec/2020:08:02:04 +0000] "GET /themes/H1ve-theme/static/js/vendor/fetch.min.js HTTP/1.1" 200 0 "http://39.99.166.105:8000/users/2" "Mozilla/5.0 (Windows NT 6.1; WOW64) AppleWebKit/537.36 (KHTML, like Gecko) Chrome/53.0.2785.104 Safari/537.36 Core/1.53.2141.400 QQBrowser/9.5.10219.400"
61.129.6.174 - - [08/Dec/2020:08:02:05 +0000] "GET /themes/H1ve-theme/static/js/vendor/fetch.min.js HTTP/1.1" 200 0 "http://39.99.166.105:8000/matrix" "Mozilla/5.0 (Macintosh; Intel Mac OS X 10_12_4) AppleWebKit/537.36 (KHTML, like Gecko) 			Chrome/55.0.2883.95 Safari/537.36"
101.227.139.171 - - [08/Dec/2020:08:02:07 +0000] "GET /themes/H1ve-theme/static/js/CTFd.js HTTP/1.1" 200 0 "http://39.99.166.105:8000/login" "Mozilla/5.0 (Windows NT 6.1; WOW64) AppleWebKit/537.36 (KHTML, like Gecko) Chrome/53.0.2785.104 Safari/537.36 Core/1.53.2141.400 QQBrowser/9.5.10219.400"
101.89.29.92 - - [08/Dec/2020:08:02:07 +0000] "GET /themes/H1ve-theme/static/js/vendor/howler.min.js HTTP/1.1" 200 0 "http://39.99.166.105:8000/register" "Mozilla/5.0 (Windows NT 6.1; WOW64) AppleWebKit/537.36 (KHTML, like Gecko) Chrome/45.0.2454.101 Safari/537.36"
61.129.6.227 - - [08/Dec/2020:08:02:10 +0000] "GET /themes/H1ve-theme/static/js/CTFd.js HTTP/1.1" 200 0 "http://39.99.166.105:8000/users" "Mozilla/5.0 (Windows NT 6.1; WOW64) AppleWebKit/537.36 (KHTML, like Gecko) Chrome/45.0.2454.101 Safari/537.36"
61.129.6.151 - - [08/Dec/2020:08:02:19 +0000] "GET /themes/H1ve-theme/static/js/style.js HTTP/1.1" 200 0 "http://39.99.166.105:8000/" "Mozilla/5.0 (Windows NT 6.1; WOW64) AppleWebKit/537.36 (KHTML, like Gecko) Chrome/53.0.2785.104 Safari/537.36 Core/1.53.2141.400 QQBrowser/9.5.10219.400"
101.89.239.245 - - [08/Dec/2020:08:02:23 +0000] "GET /themes/H1ve-theme/static/js/vendor/fetch.min.js HTTP/1.1" 200 0 "http://39.99.166.105:8000/users/2" "Mozilla/5.0 (Windows NT 6.1; WOW64; rv:50.0) Gecko/20100101 Firefox/50.0"
101.227.139.173 - - [08/Dec/2020:08:02:23 +0000] "GET /themes/H1ve-theme/static/js/CTFd.js HTTP/1.1" 200 0 "http://39.99.166.105:8000/users/2" "Mozilla/5.0 (Windows NT 6.1; WOW64) AppleWebKit/537.36 (KHTML, like Gecko) Chrome/53.0.2785.104 Safari/537.36 Core/1.53.2141.400 QQBrowser/9.5.10219.400"
61.129.6.174 - - [08/Dec/2020:08:02:25 +0000] "GET /themes/H1ve-theme/static/js/CTFd.js HTTP/1.1" 200 0 "http://39.99.166.105:8000/matrix" "Mozilla/5.0 (Windows NT 6.1; WOW64) AppleWebKit/537.36 (KHTML, like Gecko) Chrome/56.0.2924.87 Safari/537.36"
61.151.207.205 - - [08/Dec/2020:08:02:27 +0000] "GET /themes/H1ve-theme/static/js/vendor/nunjucks.min.js HTTP/1.1" 200 0 "http://39.99.166.105:8000/login?next=%2Fuser%3F" "Mozilla/5.0 (Windows NT 6.1; WOW64) AppleWebKit/537.36 (KHTML, like Gecko) Chrome/53.0.2785.104 Safari/537.36 Core/1.53.2141.400 QQBrowser/9.5.10219.400"
101.227.139.171 - - [08/Dec/2020:08:02:27 +0000] "GET /themes/H1ve-theme/static/js/vendor/moment.min.js HTTP/1.1" 200 0 "http://39.99.166.105:8000/login" "Mozilla/5.0 (Windows NT 6.1; WOW64) AppleWebKit/537.36 (KHTML, like Gecko) Chrome/45.0.2454.101 Safari/537.36"
61.129.6.227 - - [08/Dec/2020:08:02:30 +0000] "GET /themes/H1ve-theme/static/js/vendor/moment.min.js HTTP/1.1" 200 0 "http://39.99.166.105:8000/users" "Mozilla/5.0 (Windows NT 6.1; WOW64) AppleWebKit/537.36 (KHTML, like Gecko) Chrome/56.0.2924.87 Safari/537.36"
180.97.118.219 - - [08/Dec/2020:08:02:35 +0000] "GET /themes/H1ve-theme/static/js/vendor/window-controller.js HTTP/1.1" 200 0 "http://39.99.166.105:8000/login?next=%2Fchallenges%3F" "Mozilla/5.0 (Macintosh; Intel Mac OS X 10_12_4) AppleWebKit/537.36 (KHTML, like Gecko) 			Chrome/55.0.2883.95 Safari/537.36"
61.129.6.151 - - [08/Dec/2020:08:02:39 +0000] "GET /themes/H1ve-theme/static/js/utils.js HTTP/1.1" 200 0 "http://39.99.166.105:8000/" "Mozilla/5.0 (Windows NT 6.1; WOW64) AppleWebKit/537.36 (KHTML, like Gecko) Chrome/45.0.2454.101 Safari/537.36"
101.89.239.238 - - [08/Dec/2020:08:02:40 +0000] "GET /themes/H1ve-theme/static/js/vendor/jquery.min.js HTTP/1.1" 200 0 "http://39.99.166.105:8000/login?next=%2Fchallenges%3F" "Mozilla/5.0 (Windows NT 6.1; WOW64; Trident/7.0; SLCC2; .NET CLR 2.0.50727; .NET CLR 3.5.30729; .NET CLR 3.0.30729; Media Center PC 6.0; .NET4.0C; .NET4.0E; InfoPath.3; rv:11.0) like Gecko"
61.129.6.225 - - [08/Dec/2020:08:02:40 +0000] "GET /themes/H1ve-theme/static/js/vendor/howler.min.js HTTP/1.1" 200 0 "http://39.99.166.105:8000/login?next=%2Fchallenges%3F" "Mozilla/5.0 (Windows NT 6.1; WOW64) AppleWebKit/537.36 (KHTML, like Gecko) Chrome/56.0.2924.87 Safari/537.36"
61.151.178.236 - - [08/Dec/2020:08:02:43 +0000] "GET /themes/H1ve-theme/static/js/vendor/window-controller.js HTTP/1.1" 200 0 "http://39.99.166.105:8000/login?next=%2Fchallenges%3F" "Mozilla/5.0 (Windows NT 6.1; WOW64; Trident/7.0; SLCC2; .NET CLR 2.0.50727; .NET CLR 3.5.30729; .NET CLR 3.0.30729; Media Center PC 6.0; .NET4.0C; .NET4.0E; InfoPath.3; rv:11.0) like Gecko"
101.89.239.245 - - [08/Dec/2020:08:02:43 +0000] "GET /themes/H1ve-theme/static/js/CTFd.js HTTP/1.1" 200 0 "http://39.99.166.105:8000/users/2" "Mozilla/5.0 (Macintosh; Intel Mac OS X 10_12_4) AppleWebKit/537.36 (KHTML, like Gecko) 			Chrome/55.0.2883.95 Safari/537.36"
101.227.139.173 - - [08/Dec/2020:08:02:43 +0000] "GET /themes/H1ve-theme/static/js/vendor/moment.min.js HTTP/1.1" 200 0 "http://39.99.166.105:8000/users/2" "Mozilla/5.0 (Windows NT 6.1; WOW64) AppleWebKit/537.36 (KHTML, like Gecko) Chrome/53.0.2785.104 Safari/537.36 Core/1.53.2141.400 QQBrowser/9.5.10219.400"
61.129.6.174 - - [08/Dec/2020:08:02:45 +0000] "GET /themes/H1ve-theme/static/js/vendor/moment.min.js HTTP/1.1" 200 0 "http://39.99.166.105:8000/matrix" "Mozilla/5.0 (Windows NT 6.1; WOW64) AppleWebKit/537.36 (KHTML, like Gecko) Chrome/53.0.2785.104 Safari/537.36 Core/1.53.2141.400 QQBrowser/9.5.10219.400"
101.89.29.92 - - [08/Dec/2020:08:02:48 +0000] "GET /themes/H1ve-theme/static/js/vendor/window-controller.js HTTP/1.1" 200 0 "http://39.99.166.105:8000/register" "Mozilla/5.0 (Windows NT 6.1; WOW64) AppleWebKit/537.36 (KHTML, like Gecko) Chrome/45.0.2454.101 Safari/537.36"
112.224.2.160 - - [08/Dec/2020:08:02:54 +0000] "PATCH /api/v1/pages/1 HTTP/1.1" 200 2337 "http://39.99.166.105:8000/admin/pages/1" "Mozilla/5.0 (Windows NT 10.0; Win64; x64) AppleWebKit/537.36 (KHTML, like Gecko) Chrome/87.0.4280.67 Safari/537.36 Edg/87.0.664.55"
180.97.118.219 - - [08/Dec/2020:08:02:56 +0000] "GET /themes/H1ve-theme/static/js/style.js HTTP/1.1" 200 0 "http://39.99.166.105:8000/login?next=%2Fchallenges%3F" "Mozilla/5.0 (Windows NT 6.1; WOW64; Trident/7.0; SLCC2; .NET CLR 2.0.50727; .NET CLR 3.5.30729; .NET CLR 3.0.30729; Media Center PC 6.0; .NET4.0C; .NET4.0E; InfoPath.3; rv:11.0) like Gecko"
61.129.6.151 - - [08/Dec/2020:08:02:59 +0000] "GET /themes/H1ve-theme/static/js/ezq.js HTTP/1.1" 200 0 "http://39.99.166.105:8000/" "Mozilla/5.0 (Macintosh; Intel Mac OS X 10_12_4) AppleWebKit/537.36 (KHTML, like Gecko) 			Chrome/55.0.2883.95 Safari/537.36"
112.224.2.160 - - [08/Dec/2020:08:02:59 +0000] "POST /admin/pages/preview HTTP/1.1" 200 9033 "http://39.99.166.105:8000/admin/pages/1" "Mozilla/5.0 (Windows NT 10.0; Win64; x64) AppleWebKit/537.36 (KHTML, like Gecko) Chrome/87.0.4280.67 Safari/537.36 Edg/87.0.664.55"
112.224.2.160 - - [08/Dec/2020:08:02:59 +0000] "GET /static/user.css HTTP/1.1" 200 0 "http://39.99.166.105:8000/admin/pages/preview" "Mozilla/5.0 (Windows NT 10.0; Win64; x64) AppleWebKit/537.36 (KHTML, like Gecko) Chrome/87.0.4280.67 Safari/537.36 Edg/87.0.664.55"
61.151.178.236 - - [08/Dec/2020:08:03:03 +0000] "GET /themes/H1ve-theme/static/js/style.js HTTP/1.1" 200 0 "http://39.99.166.105:8000/login?next=%2Fchallenges%3F" "Mozilla/5.0 (Windows NT 6.1; WOW64; rv:50.0) Gecko/20100101 Firefox/50.0"
101.89.239.245 - - [08/Dec/2020:08:03:03 +0000] "GET /themes/H1ve-theme/static/js/vendor/moment.min.js HTTP/1.1" 200 0 "http://39.99.166.105:8000/users/2" "Mozilla/5.0 (Windows NT 6.1; WOW64) AppleWebKit/537.36 (KHTML, like Gecko) Chrome/56.0.2924.87 Safari/537.36"
101.89.29.92 - - [08/Dec/2020:08:03:08 +0000] "GET /themes/H1ve-theme/static/js/style.js HTTP/1.1" 200 0 "http://39.99.166.105:8000/register" "Mozilla/5.0 (Windows NT 6.1; WOW64) AppleWebKit/537.36 (KHTML, like Gecko) Chrome/45.0.2454.101 Safari/537.36"
180.97.118.219 - - [08/Dec/2020:08:03:16 +0000] "GET /themes/H1ve-theme/static/js/utils.js HTTP/1.1" 200 0 "http://39.99.166.105:8000/login?next=%2Fchallenges%3F" "Mozilla/5.0 (Windows NT 6.1; WOW64) AppleWebKit/537.36 (KHTML, like Gecko) Chrome/43.0.2357.124 Safari/537.36"
101.227.139.171 - - [08/Dec/2020:08:03:17 +0000] "GET /themes/H1ve-theme/static/js/vendor/nunjucks.min.js HTTP/1.1" 200 0 "http://39.99.166.105:8000/login" "Mozilla/5.0 (Windows NT 6.1; WOW64) AppleWebKit/537.36 (KHTML, like Gecko) Chrome/56.0.2924.87 Safari/537.36"
61.129.6.151 - - [08/Dec/2020:08:03:19 +0000] "GET /themes/H1ve-theme/static/js/events.js HTTP/1.1" 200 0 "http://39.99.166.105:8000/" "Mozilla/5.0 (Macintosh; Intel Mac OS X 10_12_4) AppleWebKit/537.36 (KHTML, like Gecko) 			Chrome/55.0.2883.95 Safari/537.36"
61.129.6.225 - - [08/Dec/2020:08:03:20 +0000] "GET /themes/H1ve-theme/static/js/vendor/window-controller.js HTTP/1.1" 200 0 "http://39.99.166.105:8000/login?next=%2Fchallenges%3F" "Mozilla/5.0 (Windows NT 6.1; WOW64) AppleWebKit/537.36 (KHTML, like Gecko) Chrome/56.0.2924.87 Safari/537.36"
61.129.6.227 - - [08/Dec/2020:08:03:20 +0000] "GET /themes/H1ve-theme/static/js/vendor/nunjucks.min.js HTTP/1.1" 200 0 "http://39.99.166.105:8000/users" "Mozilla/5.0 (Windows NT 6.1; WOW64) AppleWebKit/537.36 (KHTML, like Gecko) Chrome/56.0.2924.87 Safari/537.36"
61.151.178.236 - - [08/Dec/2020:08:03:23 +0000] "GET /themes/H1ve-theme/static/js/utils.js HTTP/1.1" 200 0 "http://39.99.166.105:8000/login?next=%2Fchallenges%3F" "Mozilla/5.0 (Windows NT 6.1; WOW64) AppleWebKit/537.36 (KHTML, like Gecko) Chrome/56.0.2924.87 Safari/537.36"
61.151.207.205 - - [08/Dec/2020:08:03:26 +0000] "GET /themes/H1ve-theme/static/js/vendor/jquery.min.js HTTP/1.1" 200 0 "http://39.99.166.105:8000/login?next=%2Fuser%3F" "Mozilla/5.0 (Windows NT 6.1; WOW64) AppleWebKit/537.36 (KHTML, like Gecko) Chrome/53.0.2785.104 Safari/537.36 Core/1.53.2141.400 QQBrowser/9.5.10219.400"
101.89.29.92 - - [08/Dec/2020:08:03:28 +0000] "GET /themes/H1ve-theme/static/js/utils.js HTTP/1.1" 200 0 "http://39.99.166.105:8000/register" "Mozilla/5.0 (Windows NT 6.1; WOW64) AppleWebKit/537.36 (KHTML, like Gecko) Chrome/43.0.2357.124 Safari/537.36"
101.227.139.173 - - [08/Dec/2020:08:03:34 +0000] "GET /themes/H1ve-theme/static/js/vendor/nunjucks.min.js HTTP/1.1" 200 0 "http://39.99.166.105:8000/users/2" "Mozilla/5.0 (Windows NT 6.1; WOW64) AppleWebKit/537.36 (KHTML, like Gecko) Chrome/45.0.2454.101 Safari/537.36"
61.129.6.174 - - [08/Dec/2020:08:03:34 +0000] "GET /themes/H1ve-theme/static/js/vendor/nunjucks.min.js HTTP/1.1" 200 0 "http://39.99.166.105:8000/matrix" "Mozilla/5.0 (Windows NT 6.1; WOW64) AppleWebKit/537.36 (KHTML, like Gecko) Chrome/45.0.2454.101 Safari/537.36"
180.97.118.219 - - [08/Dec/2020:08:03:36 +0000] "GET /themes/H1ve-theme/static/js/ezq.js HTTP/1.1" 200 0 "http://39.99.166.105:8000/login?next=%2Fchallenges%3F" "Mozilla/5.0 (Windows NT 6.1; WOW64) AppleWebKit/537.36 (KHTML, like Gecko) Chrome/43.0.2357.124 Safari/537.36"
61.129.6.151 - - [08/Dec/2020:08:03:39 +0000] "GET /themes/H1ve-theme/static/js/skrollr.min.js HTTP/1.1" 200 0 "http://39.99.166.105:8000/" "Mozilla/5.0 (Macintosh; Intel Mac OS X 10_12_4) AppleWebKit/537.36 (KHTML, like Gecko) 			Chrome/55.0.2883.95 Safari/537.36"
61.129.6.225 - - [08/Dec/2020:08:03:40 +0000] "GET /themes/H1ve-theme/static/js/style.js HTTP/1.1" 200 0 "http://39.99.166.105:8000/login?next=%2Fchallenges%3F" "Mozilla/5.0 (Windows NT 6.1; WOW64; Trident/7.0; SLCC2; .NET CLR 2.0.50727; .NET CLR 3.5.30729; .NET CLR 3.0.30729; Media Center PC 6.0; .NET4.0C; .NET4.0E; InfoPath.3; rv:11.0) like Gecko"
61.151.178.236 - - [08/Dec/2020:08:03:43 +0000] "GET /themes/H1ve-theme/static/js/ezq.js HTTP/1.1" 200 0 "http://39.99.166.105:8000/login?next=%2Fchallenges%3F" "Mozilla/5.0 (Windows NT 6.1; WOW64) AppleWebKit/537.36 (KHTML, like Gecko) Chrome/43.0.2357.124 Safari/537.36"
101.89.29.92 - - [08/Dec/2020:08:03:48 +0000] "GET /themes/H1ve-theme/static/js/ezq.js HTTP/1.1" 200 0 "http://39.99.166.105:8000/register" "Mozilla/5.0 (Windows NT 6.1; WOW64; Trident/7.0; SLCC2; .NET CLR 2.0.50727; .NET CLR 3.5.30729; .NET CLR 3.0.30729; Media Center PC 6.0; .NET4.0C; .NET4.0E; InfoPath.3; rv:11.0) like Gecko"
101.89.239.238 - - [08/Dec/2020:08:03:50 +0000] "GET /themes/H1ve-theme/static/js/vendor/markdown-it.min.js HTTP/1.1" 200 0 "http://39.99.166.105:8000/login?next=%2Fchallenges%3F" "Mozilla/5.0 (Windows NT 6.1; WOW64) AppleWebKit/537.36 (KHTML, like Gecko) Chrome/45.0.2454.101 Safari/537.36"
101.89.239.245 - - [08/Dec/2020:08:03:54 +0000] "GET /themes/H1ve-theme/static/js/vendor/nunjucks.min.js HTTP/1.1" 200 0 "http://39.99.166.105:8000/users/2" "Mozilla/5.0 (Windows NT 6.1; WOW64; Trident/7.0; SLCC2; .NET CLR 2.0.50727; .NET CLR 3.5.30729; .NET CLR 3.0.30729; Media Center PC 6.0; .NET4.0C; .NET4.0E; InfoPath.3; rv:11.0) like Gecko"
180.97.118.219 - - [08/Dec/2020:08:03:55 +0000] "GET /themes/H1ve-theme/static/js/events.js HTTP/1.1" 200 0 "http://39.99.166.105:8000/login?next=%2Fchallenges%3F" "Mozilla/5.0 (Windows NT 6.1; WOW64; rv:50.0) Gecko/20100101 Firefox/50.0"
61.129.6.225 - - [08/Dec/2020:08:04:00 +0000] "GET /themes/H1ve-theme/static/js/utils.js HTTP/1.1" 200 0 "http://39.99.166.105:8000/login?next=%2Fchallenges%3F" "Mozilla/5.0 (Windows NT 6.1; WOW64; rv:50.0) Gecko/20100101 Firefox/50.0"
61.129.6.151 - - [08/Dec/2020:08:04:00 +0000] "GET /themes/H1ve-theme/static/js/custom.js HTTP/1.1" 200 0 "http://39.99.166.105:8000/" "Mozilla/5.0 (Windows NT 6.1; WOW64; Trident/7.0; SLCC2; .NET CLR 2.0.50727; .NET CLR 3.5.30729; .NET CLR 3.0.30729; Media Center PC 6.0; .NET4.0C; .NET4.0E; InfoPath.3; rv:11.0) like Gecko"
61.151.178.236 - - [08/Dec/2020:08:04:03 +0000] "GET /themes/H1ve-theme/static/js/events.js HTTP/1.1" 200 0 "http://39.99.166.105:8000/login?next=%2Fchallenges%3F" "Mozilla/5.0 (Macintosh; Intel Mac OS X 10_12_4) AppleWebKit/537.36 (KHTML, like Gecko) 			Chrome/55.0.2883.95 Safari/537.36"
101.89.29.92 - - [08/Dec/2020:08:04:08 +0000] "GET /themes/H1ve-theme/static/js/events.js HTTP/1.1" 200 0 "http://39.99.166.105:8000/register" "Mozilla/5.0 (Windows NT 6.1; WOW64) AppleWebKit/537.36 (KHTML, like Gecko) Chrome/45.0.2454.101 Safari/537.36"
180.97.118.219 - - [08/Dec/2020:08:04:15 +0000] "GET /themes/H1ve-theme/static/js/skrollr.min.js HTTP/1.1" 200 0 "http://39.99.166.105:8000/login?next=%2Fchallenges%3F" "Mozilla/5.0 (Windows NT 6.1; WOW64) AppleWebKit/537.36 (KHTML, like Gecko) Chrome/56.0.2924.87 Safari/537.36"
101.227.139.171 - - [08/Dec/2020:08:04:18 +0000] "GET /themes/H1ve-theme/static/js/vendor/jquery.min.js HTTP/1.1" 200 0 "http://39.99.166.105:8000/login" "Mozilla/5.0 (Windows NT 6.1; WOW64) AppleWebKit/537.36 (KHTML, like Gecko) Chrome/45.0.2454.101 Safari/537.36"
61.129.6.225 - - [08/Dec/2020:08:04:20 +0000] "GET /themes/H1ve-theme/static/js/ezq.js HTTP/1.1" 200 0 "http://39.99.166.105:8000/login?next=%2Fchallenges%3F" "Mozilla/5.0 (Windows NT 6.1; WOW64) AppleWebKit/537.36 (KHTML, like Gecko) Chrome/56.0.2924.87 Safari/537.36"
61.129.6.227 - - [08/Dec/2020:08:04:21 +0000] "GET /themes/H1ve-theme/static/js/vendor/jquery.min.js HTTP/1.1" 200 0 "http://39.99.166.105:8000/users" "Mozilla/5.0 (Windows NT 6.1; WOW64; Trident/7.0; SLCC2; .NET CLR 2.0.50727; .NET CLR 3.5.30729; .NET CLR 3.0.30729; Media Center PC 6.0; .NET4.0C; .NET4.0E; InfoPath.3; rv:11.0) like Gecko"
61.151.178.236 - - [08/Dec/2020:08:04:23 +0000] "GET /themes/H1ve-theme/static/js/skrollr.min.js HTTP/1.1" 200 0 "http://39.99.166.105:8000/login?next=%2Fchallenges%3F" "Mozilla/5.0 (Macintosh; Intel Mac OS X 10_12_4) AppleWebKit/537.36 (KHTML, like Gecko) 			Chrome/55.0.2883.95 Safari/537.36"
101.89.29.92 - - [08/Dec/2020:08:04:29 +0000] "GET /themes/H1ve-theme/static/js/skrollr.min.js HTTP/1.1" 200 0 "http://39.99.166.105:8000/register" "Mozilla/5.0 (Windows NT 6.1; WOW64) AppleWebKit/537.36 (KHTML, like Gecko) Chrome/45.0.2454.101 Safari/537.36"
101.227.139.173 - - [08/Dec/2020:08:04:34 +0000] "GET /themes/H1ve-theme/static/js/vendor/jquery.min.js HTTP/1.1" 200 0 "http://39.99.166.105:8000/users/2" "Mozilla/5.0 (Windows NT 6.1; WOW64) AppleWebKit/537.36 (KHTML, like Gecko) Chrome/45.0.2454.101 Safari/537.36"
61.129.6.174 - - [08/Dec/2020:08:04:35 +0000] "GET /themes/H1ve-theme/static/js/vendor/jquery.min.js HTTP/1.1" 200 0 "http://39.99.166.105:8000/matrix" "Mozilla/5.0 (Windows NT 6.1; WOW64) AppleWebKit/537.36 (KHTML, like Gecko) Chrome/56.0.2924.87 Safari/537.36"
180.97.118.219 - - [08/Dec/2020:08:04:35 +0000] "GET /themes/H1ve-theme/static/js/custom.js HTTP/1.1" 200 0 "http://39.99.166.105:8000/login?next=%2Fchallenges%3F" "Mozilla/5.0 (Windows NT 6.1; WOW64) AppleWebKit/537.36 (KHTML, like Gecko) Chrome/53.0.2785.104 Safari/537.36 Core/1.53.2141.400 QQBrowser/9.5.10219.400"
61.151.207.205 - - [08/Dec/2020:08:04:37 +0000] "GET /themes/H1ve-theme/static/js/vendor/markdown-it.min.js HTTP/1.1" 200 0 "http://39.99.166.105:8000/login?next=%2Fuser%3F" "Mozilla/5.0 (Macintosh; Intel Mac OS X 10_12_4) AppleWebKit/537.36 (KHTML, like Gecko) 			Chrome/55.0.2883.95 Safari/537.36"
61.129.6.225 - - [08/Dec/2020:08:04:40 +0000] "GET /themes/H1ve-theme/static/js/events.js HTTP/1.1" 200 0 "http://39.99.166.105:8000/login?next=%2Fchallenges%3F" "Mozilla/5.0 (Windows NT 6.1; WOW64; Trident/7.0; SLCC2; .NET CLR 2.0.50727; .NET CLR 3.5.30729; .NET CLR 3.0.30729; Media Center PC 6.0; .NET4.0C; .NET4.0E; InfoPath.3; rv:11.0) like Gecko"
61.151.178.236 - - [08/Dec/2020:08:04:43 +0000] "GET /themes/H1ve-theme/static/js/custom.js HTTP/1.1" 200 0 "http://39.99.166.105:8000/login?next=%2Fchallenges%3F" "Mozilla/5.0 (Windows NT 6.1; WOW64; rv:50.0) Gecko/20100101 Firefox/50.0"
101.89.29.92 - - [08/Dec/2020:08:04:49 +0000] "GET /themes/H1ve-theme/static/js/custom.js HTTP/1.1" 200 0 "http://39.99.166.105:8000/register" "Mozilla/5.0 (Windows NT 6.1; WOW64; Trident/7.0; SLCC2; .NET CLR 2.0.50727; .NET CLR 3.5.30729; .NET CLR 3.0.30729; Media Center PC 6.0; .NET4.0C; .NET4.0E; InfoPath.3; rv:11.0) like Gecko"
101.89.239.245 - - [08/Dec/2020:08:04:54 +0000] "GET /themes/H1ve-theme/static/js/vendor/jquery.min.js HTTP/1.1" 200 0 "http://39.99.166.105:8000/users/2" "Mozilla/5.0 (Windows NT 6.1; WOW64) AppleWebKit/537.36 (KHTML, like Gecko) Chrome/56.0.2924.87 Safari/537.36"
61.129.6.225 - - [08/Dec/2020:08:05:00 +0000] "GET /themes/H1ve-theme/static/js/skrollr.min.js HTTP/1.1" 200 0 "http://39.99.166.105:8000/login?next=%2Fchallenges%3F" "Mozilla/5.0 (Windows NT 6.1; WOW64) AppleWebKit/537.36 (KHTML, like Gecko) Chrome/56.0.2924.87 Safari/537.36"
101.89.239.238 - - [08/Dec/2020:08:05:11 +0000] "GET /themes/H1ve-theme/static/js/vendor/bootstrap.bundle.min.js HTTP/1.1" 200 0 "http://39.99.166.105:8000/login?next=%2Fchallenges%3F" "Mozilla/5.0 (Windows NT 6.1; WOW64) AppleWebKit/537.36 (KHTML, like Gecko) Chrome/43.0.2357.124 Safari/537.36"
61.129.6.225 - - [08/Dec/2020:08:05:20 +0000] "GET /themes/H1ve-theme/static/js/custom.js HTTP/1.1" 200 0 "http://39.99.166.105:8000/login?next=%2Fchallenges%3F" "Mozilla/5.0 (Macintosh; Intel Mac OS X 10_12_4) AppleWebKit/537.36 (KHTML, like Gecko) 			Chrome/55.0.2883.95 Safari/537.36"
101.227.139.171 - - [08/Dec/2020:08:05:28 +0000] "GET /themes/H1ve-theme/static/js/vendor/markdown-it.min.js HTTP/1.1" 200 0 "http://39.99.166.105:8000/login" "Mozilla/5.0 (Windows NT 6.1; WOW64) AppleWebKit/537.36 (KHTML, like Gecko) Chrome/53.0.2785.104 Safari/537.36 Core/1.53.2141.400 QQBrowser/9.5.10219.400"
61.129.6.227 - - [08/Dec/2020:08:05:31 +0000] "GET /themes/H1ve-theme/static/js/vendor/markdown-it.min.js HTTP/1.1" 200 0 "http://39.99.166.105:8000/users" "Mozilla/5.0 (Windows NT 6.1; WOW64) AppleWebKit/537.36 (KHTML, like Gecko) Chrome/56.0.2924.87 Safari/537.36"
101.227.139.173 - - [08/Dec/2020:08:05:45 +0000] "GET /themes/H1ve-theme/static/js/vendor/markdown-it.min.js HTTP/1.1" 200 0 "http://39.99.166.105:8000/users/2" "Mozilla/5.0 (Windows NT 6.1; WOW64) AppleWebKit/537.36 (KHTML, like Gecko) Chrome/45.0.2454.101 Safari/537.36"
61.129.6.174 - - [08/Dec/2020:08:05:45 +0000] "GET /themes/H1ve-theme/static/js/vendor/markdown-it.min.js HTTP/1.1" 200 0 "http://39.99.166.105:8000/matrix" "Mozilla/5.0 (Windows NT 6.1; WOW64) AppleWebKit/537.36 (KHTML, like Gecko) Chrome/43.0.2357.124 Safari/537.36"
61.151.207.205 - - [08/Dec/2020:08:05:57 +0000] "GET /themes/H1ve-theme/static/js/vendor/bootstrap.bundle.min.js HTTP/1.1" 200 0 "http://39.99.166.105:8000/login?next=%2Fuser%3F" "Mozilla/5.0 (Windows NT 6.1; WOW64) AppleWebKit/537.36 (KHTML, like Gecko) Chrome/45.0.2454.101 Safari/537.36"
124.128.63.62 - - [08/Dec/2020:08:05:59 +0000] "GET /api/v1/users/me/solves HTTP/1.1" 200 228 "http://39.99.166.105:8000/challenges" "Mozilla/5.0 (Windows NT 10.0; WOW64) AppleWebKit/537.36 (KHTML, like Gecko) Chrome/70.0.3538.25 Safari/537.36 Core/1.70.3823.400 QQBrowser/10.7.4307.400"
124.128.63.62 - - [08/Dec/2020:08:05:59 +0000] "GET /api/v1/challenges HTTP/1.1" 200 245 "http://39.99.166.105:8000/challenges" "Mozilla/5.0 (Windows NT 10.0; WOW64) AppleWebKit/537.36 (KHTML, like Gecko) Chrome/70.0.3538.25 Safari/537.36 Core/1.70.3823.400 QQBrowser/10.7.4307.400"
101.89.239.245 - - [08/Dec/2020:08:06:05 +0000] "GET /themes/H1ve-theme/static/js/vendor/markdown-it.min.js HTTP/1.1" 200 0 "http://39.99.166.105:8000/users/2" "Mozilla/5.0 (Windows NT 6.1; WOW64) AppleWebKit/537.36 (KHTML, like Gecko) Chrome/53.0.2785.104 Safari/537.36 Core/1.53.2141.400 QQBrowser/9.5.10219.400"
101.89.239.238 - - [08/Dec/2020:08:06:12 +0000] "GET /themes/H1ve-theme/static/js/vendor/howler.min.js HTTP/1.1" 200 0 "http://39.99.166.105:8000/login?next=%2Fchallenges%3F" "Mozilla/5.0 (Windows NT 6.1; WOW64; rv:50.0) Gecko/20100101 Firefox/50.0"
101.227.139.171 - - [08/Dec/2020:08:06:49 +0000] "GET /themes/H1ve-theme/static/js/vendor/bootstrap.bundle.min.js HTTP/1.1" 200 0 "http://39.99.166.105:8000/login" "Mozilla/5.0 (Windows NT 6.1; WOW64; Trident/7.0; SLCC2; .NET CLR 2.0.50727; .NET CLR 3.5.30729; .NET CLR 3.0.30729; Media Center PC 6.0; .NET4.0C; .NET4.0E; InfoPath.3; rv:11.0) like Gecko"
61.129.6.227 - - [08/Dec/2020:08:06:52 +0000] "GET /themes/H1ve-theme/static/js/vendor/bootstrap.bundle.min.js HTTP/1.1" 200 0 "http://39.99.166.105:8000/users" "Mozilla/5.0 (Windows NT 6.1; WOW64; rv:50.0) Gecko/20100101 Firefox/50.0"
101.89.239.238 - - [08/Dec/2020:08:06:52 +0000] "GET /themes/H1ve-theme/static/js/vendor/window-controller.js HTTP/1.1" 200 0 "http://39.99.166.105:8000/login?next=%2Fchallenges%3F" "Mozilla/5.0 (Windows NT 6.1; WOW64; Trident/7.0; SLCC2; .NET CLR 2.0.50727; .NET CLR 3.5.30729; .NET CLR 3.0.30729; Media Center PC 6.0; .NET4.0C; .NET4.0E; InfoPath.3; rv:11.0) like Gecko"
61.151.207.205 - - [08/Dec/2020:08:06:58 +0000] "GET /themes/H1ve-theme/static/js/vendor/howler.min.js HTTP/1.1" 200 0 "http://39.99.166.105:8000/login?next=%2Fuser%3F" "Mozilla/5.0 (Macintosh; Intel Mac OS X 10_12_4) AppleWebKit/537.36 (KHTML, like Gecko) 			Chrome/55.0.2883.95 Safari/537.36"
101.227.139.173 - - [08/Dec/2020:08:07:05 +0000] "GET /themes/H1ve-theme/static/js/vendor/bootstrap.bundle.min.js HTTP/1.1" 200 0 "http://39.99.166.105:8000/users/2" "Mozilla/5.0 (Windows NT 6.1; WOW64; rv:50.0) Gecko/20100101 Firefox/50.0"
61.129.6.174 - - [08/Dec/2020:08:07:05 +0000] "GET /themes/H1ve-theme/static/js/vendor/bootstrap.bundle.min.js HTTP/1.1" 200 0 "http://39.99.166.105:8000/matrix" "Mozilla/5.0 (Windows NT 6.1; WOW64; Trident/7.0; SLCC2; .NET CLR 2.0.50727; .NET CLR 3.5.30729; .NET CLR 3.0.30729; Media Center PC 6.0; .NET4.0C; .NET4.0E; InfoPath.3; rv:11.0) like Gecko"
101.89.239.238 - - [08/Dec/2020:08:07:12 +0000] "GET /themes/H1ve-theme/static/js/style.js HTTP/1.1" 200 0 "http://39.99.166.105:8000/login?next=%2Fchallenges%3F" "Mozilla/5.0 (Windows NT 6.1; WOW64; rv:50.0) Gecko/20100101 Firefox/50.0"
101.89.239.245 - - [08/Dec/2020:08:07:26 +0000] "GET /themes/H1ve-theme/static/js/vendor/bootstrap.bundle.min.js HTTP/1.1" 200 0 "http://39.99.166.105:8000/users/2" "Mozilla/5.0 (Windows NT 6.1; WOW64) AppleWebKit/537.36 (KHTML, like Gecko) Chrome/53.0.2785.104 Safari/537.36 Core/1.53.2141.400 QQBrowser/9.5.10219.400"
101.89.239.238 - - [08/Dec/2020:08:07:33 +0000] "GET /themes/H1ve-theme/static/js/utils.js HTTP/1.1" 200 0 "http://39.99.166.105:8000/login?next=%2Fchallenges%3F" "Mozilla/5.0 (Windows NT 6.1; WOW64) AppleWebKit/537.36 (KHTML, like Gecko) Chrome/43.0.2357.124 Safari/537.36"
61.151.207.205 - - [08/Dec/2020:08:07:38 +0000] "GET /themes/H1ve-theme/static/js/vendor/window-controller.js HTTP/1.1" 200 0 "http://39.99.166.105:8000/login?next=%2Fuser%3F" "Mozilla/5.0 (Windows NT 6.1; WOW64) AppleWebKit/537.36 (KHTML, like Gecko) Chrome/56.0.2924.87 Safari/537.36"
101.227.139.171 - - [08/Dec/2020:08:07:50 +0000] "GET /themes/H1ve-theme/static/js/vendor/howler.min.js HTTP/1.1" 200 0 "http://39.99.166.105:8000/login" "Mozilla/5.0 (Windows NT 6.1; WOW64; rv:50.0) Gecko/20100101 Firefox/50.0"
61.129.6.227 - - [08/Dec/2020:08:07:53 +0000] "GET /themes/H1ve-theme/static/js/vendor/howler.min.js HTTP/1.1" 200 0 "http://39.99.166.105:8000/users" "Mozilla/5.0 (Windows NT 6.1; WOW64) AppleWebKit/537.36 (KHTML, like Gecko) Chrome/53.0.2785.104 Safari/537.36 Core/1.53.2141.400 QQBrowser/9.5.10219.400"
101.89.239.238 - - [08/Dec/2020:08:07:53 +0000] "GET /themes/H1ve-theme/static/js/ezq.js HTTP/1.1" 200 0 "http://39.99.166.105:8000/login?next=%2Fchallenges%3F" "Mozilla/5.0 (Windows NT 6.1; WOW64; Trident/7.0; SLCC2; .NET CLR 2.0.50727; .NET CLR 3.5.30729; .NET CLR 3.0.30729; Media Center PC 6.0; .NET4.0C; .NET4.0E; InfoPath.3; rv:11.0) like Gecko"
61.151.207.205 - - [08/Dec/2020:08:07:58 +0000] "GET /themes/H1ve-theme/static/js/style.js HTTP/1.1" 200 0 "http://39.99.166.105:8000/login?next=%2Fuser%3F" "Mozilla/5.0 (Windows NT 6.1; WOW64) AppleWebKit/537.36 (KHTML, like Gecko) Chrome/53.0.2785.104 Safari/537.36 Core/1.53.2141.400 QQBrowser/9.5.10219.400"
61.129.6.174 - - [08/Dec/2020:08:08:05 +0000] "GET /themes/H1ve-theme/static/js/vendor/howler.min.js HTTP/1.1" 200 0 "http://39.99.166.105:8000/matrix" "Mozilla/5.0 (Macintosh; Intel Mac OS X 10_12_4) AppleWebKit/537.36 (KHTML, like Gecko) 			Chrome/55.0.2883.95 Safari/537.36"
101.227.139.173 - - [08/Dec/2020:08:08:05 +0000] "GET /themes/H1ve-theme/static/js/vendor/howler.min.js HTTP/1.1" 200 0 "http://39.99.166.105:8000/users/2" "Mozilla/5.0 (Windows NT 6.1; WOW64) AppleWebKit/537.36 (KHTML, like Gecko) Chrome/45.0.2454.101 Safari/537.36"
101.89.239.238 - - [08/Dec/2020:08:08:13 +0000] "GET /themes/H1ve-theme/static/js/events.js HTTP/1.1" 200 0 "http://39.99.166.105:8000/login?next=%2Fchallenges%3F" "Mozilla/5.0 (Windows NT 6.1; WOW64; rv:50.0) Gecko/20100101 Firefox/50.0"
61.151.207.205 - - [08/Dec/2020:08:08:18 +0000] "GET /themes/H1ve-theme/static/js/utils.js HTTP/1.1" 200 0 "http://39.99.166.105:8000/login?next=%2Fuser%3F" "Mozilla/5.0 (Windows NT 6.1; WOW64) AppleWebKit/537.36 (KHTML, like Gecko) Chrome/56.0.2924.87 Safari/537.36"
101.89.239.245 - - [08/Dec/2020:08:08:26 +0000] "GET /themes/H1ve-theme/static/js/vendor/howler.min.js HTTP/1.1" 200 0 "http://39.99.166.105:8000/users/2" "Mozilla/5.0 (Windows NT 6.1; WOW64) AppleWebKit/537.36 (KHTML, like Gecko) Chrome/45.0.2454.101 Safari/537.36"
101.227.139.171 - - [08/Dec/2020:08:08:30 +0000] "GET /themes/H1ve-theme/static/js/vendor/window-controller.js HTTP/1.1" 200 0 "http://39.99.166.105:8000/login" "Mozilla/5.0 (Windows NT 6.1; WOW64; rv:50.0) Gecko/20100101 Firefox/50.0"
61.129.6.227 - - [08/Dec/2020:08:08:33 +0000] "GET /themes/H1ve-theme/static/js/vendor/window-controller.js HTTP/1.1" 200 0 "http://39.99.166.105:8000/users" "Mozilla/5.0 (Windows NT 6.1; WOW64; rv:50.0) Gecko/20100101 Firefox/50.0"
101.89.239.238 - - [08/Dec/2020:08:08:33 +0000] "GET /themes/H1ve-theme/static/js/skrollr.min.js HTTP/1.1" 200 0 "http://39.99.166.105:8000/login?next=%2Fchallenges%3F" "Mozilla/5.0 (Windows NT 6.1; WOW64) AppleWebKit/537.36 (KHTML, like Gecko) Chrome/56.0.2924.87 Safari/537.36"
61.151.207.205 - - [08/Dec/2020:08:08:38 +0000] "GET /themes/H1ve-theme/static/js/ezq.js HTTP/1.1" 200 0 "http://39.99.166.105:8000/login?next=%2Fuser%3F" "Mozilla/5.0 (Windows NT 6.1; WOW64) AppleWebKit/537.36 (KHTML, like Gecko) Chrome/56.0.2924.87 Safari/537.36"
61.129.6.174 - - [08/Dec/2020:08:08:46 +0000] "GET /themes/H1ve-theme/static/js/vendor/window-controller.js HTTP/1.1" 200 0 "http://39.99.166.105:8000/matrix" "Mozilla/5.0 (Macintosh; Intel Mac OS X 10_12_4) AppleWebKit/537.36 (KHTML, like Gecko) 			Chrome/55.0.2883.95 Safari/537.36"
101.227.139.173 - - [08/Dec/2020:08:08:46 +0000] "GET /themes/H1ve-theme/static/js/vendor/window-controller.js HTTP/1.1" 200 0 "http://39.99.166.105:8000/users/2" "Mozilla/5.0 (Windows NT 6.1; WOW64) AppleWebKit/537.36 (KHTML, like Gecko) Chrome/43.0.2357.124 Safari/537.36"
101.227.139.171 - - [08/Dec/2020:08:08:50 +0000] "GET /themes/H1ve-theme/static/js/style.js HTTP/1.1" 200 0 "http://39.99.166.105:8000/login" "Mozilla/5.0 (Windows NT 6.1; WOW64) AppleWebKit/537.36 (KHTML, like Gecko) Chrome/43.0.2357.124 Safari/537.36"
61.129.6.227 - - [08/Dec/2020:08:08:53 +0000] "GET /themes/H1ve-theme/static/js/style.js HTTP/1.1" 200 0 "http://39.99.166.105:8000/users" "Mozilla/5.0 (Windows NT 6.1; WOW64) AppleWebKit/537.36 (KHTML, like Gecko) Chrome/53.0.2785.104 Safari/537.36 Core/1.53.2141.400 QQBrowser/9.5.10219.400"
101.89.239.238 - - [08/Dec/2020:08:08:53 +0000] "GET /themes/H1ve-theme/static/js/custom.js HTTP/1.1" 200 0 "http://39.99.166.105:8000/login?next=%2Fchallenges%3F" "Mozilla/5.0 (Windows NT 6.1; WOW64) AppleWebKit/537.36 (KHTML, like Gecko) Chrome/56.0.2924.87 Safari/537.36"
61.151.207.205 - - [08/Dec/2020:08:08:58 +0000] "GET /themes/H1ve-theme/static/js/events.js HTTP/1.1" 200 0 "http://39.99.166.105:8000/login?next=%2Fuser%3F" "Mozilla/5.0 (Windows NT 6.1; WOW64) AppleWebKit/537.36 (KHTML, like Gecko) Chrome/45.0.2454.101 Safari/537.36"
61.129.6.174 - - [08/Dec/2020:08:09:06 +0000] "GET /themes/H1ve-theme/static/js/style.js HTTP/1.1" 200 0 "http://39.99.166.105:8000/matrix" "Mozilla/5.0 (Windows NT 6.1; WOW64) AppleWebKit/537.36 (KHTML, like Gecko) Chrome/43.0.2357.124 Safari/537.36"
101.227.139.173 - - [08/Dec/2020:08:09:06 +0000] "GET /themes/H1ve-theme/static/js/style.js HTTP/1.1" 200 0 "http://39.99.166.105:8000/users/2" "Mozilla/5.0 (Windows NT 6.1; WOW64; Trident/7.0; SLCC2; .NET CLR 2.0.50727; .NET CLR 3.5.30729; .NET CLR 3.0.30729; Media Center PC 6.0; .NET4.0C; .NET4.0E; InfoPath.3; rv:11.0) like Gecko"
101.89.239.245 - - [08/Dec/2020:08:09:07 +0000] "GET /themes/H1ve-theme/static/js/vendor/window-controller.js HTTP/1.1" 200 0 "http://39.99.166.105:8000/users/2" "Mozilla/5.0 (Windows NT 6.1; WOW64) AppleWebKit/537.36 (KHTML, like Gecko) Chrome/45.0.2454.101 Safari/537.36"
101.227.139.171 - - [08/Dec/2020:08:09:10 +0000] "GET /themes/H1ve-theme/static/js/utils.js HTTP/1.1" 200 0 "http://39.99.166.105:8000/login" "Mozilla/5.0 (Macintosh; Intel Mac OS X 10_12_4) AppleWebKit/537.36 (KHTML, like Gecko) 			Chrome/55.0.2883.95 Safari/537.36"
61.129.6.227 - - [08/Dec/2020:08:09:13 +0000] "GET /themes/H1ve-theme/static/js/utils.js HTTP/1.1" 200 0 "http://39.99.166.105:8000/users" "Mozilla/5.0 (Windows NT 6.1; WOW64) AppleWebKit/537.36 (KHTML, like Gecko) Chrome/53.0.2785.104 Safari/537.36 Core/1.53.2141.400 QQBrowser/9.5.10219.400"
61.151.207.205 - - [08/Dec/2020:08:09:18 +0000] "GET /themes/H1ve-theme/static/js/skrollr.min.js HTTP/1.1" 200 0 "http://39.99.166.105:8000/login?next=%2Fuser%3F" "Mozilla/5.0 (Windows NT 6.1; WOW64) AppleWebKit/537.36 (KHTML, like Gecko) Chrome/56.0.2924.87 Safari/537.36"
61.129.6.174 - - [08/Dec/2020:08:09:26 +0000] "GET /themes/H1ve-theme/static/js/utils.js HTTP/1.1" 200 0 "http://39.99.166.105:8000/matrix" "Mozilla/5.0 (Windows NT 6.1; WOW64; rv:50.0) Gecko/20100101 Firefox/50.0"
101.227.139.173 - - [08/Dec/2020:08:09:26 +0000] "GET /themes/H1ve-theme/static/js/utils.js HTTP/1.1" 200 0 "http://39.99.166.105:8000/users/2" "Mozilla/5.0 (Macintosh; Intel Mac OS X 10_12_4) AppleWebKit/537.36 (KHTML, like Gecko) 			Chrome/55.0.2883.95 Safari/537.36"
101.89.239.245 - - [08/Dec/2020:08:09:27 +0000] "GET /themes/H1ve-theme/static/js/style.js HTTP/1.1" 200 0 "http://39.99.166.105:8000/users/2" "Mozilla/5.0 (Windows NT 6.1; WOW64; rv:50.0) Gecko/20100101 Firefox/50.0"
101.227.139.171 - - [08/Dec/2020:08:09:30 +0000] "GET /themes/H1ve-theme/static/js/ezq.js HTTP/1.1" 200 0 "http://39.99.166.105:8000/login" "Mozilla/5.0 (Windows NT 6.1; WOW64) AppleWebKit/537.36 (KHTML, like Gecko) Chrome/53.0.2785.104 Safari/537.36 Core/1.53.2141.400 QQBrowser/9.5.10219.400"
61.129.6.227 - - [08/Dec/2020:08:09:33 +0000] "GET /themes/H1ve-theme/static/js/ezq.js HTTP/1.1" 200 0 "http://39.99.166.105:8000/users" "Mozilla/5.0 (Windows NT 6.1; WOW64; rv:50.0) Gecko/20100101 Firefox/50.0"
61.151.207.205 - - [08/Dec/2020:08:09:39 +0000] "GET /themes/H1ve-theme/static/js/custom.js HTTP/1.1" 200 0 "http://39.99.166.105:8000/login?next=%2Fuser%3F" "Mozilla/5.0 (Windows NT 6.1; WOW64; Trident/7.0; SLCC2; .NET CLR 2.0.50727; .NET CLR 3.5.30729; .NET CLR 3.0.30729; Media Center PC 6.0; .NET4.0C; .NET4.0E; InfoPath.3; rv:11.0) like Gecko"
112.224.2.160 - - [08/Dec/2020:08:09:45 +0000] "POST /admin/pages/preview HTTP/1.1" 200 9033 "http://39.99.166.105:8000/admin/pages/1" "Mozilla/5.0 (Windows NT 10.0; Win64; x64) AppleWebKit/537.36 (KHTML, like Gecko) Chrome/87.0.4280.67 Safari/537.36 Edg/87.0.664.55"
112.224.2.160 - - [08/Dec/2020:08:09:46 +0000] "GET /static/user.css HTTP/1.1" 200 0 "http://39.99.166.105:8000/admin/pages/preview" "Mozilla/5.0 (Windows NT 10.0; Win64; x64) AppleWebKit/537.36 (KHTML, like Gecko) Chrome/87.0.4280.67 Safari/537.36 Edg/87.0.664.55"
61.129.6.174 - - [08/Dec/2020:08:09:46 +0000] "GET /themes/H1ve-theme/static/js/ezq.js HTTP/1.1" 200 0 "http://39.99.166.105:8000/matrix" "Mozilla/5.0 (Windows NT 6.1; WOW64) AppleWebKit/537.36 (KHTML, like Gecko) Chrome/43.0.2357.124 Safari/537.36"
101.227.139.173 - - [08/Dec/2020:08:09:46 +0000] "GET /themes/H1ve-theme/static/js/ezq.js HTTP/1.1" 200 0 "http://39.99.166.105:8000/users/2" "Mozilla/5.0 (Windows NT 6.1; WOW64; Trident/7.0; SLCC2; .NET CLR 2.0.50727; .NET CLR 3.5.30729; .NET CLR 3.0.30729; Media Center PC 6.0; .NET4.0C; .NET4.0E; InfoPath.3; rv:11.0) like Gecko"
112.224.2.160 - - [08/Dec/2020:08:09:46 +0000] "GET /themes/H1ve-theme/static/img/favicon.ico HTTP/1.1" 200 0 "http://39.99.166.105:8000/admin/pages/preview" "Mozilla/5.0 (Windows NT 10.0; Win64; x64) AppleWebKit/537.36 (KHTML, like Gecko) Chrome/87.0.4280.67 Safari/537.36 Edg/87.0.664.55"
101.89.239.245 - - [08/Dec/2020:08:09:47 +0000] "GET /themes/H1ve-theme/static/js/utils.js HTTP/1.1" 200 0 "http://39.99.166.105:8000/users/2" "Mozilla/5.0 (Windows NT 6.1; WOW64; rv:50.0) Gecko/20100101 Firefox/50.0"
101.227.139.171 - - [08/Dec/2020:08:09:50 +0000] "GET /themes/H1ve-theme/static/js/events.js HTTP/1.1" 200 0 "http://39.99.166.105:8000/login" "Mozilla/5.0 (Windows NT 6.1; WOW64) AppleWebKit/537.36 (KHTML, like Gecko) Chrome/53.0.2785.104 Safari/537.36 Core/1.53.2141.400 QQBrowser/9.5.10219.400"
112.224.2.160 - - [08/Dec/2020:08:09:52 +0000] "POST /admin/pages/preview HTTP/1.1" 200 9033 "http://39.99.166.105:8000/admin/pages/1" "Mozilla/5.0 (Windows NT 10.0; Win64; x64) AppleWebKit/537.36 (KHTML, like Gecko) Chrome/87.0.4280.67 Safari/537.36 Edg/87.0.664.55"
112.224.2.160 - - [08/Dec/2020:08:09:52 +0000] "GET /static/user.css HTTP/1.1" 200 0 "http://39.99.166.105:8000/admin/pages/preview" "Mozilla/5.0 (Windows NT 10.0; Win64; x64) AppleWebKit/537.36 (KHTML, like Gecko) Chrome/87.0.4280.67 Safari/537.36 Edg/87.0.664.55"
61.129.6.227 - - [08/Dec/2020:08:09:54 +0000] "GET /themes/H1ve-theme/static/js/events.js HTTP/1.1" 200 0 "http://39.99.166.105:8000/users" "Mozilla/5.0 (Windows NT 6.1; WOW64) AppleWebKit/537.36 (KHTML, like Gecko) Chrome/53.0.2785.104 Safari/537.36 Core/1.53.2141.400 QQBrowser/9.5.10219.400"
112.224.2.160 - - [08/Dec/2020:08:09:57 +0000] "GET / HTTP/1.1" 200 9033 "http://39.99.166.105:8000/admin/pages/1" "Mozilla/5.0 (Windows NT 10.0; Win64; x64) AppleWebKit/537.36 (KHTML, like Gecko) Chrome/87.0.4280.67 Safari/537.36 Edg/87.0.664.55"
