223.99.170.130 - - [08/Dec/2020:08:57:52 +0000] "GET /themes/H1ve-theme/static/css/jumbotron.css HTTP/1.1" 200 0 "http://39.99.166.105:8000/" "Mozilla/5.0 (Linux; Android 10; Redmi K30 Pro Zoom Edition Build/QKQ1.191117.002; wv) AppleWebKit/537.36 (KHTML, like Gecko) Version/4.0 Chrome/77.0.3865.120 MQQBrowser/6.2 TBS/045426 Mobile Safari/537.36 V1_AND_SQ_8.4.18_1558_YYB_D A_8041800 QQ/8.4.18.4945 NetType/WIFI WebP/0.3.0 Pixel/1080 StatusBarHeight/97 SimpleUISwitch/1 QQTheme/2921 InMagicWin/0"
223.99.170.130 - - [08/Dec/2020:08:57:52 +0000] "GET /themes/H1ve-theme/static/css/sticky-footer.css HTTP/1.1" 200 0 "http://39.99.166.105:8000/" "Mozilla/5.0 (Linux; Android 10; Redmi K30 Pro Zoom Edition Build/QKQ1.191117.002; wv) AppleWebKit/537.36 (KHTML, like Gecko) Version/4.0 Chrome/77.0.3865.120 MQQBrowser/6.2 TBS/045426 Mobile Safari/537.36 V1_AND_SQ_8.4.18_1558_YYB_D A_8041800 QQ/8.4.18.4945 NetType/WIFI WebP/0.3.0 Pixel/1080 StatusBarHeight/97 SimpleUISwitch/1 QQTheme/2921 InMagicWin/0"
223.99.170.130 - - [08/Dec/2020:08:57:53 +0000] "GET /themes/H1ve-theme/static/css/base.css HTTP/1.1" 200 0 "http://39.99.166.105:8000/" "Mozilla/5.0 (Linux; Android 10; Redmi K30 Pro Zoom Edition Build/QKQ1.191117.002; wv) AppleWebKit/537.36 (KHTML, like Gecko) Version/4.0 Chrome/77.0.3865.120 MQQBrowser/6.2 TBS/045426 Mobile Safari/537.36 V1_AND_SQ_8.4.18_1558_YYB_D A_8041800 QQ/8.4.18.4945 NetType/WIFI WebP/0.3.0 Pixel/1080 StatusBarHeight/97 SimpleUISwitch/1 QQTheme/2921 InMagicWin/0"
223.104.194.30 - - [08/Dec/2020:08:57:53 +0000] "GET /themes/H1ve-theme/static/js/vendor/nunjucks.min.js HTTP/1.1" 200 0 "http://39.99.166.105:8000/" "Mozilla/5.0 (Linux; Android 9; Redmi Note 7 Pro Build/PKQ1.181203.001; wv) AppleWebKit/537.36 (KHTML, like Gecko) Version/4.0 Chrome/77.0.3865.120 MQQBrowser/6.2 TBS/045410 Mobile Safari/537.36 V1_AND_SQ_8.4.18_1558_YYB_D N_8041021 QQ/8.4.18.4945 NetType/4G WebP/0.3.0 Pixel/1080 StatusBarHeight/80 SimpleUISwitch/0 QQTheme/1000 InMagicWin/0"
223.99.170.130 - - [08/Dec/2020:08:57:53 +0000] "GET /themes/H1ve-theme/static/css/gfonts.css HTTP/1.1" 200 0 "http://39.99.166.105:8000/" "Mozilla/5.0 (Linux; Android 10; Redmi K30 Pro Zoom Edition Build/QKQ1.191117.002; wv) AppleWebKit/537.36 (KHTML, like Gecko) Version/4.0 Chrome/77.0.3865.120 MQQBrowser/6.2 TBS/045426 Mobile Safari/537.36 V1_AND_SQ_8.4.18_1558_YYB_D A_8041800 QQ/8.4.18.4945 NetType/WIFI WebP/0.3.0 Pixel/1080 StatusBarHeight/97 SimpleUISwitch/1 QQTheme/2921 InMagicWin/0"
223.99.170.130 - - [08/Dec/2020:08:57:53 +0000] "GET /themes/H1ve-theme/static/css/linea-arrows.min.css HTTP/1.1" 200 0 "http://39.99.166.105:8000/" "Mozilla/5.0 (Linux; Android 10; Redmi K30 Pro Zoom Edition Build/QKQ1.191117.002; wv) AppleWebKit/537.36 (KHTML, like Gecko) Version/4.0 Chrome/77.0.3865.120 MQQBrowser/6.2 TBS/045426 Mobile Safari/537.36 V1_AND_SQ_8.4.18_1558_YYB_D A_8041800 QQ/8.4.18.4945 NetType/WIFI WebP/0.3.0 Pixel/1080 StatusBarHeight/97 SimpleUISwitch/1 QQTheme/2921 InMagicWin/0"
223.99.170.130 - - [08/Dec/2020:08:57:53 +0000] "GET /themes/H1ve-theme/static/css/linea-basic.min.css HTTP/1.1" 200 0 "http://39.99.166.105:8000/" "Mozilla/5.0 (Linux; Android 10; Redmi K30 Pro Zoom Edition Build/QKQ1.191117.002; wv) AppleWebKit/537.36 (KHTML, like Gecko) Version/4.0 Chrome/77.0.3865.120 MQQBrowser/6.2 TBS/045426 Mobile Safari/537.36 V1_AND_SQ_8.4.18_1558_YYB_D A_8041800 QQ/8.4.18.4945 NetType/WIFI WebP/0.3.0 Pixel/1080 StatusBarHeight/97 SimpleUISwitch/1 QQTheme/2921 InMagicWin/0"
223.99.170.130 - - [08/Dec/2020:08:57:53 +0000] "GET /static/user.css HTTP/1.1" 200 0 "http://39.99.166.105:8000/" "Mozilla/5.0 (Linux; Android 10; Redmi K30 Pro Zoom Edition Build/QKQ1.191117.002; wv) AppleWebKit/537.36 (KHTML, like Gecko) Version/4.0 Chrome/77.0.3865.120 MQQBrowser/6.2 TBS/045426 Mobile Safari/537.36 V1_AND_SQ_8.4.18_1558_YYB_D A_8041800 QQ/8.4.18.4945 NetType/WIFI WebP/0.3.0 Pixel/1080 StatusBarHeight/97 SimpleUISwitch/1 QQTheme/2921 InMagicWin/0"
223.99.170.130 - - [08/Dec/2020:08:57:53 +0000] "GET /themes/H1ve-theme/static/css/vendor/lato.css HTTP/1.1" 200 0 "http://39.99.166.105:8000/" "Mozilla/5.0 (Linux; Android 10; Redmi K30 Pro Zoom Edition Build/QKQ1.191117.002; wv) AppleWebKit/537.36 (KHTML, like Gecko) Version/4.0 Chrome/77.0.3865.120 MQQBrowser/6.2 TBS/045426 Mobile Safari/537.36 V1_AND_SQ_8.4.18_1558_YYB_D A_8041800 QQ/8.4.18.4945 NetType/WIFI WebP/0.3.0 Pixel/1080 StatusBarHeight/97 SimpleUISwitch/1 QQTheme/2921 InMagicWin/0"
223.99.170.130 - - [08/Dec/2020:08:57:53 +0000] "GET /themes/H1ve-theme/static/js/vendor/promise-polyfill.min.js HTTP/1.1" 200 0 "http://39.99.166.105:8000/" "Mozilla/5.0 (Linux; Android 10; Redmi K30 Pro Zoom Edition Build/QKQ1.191117.002; wv) AppleWebKit/537.36 (KHTML, like Gecko) Version/4.0 Chrome/77.0.3865.120 MQQBrowser/6.2 TBS/045426 Mobile Safari/537.36 V1_AND_SQ_8.4.18_1558_YYB_D A_8041800 QQ/8.4.18.4945 NetType/WIFI WebP/0.3.0 Pixel/1080 StatusBarHeight/97 SimpleUISwitch/1 QQTheme/2921 InMagicWin/0"
223.99.170.130 - - [08/Dec/2020:08:57:53 +0000] "GET /themes/H1ve-theme/static/js/vendor/eventsource.min.js HTTP/1.1" 200 0 "http://39.99.166.105:8000/" "Mozilla/5.0 (Linux; Android 10; Redmi K30 Pro Zoom Edition Build/QKQ1.191117.002; wv) AppleWebKit/537.36 (KHTML, like Gecko) Version/4.0 Chrome/77.0.3865.120 MQQBrowser/6.2 TBS/045426 Mobile Safari/537.36 V1_AND_SQ_8.4.18_1558_YYB_D A_8041800 QQ/8.4.18.4945 NetType/WIFI WebP/0.3.0 Pixel/1080 StatusBarHeight/97 SimpleUISwitch/1 QQTheme/2921 InMagicWin/0"
223.99.170.130 - - [08/Dec/2020:08:57:54 +0000] "GET /themes/H1ve-theme/static/js/vendor/fetch.min.js HTTP/1.1" 200 0 "http://39.99.166.105:8000/" "Mozilla/5.0 (Linux; Android 10; Redmi K30 Pro Zoom Edition Build/QKQ1.191117.002; wv) AppleWebKit/537.36 (KHTML, like Gecko) Version/4.0 Chrome/77.0.3865.120 MQQBrowser/6.2 TBS/045426 Mobile Safari/537.36 V1_AND_SQ_8.4.18_1558_YYB_D A_8041800 QQ/8.4.18.4945 NetType/WIFI WebP/0.3.0 Pixel/1080 StatusBarHeight/97 SimpleUISwitch/1 QQTheme/2921 InMagicWin/0"
223.99.170.130 - - [08/Dec/2020:08:57:54 +0000] "GET /themes/H1ve-theme/static/js/CTFd.js HTTP/1.1" 200 0 "http://39.99.166.105:8000/" "Mozilla/5.0 (Linux; Android 10; Redmi K30 Pro Zoom Edition Build/QKQ1.191117.002; wv) AppleWebKit/537.36 (KHTML, like Gecko) Version/4.0 Chrome/77.0.3865.120 MQQBrowser/6.2 TBS/045426 Mobile Safari/537.36 V1_AND_SQ_8.4.18_1558_YYB_D A_8041800 QQ/8.4.18.4945 NetType/WIFI WebP/0.3.0 Pixel/1080 StatusBarHeight/97 SimpleUISwitch/1 QQTheme/2921 InMagicWin/0"
223.99.170.130 - - [08/Dec/2020:08:57:54 +0000] "GET /themes/H1ve-theme/static/js/vendor/moment.min.js HTTP/1.1" 200 0 "http://39.99.166.105:8000/" "Mozilla/5.0 (Linux; Android 10; Redmi K30 Pro Zoom Edition Build/QKQ1.191117.002; wv) AppleWebKit/537.36 (KHTML, like Gecko) Version/4.0 Chrome/77.0.3865.120 MQQBrowser/6.2 TBS/045426 Mobile Safari/537.36 V1_AND_SQ_8.4.18_1558_YYB_D A_8041800 QQ/8.4.18.4945 NetType/WIFI WebP/0.3.0 Pixel/1080 StatusBarHeight/97 SimpleUISwitch/1 QQTheme/2921 InMagicWin/0"
223.104.194.30 - - [08/Dec/2020:08:57:55 +0000] "GET /themes/H1ve-theme/static/js/vendor/bootstrap.bundle.min.js HTTP/1.1" 200 0 "http://39.99.166.105:8000/" "Mozilla/5.0 (Linux; Android 9; Redmi Note 7 Pro Build/PKQ1.181203.001; wv) AppleWebKit/537.36 (KHTML, like Gecko) Version/4.0 Chrome/77.0.3865.120 MQQBrowser/6.2 TBS/045410 Mobile Safari/537.36 V1_AND_SQ_8.4.18_1558_YYB_D N_8041021 QQ/8.4.18.4945 NetType/4G WebP/0.3.0 Pixel/1080 StatusBarHeight/80 SimpleUISwitch/0 QQTheme/1000 InMagicWin/0"
223.99.170.130 - - [08/Dec/2020:08:57:56 +0000] "GET /themes/H1ve-theme/static/js/vendor/nunjucks.min.js HTTP/1.1" 200 0 "http://39.99.166.105:8000/" "Mozilla/5.0 (Linux; Android 10; Redmi K30 Pro Zoom Edition Build/QKQ1.191117.002; wv) AppleWebKit/537.36 (KHTML, like Gecko) Version/4.0 Chrome/77.0.3865.120 MQQBrowser/6.2 TBS/045426 Mobile Safari/537.36 V1_AND_SQ_8.4.18_1558_YYB_D A_8041800 QQ/8.4.18.4945 NetType/WIFI WebP/0.3.0 Pixel/1080 StatusBarHeight/97 SimpleUISwitch/1 QQTheme/2921 InMagicWin/0"
223.99.170.130 - - [08/Dec/2020:08:57:56 +0000] "GET /themes/H1ve-theme/static/js/vendor/jquery.min.js HTTP/1.1" 200 0 "http://39.99.166.105:8000/" "Mozilla/5.0 (Linux; Android 10; Redmi K30 Pro Zoom Edition Build/QKQ1.191117.002; wv) AppleWebKit/537.36 (KHTML, like Gecko) Version/4.0 Chrome/77.0.3865.120 MQQBrowser/6.2 TBS/045426 Mobile Safari/537.36 V1_AND_SQ_8.4.18_1558_YYB_D A_8041800 QQ/8.4.18.4945 NetType/WIFI WebP/0.3.0 Pixel/1080 StatusBarHeight/97 SimpleUISwitch/1 QQTheme/2921 InMagicWin/0"
223.104.194.30 - - [08/Dec/2020:08:57:56 +0000] "GET /themes/H1ve-theme/static/js/vendor/markdown-it.min.js HTTP/1.1" 200 0 "http://39.99.166.105:8000/" "Mozilla/5.0 (Linux; Android 9; Redmi Note 7 Pro Build/PKQ1.181203.001; wv) AppleWebKit/537.36 (KHTML, like Gecko) Version/4.0 Chrome/77.0.3865.120 MQQBrowser/6.2 TBS/045410 Mobile Safari/537.36 V1_AND_SQ_8.4.18_1558_YYB_D N_8041021 QQ/8.4.18.4945 NetType/4G WebP/0.3.0 Pixel/1080 StatusBarHeight/80 SimpleUISwitch/0 QQTheme/1000 InMagicWin/0"
223.99.170.130 - - [08/Dec/2020:08:57:57 +0000] "GET /themes/H1ve-theme/static/img/h1ve.png HTTP/1.1" 200 0 "http://39.99.166.105:8000/" "Mozilla/5.0 (Linux; Android 10; Redmi K30 Pro Zoom Edition Build/QKQ1.191117.002; wv) AppleWebKit/537.36 (KHTML, like Gecko) Version/4.0 Chrome/77.0.3865.120 MQQBrowser/6.2 TBS/045426 Mobile Safari/537.36 V1_AND_SQ_8.4.18_1558_YYB_D A_8041800 QQ/8.4.18.4945 NetType/WIFI WebP/0.3.0 Pixel/1080 StatusBarHeight/97 SimpleUISwitch/1 QQTheme/2921 InMagicWin/0"
223.99.170.130 - - [08/Dec/2020:08:57:58 +0000] "GET /themes/H1ve-theme/static/js/vendor/markdown-it.min.js HTTP/1.1" 200 0 "http://39.99.166.105:8000/" "Mozilla/5.0 (Linux; Android 10; Redmi K30 Pro Zoom Edition Build/QKQ1.191117.002; wv) AppleWebKit/537.36 (KHTML, like Gecko) Version/4.0 Chrome/77.0.3865.120 MQQBrowser/6.2 TBS/045426 Mobile Safari/537.36 V1_AND_SQ_8.4.18_1558_YYB_D A_8041800 QQ/8.4.18.4945 NetType/WIFI WebP/0.3.0 Pixel/1080 StatusBarHeight/97 SimpleUISwitch/1 QQTheme/2921 InMagicWin/0"
223.99.170.130 - - [08/Dec/2020:08:57:58 +0000] "GET /themes/H1ve-theme/static/css/vendor/font-awesome/fontawesome-all.min.css HTTP/1.1" 200 0 "http://39.99.166.105:8000/" "Mozilla/5.0 (Linux; Android 10; Redmi K30 Pro Zoom Edition Build/QKQ1.191117.002; wv) AppleWebKit/537.36 (KHTML, like Gecko) Version/4.0 Chrome/77.0.3865.120 MQQBrowser/6.2 TBS/045426 Mobile Safari/537.36 V1_AND_SQ_8.4.18_1558_YYB_D A_8041800 QQ/8.4.18.4945 NetType/WIFI WebP/0.3.0 Pixel/1080 StatusBarHeight/97 SimpleUISwitch/1 QQTheme/2921 InMagicWin/0"
223.104.194.30 - - [08/Dec/2020:08:57:59 +0000] "GET /themes/H1ve-theme/static/js/vendor/howler.min.js HTTP/1.1" 200 0 "http://39.99.166.105:8000/" "Mozilla/5.0 (Linux; Android 9; Redmi Note 7 Pro Build/PKQ1.181203.001; wv) AppleWebKit/537.36 (KHTML, like Gecko) Version/4.0 Chrome/77.0.3865.120 MQQBrowser/6.2 TBS/045410 Mobile Safari/537.36 V1_AND_SQ_8.4.18_1558_YYB_D N_8041021 QQ/8.4.18.4945 NetType/4G WebP/0.3.0 Pixel/1080 StatusBarHeight/80 SimpleUISwitch/0 QQTheme/1000 InMagicWin/0"
222.173.12.58 - - [08/Dec/2020:08:58:00 +0000] "GET /api/v1/users/me/solves HTTP/1.1" 200 572 "http://39.99.166.105:8000/challenges" "Mozilla/5.0 (Windows NT 10.0; Win64; x64) AppleWebKit/537.36 (KHTML, like Gecko) Chrome/87.0.4280.67 Safari/537.36 Edg/87.0.664.55"
222.173.12.58 - - [08/Dec/2020:08:58:00 +0000] "GET /api/v1/challenges HTTP/1.1" 200 488 "http://39.99.166.105:8000/challenges" "Mozilla/5.0 (Windows NT 10.0; Win64; x64) AppleWebKit/537.36 (KHTML, like Gecko) Chrome/87.0.4280.67 Safari/537.36 Edg/87.0.664.55"
223.99.170.130 - - [08/Dec/2020:08:58:00 +0000] "GET /themes/H1ve-theme/static/js/vendor/bootstrap.bundle.min.js HTTP/1.1" 200 0 "http://39.99.166.105:8000/" "Mozilla/5.0 (Linux; Android 10; Redmi K30 Pro Zoom Edition Build/QKQ1.191117.002; wv) AppleWebKit/537.36 (KHTML, like Gecko) Version/4.0 Chrome/77.0.3865.120 MQQBrowser/6.2 TBS/045426 Mobile Safari/537.36 V1_AND_SQ_8.4.18_1558_YYB_D A_8041800 QQ/8.4.18.4945 NetType/WIFI WebP/0.3.0 Pixel/1080 StatusBarHeight/97 SimpleUISwitch/1 QQTheme/2921 InMagicWin/0"
223.99.170.130 - - [08/Dec/2020:08:58:01 +0000] "GET /themes/H1ve-theme/static/css/vendor/bootstrap.min.css HTTP/1.1" 200 0 "http://39.99.166.105:8000/" "Mozilla/5.0 (Linux; Android 10; Redmi K30 Pro Zoom Edition Build/QKQ1.191117.002; wv) AppleWebKit/537.36 (KHTML, like Gecko) Version/4.0 Chrome/77.0.3865.120 MQQBrowser/6.2 TBS/045426 Mobile Safari/537.36 V1_AND_SQ_8.4.18_1558_YYB_D A_8041800 QQ/8.4.18.4945 NetType/WIFI WebP/0.3.0 Pixel/1080 StatusBarHeight/97 SimpleUISwitch/1 QQTheme/2921 InMagicWin/0"
223.104.194.30 - - [08/Dec/2020:08:58:01 +0000] "GET /themes/H1ve-theme/static/js/vendor/window-controller.js HTTP/1.1" 200 0 "http://39.99.166.105:8000/" "Mozilla/5.0 (Linux; Android 9; Redmi Note 7 Pro Build/PKQ1.181203.001; wv) AppleWebKit/537.36 (KHTML, like Gecko) Version/4.0 Chrome/77.0.3865.120 MQQBrowser/6.2 TBS/045410 Mobile Safari/537.36 V1_AND_SQ_8.4.18_1558_YYB_D N_8041021 QQ/8.4.18.4945 NetType/4G WebP/0.3.0 Pixel/1080 StatusBarHeight/80 SimpleUISwitch/0 QQTheme/1000 InMagicWin/0"
223.104.194.30 - - [08/Dec/2020:08:58:01 +0000] "GET /themes/H1ve-theme/static/js/style.js HTTP/1.1" 200 0 "http://39.99.166.105:8000/" "Mozilla/5.0 (Linux; Android 9; Redmi Note 7 Pro Build/PKQ1.181203.001; wv) AppleWebKit/537.36 (KHTML, like Gecko) Version/4.0 Chrome/77.0.3865.120 MQQBrowser/6.2 TBS/045410 Mobile Safari/537.36 V1_AND_SQ_8.4.18_1558_YYB_D N_8041021 QQ/8.4.18.4945 NetType/4G WebP/0.3.0 Pixel/1080 StatusBarHeight/80 SimpleUISwitch/0 QQTheme/1000 InMagicWin/0"
223.99.170.130 - - [08/Dec/2020:08:58:01 +0000] "GET /themes/H1ve-theme/static/js/vendor/howler.min.js HTTP/1.1" 200 0 "http://39.99.166.105:8000/" "Mozilla/5.0 (Linux; Android 10; Redmi K30 Pro Zoom Edition Build/QKQ1.191117.002; wv) AppleWebKit/537.36 (KHTML, like Gecko) Version/4.0 Chrome/77.0.3865.120 MQQBrowser/6.2 TBS/045426 Mobile Safari/537.36 V1_AND_SQ_8.4.18_1558_YYB_D A_8041800 QQ/8.4.18.4945 NetType/WIFI WebP/0.3.0 Pixel/1080 StatusBarHeight/97 SimpleUISwitch/1 QQTheme/2921 InMagicWin/0"
223.104.194.30 - - [08/Dec/2020:08:58:01 +0000] "GET /themes/H1ve-theme/static/js/utils.js HTTP/1.1" 200 0 "http://39.99.166.105:8000/" "Mozilla/5.0 (Linux; Android 9; Redmi Note 7 Pro Build/PKQ1.181203.001; wv) AppleWebKit/537.36 (KHTML, like Gecko) Version/4.0 Chrome/77.0.3865.120 MQQBrowser/6.2 TBS/045410 Mobile Safari/537.36 V1_AND_SQ_8.4.18_1558_YYB_D N_8041021 QQ/8.4.18.4945 NetType/4G WebP/0.3.0 Pixel/1080 StatusBarHeight/80 SimpleUISwitch/0 QQTheme/1000 InMagicWin/0"
223.104.194.30 - - [08/Dec/2020:08:58:01 +0000] "GET /themes/H1ve-theme/static/js/ezq.js HTTP/1.1" 200 0 "http://39.99.166.105:8000/" "Mozilla/5.0 (Linux; Android 9; Redmi Note 7 Pro Build/PKQ1.181203.001; wv) AppleWebKit/537.36 (KHTML, like Gecko) Version/4.0 Chrome/77.0.3865.120 MQQBrowser/6.2 TBS/045410 Mobile Safari/537.36 V1_AND_SQ_8.4.18_1558_YYB_D N_8041021 QQ/8.4.18.4945 NetType/4G WebP/0.3.0 Pixel/1080 StatusBarHeight/80 SimpleUISwitch/0 QQTheme/1000 InMagicWin/0"
223.104.194.30 - - [08/Dec/2020:08:58:01 +0000] "GET /themes/H1ve-theme/static/js/events.js HTTP/1.1" 200 0 "http://39.99.166.105:8000/" "Mozilla/5.0 (Linux; Android 9; Redmi Note 7 Pro Build/PKQ1.181203.001; wv) AppleWebKit/537.36 (KHTML, like Gecko) Version/4.0 Chrome/77.0.3865.120 MQQBrowser/6.2 TBS/045410 Mobile Safari/537.36 V1_AND_SQ_8.4.18_1558_YYB_D N_8041021 QQ/8.4.18.4945 NetType/4G WebP/0.3.0 Pixel/1080 StatusBarHeight/80 SimpleUISwitch/0 QQTheme/1000 InMagicWin/0"
223.104.194.30 - - [08/Dec/2020:08:58:01 +0000] "GET /themes/H1ve-theme/static/js/skrollr.min.js HTTP/1.1" 200 0 "http://39.99.166.105:8000/" "Mozilla/5.0 (Linux; Android 9; Redmi Note 7 Pro Build/PKQ1.181203.001; wv) AppleWebKit/537.36 (KHTML, like Gecko) Version/4.0 Chrome/77.0.3865.120 MQQBrowser/6.2 TBS/045410 Mobile Safari/537.36 V1_AND_SQ_8.4.18_1558_YYB_D N_8041021 QQ/8.4.18.4945 NetType/4G WebP/0.3.0 Pixel/1080 StatusBarHeight/80 SimpleUISwitch/0 QQTheme/1000 InMagicWin/0"
223.99.170.130 - - [08/Dec/2020:08:58:02 +0000] "GET /themes/H1ve-theme/static/js/vendor/window-controller.js HTTP/1.1" 200 0 "http://39.99.166.105:8000/" "Mozilla/5.0 (Linux; Android 10; Redmi K30 Pro Zoom Edition Build/QKQ1.191117.002; wv) AppleWebKit/537.36 (KHTML, like Gecko) Version/4.0 Chrome/77.0.3865.120 MQQBrowser/6.2 TBS/045426 Mobile Safari/537.36 V1_AND_SQ_8.4.18_1558_YYB_D A_8041800 QQ/8.4.18.4945 NetType/WIFI WebP/0.3.0 Pixel/1080 StatusBarHeight/97 SimpleUISwitch/1 QQTheme/2921 InMagicWin/0"
223.104.194.30 - - [08/Dec/2020:08:58:02 +0000] "GET /themes/H1ve-theme/static/js/custom.js HTTP/1.1" 200 0 "http://39.99.166.105:8000/" "Mozilla/5.0 (Linux; Android 9; Redmi Note 7 Pro Build/PKQ1.181203.001; wv) AppleWebKit/537.36 (KHTML, like Gecko) Version/4.0 Chrome/77.0.3865.120 MQQBrowser/6.2 TBS/045410 Mobile Safari/537.36 V1_AND_SQ_8.4.18_1558_YYB_D N_8041021 QQ/8.4.18.4945 NetType/4G WebP/0.3.0 Pixel/1080 StatusBarHeight/80 SimpleUISwitch/0 QQTheme/1000 InMagicWin/0"
223.99.170.130 - - [08/Dec/2020:08:58:02 +0000] "GET /themes/H1ve-theme/static/js/style.js HTTP/1.1" 200 0 "http://39.99.166.105:8000/" "Mozilla/5.0 (Linux; Android 10; Redmi K30 Pro Zoom Edition Build/QKQ1.191117.002; wv) AppleWebKit/537.36 (KHTML, like Gecko) Version/4.0 Chrome/77.0.3865.120 MQQBrowser/6.2 TBS/045426 Mobile Safari/537.36 V1_AND_SQ_8.4.18_1558_YYB_D A_8041800 QQ/8.4.18.4945 NetType/WIFI WebP/0.3.0 Pixel/1080 StatusBarHeight/97 SimpleUISwitch/1 QQTheme/2921 InMagicWin/0"
223.99.170.130 - - [08/Dec/2020:08:58:02 +0000] "GET /themes/H1ve-theme/static/js/utils.js HTTP/1.1" 200 0 "http://39.99.166.105:8000/" "Mozilla/5.0 (Linux; Android 10; Redmi K30 Pro Zoom Edition Build/QKQ1.191117.002; wv) AppleWebKit/537.36 (KHTML, like Gecko) Version/4.0 Chrome/77.0.3865.120 MQQBrowser/6.2 TBS/045426 Mobile Safari/537.36 V1_AND_SQ_8.4.18_1558_YYB_D A_8041800 QQ/8.4.18.4945 NetType/WIFI WebP/0.3.0 Pixel/1080 StatusBarHeight/97 SimpleUISwitch/1 QQTheme/2921 InMagicWin/0"
223.99.170.130 - - [08/Dec/2020:08:58:02 +0000] "GET /themes/H1ve-theme/static/js/ezq.js HTTP/1.1" 200 0 "http://39.99.166.105:8000/" "Mozilla/5.0 (Linux; Android 10; Redmi K30 Pro Zoom Edition Build/QKQ1.191117.002; wv) AppleWebKit/537.36 (KHTML, like Gecko) Version/4.0 Chrome/77.0.3865.120 MQQBrowser/6.2 TBS/045426 Mobile Safari/537.36 V1_AND_SQ_8.4.18_1558_YYB_D A_8041800 QQ/8.4.18.4945 NetType/WIFI WebP/0.3.0 Pixel/1080 StatusBarHeight/97 SimpleUISwitch/1 QQTheme/2921 InMagicWin/0"
223.99.170.130 - - [08/Dec/2020:08:58:02 +0000] "GET /themes/H1ve-theme/static/js/events.js HTTP/1.1" 200 0 "http://39.99.166.105:8000/" "Mozilla/5.0 (Linux; Android 10; Redmi K30 Pro Zoom Edition Build/QKQ1.191117.002; wv) AppleWebKit/537.36 (KHTML, like Gecko) Version/4.0 Chrome/77.0.3865.120 MQQBrowser/6.2 TBS/045426 Mobile Safari/537.36 V1_AND_SQ_8.4.18_1558_YYB_D A_8041800 QQ/8.4.18.4945 NetType/WIFI WebP/0.3.0 Pixel/1080 StatusBarHeight/97 SimpleUISwitch/1 QQTheme/2921 InMagicWin/0"
223.99.170.130 - - [08/Dec/2020:08:58:02 +0000] "GET /themes/H1ve-theme/static/css/yellow.css HTTP/1.1" 200 0 "http://39.99.166.105:8000/" "Mozilla/5.0 (Linux; Android 10; Redmi K30 Pro Zoom Edition Build/QKQ1.191117.002; wv) AppleWebKit/537.36 (KHTML, like Gecko) Version/4.0 Chrome/77.0.3865.120 MQQBrowser/6.2 TBS/045426 Mobile Safari/537.36 V1_AND_SQ_8.4.18_1558_YYB_D A_8041800 QQ/8.4.18.4945 NetType/WIFI WebP/0.3.0 Pixel/1080 StatusBarHeight/97 SimpleUISwitch/1 QQTheme/2921 InMagicWin/0"
223.99.170.130 - - [08/Dec/2020:08:58:02 +0000] "GET /themes/H1ve-theme/static/js/skrollr.min.js HTTP/1.1" 200 0 "http://39.99.166.105:8000/" "Mozilla/5.0 (Linux; Android 10; Redmi K30 Pro Zoom Edition Build/QKQ1.191117.002; wv) AppleWebKit/537.36 (KHTML, like Gecko) Version/4.0 Chrome/77.0.3865.120 MQQBrowser/6.2 TBS/045426 Mobile Safari/537.36 V1_AND_SQ_8.4.18_1558_YYB_D A_8041800 QQ/8.4.18.4945 NetType/WIFI WebP/0.3.0 Pixel/1080 StatusBarHeight/97 SimpleUISwitch/1 QQTheme/2921 InMagicWin/0"
223.99.170.130 - - [08/Dec/2020:08:58:03 +0000] "GET /themes/H1ve-theme/static/js/custom.js HTTP/1.1" 200 0 "http://39.99.166.105:8000/" "Mozilla/5.0 (Linux; Android 10; Redmi K30 Pro Zoom Edition Build/QKQ1.191117.002; wv) AppleWebKit/537.36 (KHTML, like Gecko) Version/4.0 Chrome/77.0.3865.120 MQQBrowser/6.2 TBS/045426 Mobile Safari/537.36 V1_AND_SQ_8.4.18_1558_YYB_D A_8041800 QQ/8.4.18.4945 NetType/WIFI WebP/0.3.0 Pixel/1080 StatusBarHeight/97 SimpleUISwitch/1 QQTheme/2921 InMagicWin/0"
223.99.170.130 - - [08/Dec/2020:08:58:03 +0000] "GET /themes/H1ve-theme/static/fonts/linea-arrows-10.woff HTTP/1.1" 200 0 "http://39.99.166.105:8000/themes/H1ve-theme/static/css/linea-arrows.min.css" "Mozilla/5.0 (Linux; Android 10; Redmi K30 Pro Zoom Edition Build/QKQ1.191117.002; wv) AppleWebKit/537.36 (KHTML, like Gecko) Version/4.0 Chrome/77.0.3865.120 MQQBrowser/6.2 TBS/045426 Mobile Safari/537.36 V1_AND_SQ_8.4.18_1558_YYB_D A_8041800 QQ/8.4.18.4945 NetType/WIFI WebP/0.3.0 Pixel/1080 StatusBarHeight/97 SimpleUISwitch/1 QQTheme/2921 InMagicWin/0"
223.99.170.130 - - [08/Dec/2020:08:58:03 +0000] "GET /themes/H1ve-theme/static/css/fonts/S6uyw4BMUTPHjx4wXiWtFCc.woff2 HTTP/1.1" 200 0 "http://39.99.166.105:8000/themes/H1ve-theme/static/css/gfonts.css" "Mozilla/5.0 (Linux; Android 10; Redmi K30 Pro Zoom Edition Build/QKQ1.191117.002; wv) AppleWebKit/537.36 (KHTML, like Gecko) Version/4.0 Chrome/77.0.3865.120 MQQBrowser/6.2 TBS/045426 Mobile Safari/537.36 V1_AND_SQ_8.4.18_1558_YYB_D A_8041800 QQ/8.4.18.4945 NetType/WIFI WebP/0.3.0 Pixel/1080 StatusBarHeight/97 SimpleUISwitch/1 QQTheme/2921 InMagicWin/0"
223.99.170.130 - - [08/Dec/2020:08:58:03 +0000] "GET /themes/H1ve-theme/static/css/fonts/yMJWMIlzdpvBhQQL_QJIVDh2qtBTWFHy.woff2 HTTP/1.1" 200 0 "http://39.99.166.105:8000/themes/H1ve-theme/static/css/gfonts.css" "Mozilla/5.0 (Linux; Android 10; Redmi K30 Pro Zoom Edition Build/QKQ1.191117.002; wv) AppleWebKit/537.36 (KHTML, like Gecko) Version/4.0 Chrome/77.0.3865.120 MQQBrowser/6.2 TBS/045426 Mobile Safari/537.36 V1_AND_SQ_8.4.18_1558_YYB_D A_8041800 QQ/8.4.18.4945 NetType/WIFI WebP/0.3.0 Pixel/1080 StatusBarHeight/97 SimpleUISwitch/1 QQTheme/2921 InMagicWin/0"
223.99.170.130 - - [08/Dec/2020:08:58:03 +0000] "GET /themes/H1ve-theme/static/css/fonts/yMJWMIlzdpvBhQQL_QIAUjh2qtBTWFHy.woff2 HTTP/1.1" 200 0 "http://39.99.166.105:8000/themes/H1ve-theme/static/css/gfonts.css" "Mozilla/5.0 (Linux; Android 10; Redmi K30 Pro Zoom Edition Build/QKQ1.191117.002; wv) AppleWebKit/537.36 (KHTML, like Gecko) Version/4.0 Chrome/77.0.3865.120 MQQBrowser/6.2 TBS/045426 Mobile Safari/537.36 V1_AND_SQ_8.4.18_1558_YYB_D A_8041800 QQ/8.4.18.4945 NetType/WIFI WebP/0.3.0 Pixel/1080 StatusBarHeight/97 SimpleUISwitch/1 QQTheme/2921 InMagicWin/0"
223.99.170.130 - - [08/Dec/2020:08:58:03 +0000] "GET /themes/H1ve-theme/static/css/vendor/lato/Lato_400.woff HTTP/1.1" 200 0 "http://39.99.166.105:8000/themes/H1ve-theme/static/css/vendor/font.css" "Mozilla/5.0 (Linux; Android 10; Redmi K30 Pro Zoom Edition Build/QKQ1.191117.002; wv) AppleWebKit/537.36 (KHTML, like Gecko) Version/4.0 Chrome/77.0.3865.120 MQQBrowser/6.2 TBS/045426 Mobile Safari/537.36 V1_AND_SQ_8.4.18_1558_YYB_D A_8041800 QQ/8.4.18.4945 NetType/WIFI WebP/0.3.0 Pixel/1080 StatusBarHeight/97 SimpleUISwitch/1 QQTheme/2921 InMagicWin/0"
223.99.170.130 - - [08/Dec/2020:08:58:03 +0000] "GET /themes/H1ve-theme/static/css/fonts/yMJRMIlzdpvBhQQL_Qq7dy1biN15.woff2 HTTP/1.1" 200 0 "http://39.99.166.105:8000/themes/H1ve-theme/static/css/gfonts.css" "Mozilla/5.0 (Linux; Android 10; Redmi K30 Pro Zoom Edition Build/QKQ1.191117.002; wv) AppleWebKit/537.36 (KHTML, like Gecko) Version/4.0 Chrome/77.0.3865.120 MQQBrowser/6.2 TBS/045426 Mobile Safari/537.36 V1_AND_SQ_8.4.18_1558_YYB_D A_8041800 QQ/8.4.18.4945 NetType/WIFI WebP/0.3.0 Pixel/1080 StatusBarHeight/97 SimpleUISwitch/1 QQTheme/2921 InMagicWin/0"
223.99.170.130 - - [08/Dec/2020:08:58:03 +0000] "GET /themes/core/static/sounds/notification.webm HTTP/1.1" 200 0 "http://39.99.166.105:8000/" "Mozilla/5.0 (Linux; Android 10; Redmi K30 Pro Zoom Edition Build/QKQ1.191117.002; wv) AppleWebKit/537.36 (KHTML, like Gecko) Version/4.0 Chrome/77.0.3865.120 MQQBrowser/6.2 TBS/045426 Mobile Safari/537.36 V1_AND_SQ_8.4.18_1558_YYB_D A_8041800 QQ/8.4.18.4945 NetType/WIFI WebP/0.3.0 Pixel/1080 StatusBarHeight/97 SimpleUISwitch/1 QQTheme/2921 InMagicWin/0"
223.99.170.130 - - [08/Dec/2020:08:58:04 +0000] "GET /events HTTP/1.1" 302 255 "http://39.99.166.105:8000/" "Mozilla/5.0 (Linux; Android 10; Redmi K30 Pro Zoom Edition Build/QKQ1.191117.002; wv) AppleWebKit/537.36 (KHTML, like Gecko) Version/4.0 Chrome/77.0.3865.120 MQQBrowser/6.2 TBS/045426 Mobile Safari/537.36 V1_AND_SQ_8.4.18_1558_YYB_D A_8041800 QQ/8.4.18.4945 NetType/WIFI WebP/0.3.0 Pixel/1080 StatusBarHeight/97 SimpleUISwitch/1 QQTheme/2921 InMagicWin/0"
223.104.194.30 - - [08/Dec/2020:08:58:04 +0000] "GET /themes/H1ve-theme/static/css/yellow.css HTTP/1.1" 200 0 "http://39.99.166.105:8000/" "Mozilla/5.0 (Linux; Android 9; Redmi Note 7 Pro Build/PKQ1.181203.001; wv) AppleWebKit/537.36 (KHTML, like Gecko) Version/4.0 Chrome/77.0.3865.120 MQQBrowser/6.2 TBS/045410 Mobile Safari/537.36 V1_AND_SQ_8.4.18_1558_YYB_D N_8041021 QQ/8.4.18.4945 NetType/4G WebP/0.3.0 Pixel/1080 StatusBarHeight/80 SimpleUISwitch/0 QQTheme/1000 InMagicWin/0"
223.99.170.130 - - [08/Dec/2020:08:58:04 +0000] "GET /login?next=%2Fevents%3F HTTP/1.1" 200 8154 "http://39.99.166.105:8000/" "Mozilla/5.0 (Linux; Android 10; Redmi K30 Pro Zoom Edition Build/QKQ1.191117.002; wv) AppleWebKit/537.36 (KHTML, like Gecko) Version/4.0 Chrome/77.0.3865.120 MQQBrowser/6.2 TBS/045426 Mobile Safari/537.36 V1_AND_SQ_8.4.18_1558_YYB_D A_8041800 QQ/8.4.18.4945 NetType/WIFI WebP/0.3.0 Pixel/1080 StatusBarHeight/97 SimpleUISwitch/1 QQTheme/2921 InMagicWin/0"
223.99.170.130 - - [08/Dec/2020:08:58:04 +0000] "GET /themes/H1ve-theme/static/css/vendor/font-awesome/webfonts/fa-solid-900.woff2 HTTP/1.1" 200 0 "http://39.99.166.105:8000/themes/H1ve-theme/static/css/vendor/font-awesome/fontawesome-fonts.css" "Mozilla/5.0 (Linux; Android 10; Redmi K30 Pro Zoom Edition Build/QKQ1.191117.002; wv) AppleWebKit/537.36 (KHTML, like Gecko) Version/4.0 Chrome/77.0.3865.120 MQQBrowser/6.2 TBS/045426 Mobile Safari/537.36 V1_AND_SQ_8.4.18_1558_YYB_D A_8041800 QQ/8.4.18.4945 NetType/WIFI WebP/0.3.0 Pixel/1080 StatusBarHeight/97 SimpleUISwitch/1 QQTheme/2921 InMagicWin/0"
223.104.194.30 - - [08/Dec/2020:08:58:05 +0000] "GET /themes/H1ve-theme/static/img/favicon.ico HTTP/1.1" 200 0 "http://39.99.166.105:8000/" "Mozilla/5.0 (Linux; Android 9; Redmi Note 7 Pro Build/PKQ1.181203.001; wv) AppleWebKit/537.36 (KHTML, like Gecko) Version/4.0 Chrome/77.0.3865.120 MQQBrowser/6.2 TBS/045410 Mobile Safari/537.36 V1_AND_SQ_8.4.18_1558_YYB_D N_8041021 QQ/8.4.18.4945 NetType/4G WebP/0.3.0 Pixel/1080 StatusBarHeight/80 SimpleUISwitch/0 QQTheme/1000 InMagicWin/0"
223.104.194.30 - - [08/Dec/2020:08:58:10 +0000] "GET / HTTP/1.1" 200 8483 "-" "Mozilla/5.0 (Linux; Android 9; Redmi Note 7 Pro Build/PKQ1.181203.001; wv) AppleWebKit/537.36 (KHTML, like Gecko) Version/4.0 Chrome/77.0.3865.120 MQQBrowser/6.2 TBS/045410 Mobile Safari/537.36 V1_AND_SQ_8.4.18_1558_YYB_D N_8041021 QQ/8.4.18.4945 NetType/4G WebP/0.3.0 Pixel/1080 StatusBarHeight/80 SimpleUISwitch/0 QQTheme/1000 InMagicWin/0"
223.104.194.30 - - [08/Dec/2020:08:58:11 +0000] "GET /static/user.css HTTP/1.1" 200 0 "http://39.99.166.105:8000/" "Mozilla/5.0 (Linux; Android 9; Redmi Note 7 Pro Build/PKQ1.181203.001; wv) AppleWebKit/537.36 (KHTML, like Gecko) Version/4.0 Chrome/77.0.3865.120 MQQBrowser/6.2 TBS/045410 Mobile Safari/537.36 V1_AND_SQ_8.4.18_1558_YYB_D N_8041021 QQ/8.4.18.4945 NetType/4G WebP/0.3.0 Pixel/1080 StatusBarHeight/80 SimpleUISwitch/0 QQTheme/1000 InMagicWin/0"
223.104.194.30 - - [08/Dec/2020:08:58:11 +0000] "GET /themes/H1ve-theme/static/js/vendor/markdown-it.min.js HTTP/1.1" 200 0 "http://39.99.166.105:8000/" "Mozilla/5.0 (Linux; Android 9; Redmi Note 7 Pro Build/PKQ1.181203.001; wv) AppleWebKit/537.36 (KHTML, like Gecko) Version/4.0 Chrome/77.0.3865.120 MQQBrowser/6.2 TBS/045410 Mobile Safari/537.36 V1_AND_SQ_8.4.18_1558_YYB_D N_8041021 QQ/8.4.18.4945 NetType/4G WebP/0.3.0 Pixel/1080 StatusBarHeight/80 SimpleUISwitch/0 QQTheme/1000 InMagicWin/0"
223.104.194.30 - - [08/Dec/2020:08:58:13 +0000] "GET /themes/H1ve-theme/static/css/yellow.css HTTP/1.1" 200 0 "http://39.99.166.105:8000/" "Mozilla/5.0 (Linux; Android 9; Redmi Note 7 Pro Build/PKQ1.181203.001; wv) AppleWebKit/537.36 (KHTML, like Gecko) Version/4.0 Chrome/77.0.3865.120 MQQBrowser/6.2 TBS/045410 Mobile Safari/537.36 V1_AND_SQ_8.4.18_1558_YYB_D N_8041021 QQ/8.4.18.4945 NetType/4G WebP/0.3.0 Pixel/1080 StatusBarHeight/80 SimpleUISwitch/0 QQTheme/1000 InMagicWin/0"
223.104.194.30 - - [08/Dec/2020:08:58:14 +0000] "GET /themes/H1ve-theme/static/fonts/linea-arrows-10.woff HTTP/1.1" 200 0 "http://39.99.166.105:8000/themes/H1ve-theme/static/css/linea-arrows.min.css" "Mozilla/5.0 (Linux; Android 9; Redmi Note 7 Pro Build/PKQ1.181203.001; wv) AppleWebKit/537.36 (KHTML, like Gecko) Version/4.0 Chrome/77.0.3865.120 MQQBrowser/6.2 TBS/045410 Mobile Safari/537.36 V1_AND_SQ_8.4.18_1558_YYB_D N_8041021 QQ/8.4.18.4945 NetType/4G WebP/0.3.0 Pixel/1080 StatusBarHeight/80 SimpleUISwitch/0 QQTheme/1000 InMagicWin/0"
223.104.194.30 - - [08/Dec/2020:08:58:14 +0000] "GET /themes/H1ve-theme/static/css/fonts/yMJWMIlzdpvBhQQL_QJIVDh2qtBTWFHy.woff2 HTTP/1.1" 200 0 "http://39.99.166.105:8000/themes/H1ve-theme/static/css/gfonts.css" "Mozilla/5.0 (Linux; Android 9; Redmi Note 7 Pro Build/PKQ1.181203.001; wv) AppleWebKit/537.36 (KHTML, like Gecko) Version/4.0 Chrome/77.0.3865.120 MQQBrowser/6.2 TBS/045410 Mobile Safari/537.36 V1_AND_SQ_8.4.18_1558_YYB_D N_8041021 QQ/8.4.18.4945 NetType/4G WebP/0.3.0 Pixel/1080 StatusBarHeight/80 SimpleUISwitch/0 QQTheme/1000 InMagicWin/0"
223.104.194.30 - - [08/Dec/2020:08:58:14 +0000] "GET /themes/H1ve-theme/static/css/fonts/S6uyw4BMUTPHjx4wXiWtFCc.woff2 HTTP/1.1" 200 0 "http://39.99.166.105:8000/themes/H1ve-theme/static/css/gfonts.css" "Mozilla/5.0 (Linux; Android 9; Redmi Note 7 Pro Build/PKQ1.181203.001; wv) AppleWebKit/537.36 (KHTML, like Gecko) Version/4.0 Chrome/77.0.3865.120 MQQBrowser/6.2 TBS/045410 Mobile Safari/537.36 V1_AND_SQ_8.4.18_1558_YYB_D N_8041021 QQ/8.4.18.4945 NetType/4G WebP/0.3.0 Pixel/1080 StatusBarHeight/80 SimpleUISwitch/0 QQTheme/1000 InMagicWin/0"
223.104.194.30 - - [08/Dec/2020:08:58:14 +0000] "GET /themes/H1ve-theme/static/css/fonts/yMJWMIlzdpvBhQQL_QIAUjh2qtBTWFHy.woff2 HTTP/1.1" 200 0 "http://39.99.166.105:8000/themes/H1ve-theme/static/css/gfonts.css" "Mozilla/5.0 (Linux; Android 9; Redmi Note 7 Pro Build/PKQ1.181203.001; wv) AppleWebKit/537.36 (KHTML, like Gecko) Version/4.0 Chrome/77.0.3865.120 MQQBrowser/6.2 TBS/045410 Mobile Safari/537.36 V1_AND_SQ_8.4.18_1558_YYB_D N_8041021 QQ/8.4.18.4945 NetType/4G WebP/0.3.0 Pixel/1080 StatusBarHeight/80 SimpleUISwitch/0 QQTheme/1000 InMagicWin/0"
223.104.194.30 - - [08/Dec/2020:08:58:14 +0000] "GET /themes/H1ve-theme/static/css/fonts/yMJRMIlzdpvBhQQL_Qq7dy1biN15.woff2 HTTP/1.1" 200 0 "http://39.99.166.105:8000/themes/H1ve-theme/static/css/gfonts.css" "Mozilla/5.0 (Linux; Android 9; Redmi Note 7 Pro Build/PKQ1.181203.001; wv) AppleWebKit/537.36 (KHTML, like Gecko) Version/4.0 Chrome/77.0.3865.120 MQQBrowser/6.2 TBS/045410 Mobile Safari/537.36 V1_AND_SQ_8.4.18_1558_YYB_D N_8041021 QQ/8.4.18.4945 NetType/4G WebP/0.3.0 Pixel/1080 StatusBarHeight/80 SimpleUISwitch/0 QQTheme/1000 InMagicWin/0"
223.104.194.30 - - [08/Dec/2020:08:58:14 +0000] "GET /themes/H1ve-theme/static/css/vendor/lato/Lato_400.woff HTTP/1.1" 200 0 "http://39.99.166.105:8000/themes/H1ve-theme/static/css/vendor/font.css" "Mozilla/5.0 (Linux; Android 9; Redmi Note 7 Pro Build/PKQ1.181203.001; wv) AppleWebKit/537.36 (KHTML, like Gecko) Version/4.0 Chrome/77.0.3865.120 MQQBrowser/6.2 TBS/045410 Mobile Safari/537.36 V1_AND_SQ_8.4.18_1558_YYB_D N_8041021 QQ/8.4.18.4945 NetType/4G WebP/0.3.0 Pixel/1080 StatusBarHeight/80 SimpleUISwitch/0 QQTheme/1000 InMagicWin/0"
223.104.194.30 - - [08/Dec/2020:08:58:14 +0000] "GET /themes/H1ve-theme/static/css/vendor/font-awesome/webfonts/fa-solid-900.woff2 HTTP/1.1" 200 0 "http://39.99.166.105:8000/themes/H1ve-theme/static/css/vendor/font-awesome/fontawesome-fonts.css" "Mozilla/5.0 (Linux; Android 9; Redmi Note 7 Pro Build/PKQ1.181203.001; wv) AppleWebKit/537.36 (KHTML, like Gecko) Version/4.0 Chrome/77.0.3865.120 MQQBrowser/6.2 TBS/045410 Mobile Safari/537.36 V1_AND_SQ_8.4.18_1558_YYB_D N_8041021 QQ/8.4.18.4945 NetType/4G WebP/0.3.0 Pixel/1080 StatusBarHeight/80 SimpleUISwitch/0 QQTheme/1000 InMagicWin/0"
223.104.194.30 - - [08/Dec/2020:08:58:14 +0000] "GET /themes/core/static/sounds/notification.webm HTTP/1.1" 200 0 "http://39.99.166.105:8000/" "Mozilla/5.0 (Linux; Android 9; Redmi Note 7 Pro Build/PKQ1.181203.001; wv) AppleWebKit/537.36 (KHTML, like Gecko) Version/4.0 Chrome/77.0.3865.120 MQQBrowser/6.2 TBS/045410 Mobile Safari/537.36 V1_AND_SQ_8.4.18_1558_YYB_D N_8041021 QQ/8.4.18.4945 NetType/4G WebP/0.3.0 Pixel/1080 StatusBarHeight/80 SimpleUISwitch/0 QQTheme/1000 InMagicWin/0"
223.104.194.30 - - [08/Dec/2020:08:58:15 +0000] "GET /events HTTP/1.1" 302 255 "http://39.99.166.105:8000/" "Mozilla/5.0 (Linux; Android 9; Redmi Note 7 Pro Build/PKQ1.181203.001; wv) AppleWebKit/537.36 (KHTML, like Gecko) Version/4.0 Chrome/77.0.3865.120 MQQBrowser/6.2 TBS/045410 Mobile Safari/537.36 V1_AND_SQ_8.4.18_1558_YYB_D N_8041021 QQ/8.4.18.4945 NetType/4G WebP/0.3.0 Pixel/1080 StatusBarHeight/80 SimpleUISwitch/0 QQTheme/1000 InMagicWin/0"
223.104.194.30 - - [08/Dec/2020:08:58:15 +0000] "GET /login?next=%2Fevents%3F HTTP/1.1" 200 8154 "http://39.99.166.105:8000/" "Mozilla/5.0 (Linux; Android 9; Redmi Note 7 Pro Build/PKQ1.181203.001; wv) AppleWebKit/537.36 (KHTML, like Gecko) Version/4.0 Chrome/77.0.3865.120 MQQBrowser/6.2 TBS/045410 Mobile Safari/537.36 V1_AND_SQ_8.4.18_1558_YYB_D N_8041021 QQ/8.4.18.4945 NetType/4G WebP/0.3.0 Pixel/1080 StatusBarHeight/80 SimpleUISwitch/0 QQTheme/1000 InMagicWin/0"
223.104.194.30 - - [08/Dec/2020:08:58:17 +0000] "GET / HTTP/1.1" 200 8483 "-" "Mozilla/5.0 (Linux; U; Android 9; zh-cn; Redmi Note 7 Pro Build/PKQ1.181203.001) AppleWebKit/537.36 (KHTML, like Gecko) Version/4.0 Chrome/71.0.3578.141 Mobile Safari/537.36 XiaoMi/MiuiBrowser/13.3.20"
223.104.194.30 - - [08/Dec/2020:08:58:18 +0000] "GET /themes/H1ve-theme/static/css/vendor/font-awesome/fontawesome-fonts.css HTTP/1.1" 200 0 "http://39.99.166.105:8000/" "Mozilla/5.0 (Linux; U; Android 9; zh-cn; Redmi Note 7 Pro Build/PKQ1.181203.001) AppleWebKit/537.36 (KHTML, like Gecko) Version/4.0 Chrome/71.0.3578.141 Mobile Safari/537.36 XiaoMi/MiuiBrowser/13.3.20"
223.104.194.30 - - [08/Dec/2020:08:58:18 +0000] "GET /themes/H1ve-theme/static/css/vendor/font.css HTTP/1.1" 200 0 "http://39.99.166.105:8000/" "Mozilla/5.0 (Linux; U; Android 9; zh-cn; Redmi Note 7 Pro Build/PKQ1.181203.001) AppleWebKit/537.36 (KHTML, like Gecko) Version/4.0 Chrome/71.0.3578.141 Mobile Safari/537.36 XiaoMi/MiuiBrowser/13.3.20"
223.104.194.30 - - [08/Dec/2020:08:58:18 +0000] "GET /themes/H1ve-theme/static/css/vendor/font-awesome/fontawesome-all.min.css HTTP/1.1" 200 0 "http://39.99.166.105:8000/" "Mozilla/5.0 (Linux; U; Android 9; zh-cn; Redmi Note 7 Pro Build/PKQ1.181203.001) AppleWebKit/537.36 (KHTML, like Gecko) Version/4.0 Chrome/71.0.3578.141 Mobile Safari/537.36 XiaoMi/MiuiBrowser/13.3.20"
223.104.194.30 - - [08/Dec/2020:08:58:18 +0000] "GET /themes/H1ve-theme/static/css/jumbotron.css HTTP/1.1" 200 0 "http://39.99.166.105:8000/" "Mozilla/5.0 (Linux; U; Android 9; zh-cn; Redmi Note 7 Pro Build/PKQ1.181203.001) AppleWebKit/537.36 (KHTML, like Gecko) Version/4.0 Chrome/71.0.3578.141 Mobile Safari/537.36 XiaoMi/MiuiBrowser/13.3.20"
223.104.194.30 - - [08/Dec/2020:08:58:18 +0000] "GET /themes/H1ve-theme/static/css/sticky-footer.css HTTP/1.1" 200 0 "http://39.99.166.105:8000/" "Mozilla/5.0 (Linux; U; Android 9; zh-cn; Redmi Note 7 Pro Build/PKQ1.181203.001) AppleWebKit/537.36 (KHTML, like Gecko) Version/4.0 Chrome/71.0.3578.141 Mobile Safari/537.36 XiaoMi/MiuiBrowser/13.3.20"
223.104.194.30 - - [08/Dec/2020:08:58:18 +0000] "GET /themes/H1ve-theme/static/css/base.css HTTP/1.1" 200 0 "http://39.99.166.105:8000/" "Mozilla/5.0 (Linux; U; Android 9; zh-cn; Redmi Note 7 Pro Build/PKQ1.181203.001) AppleWebKit/537.36 (KHTML, like Gecko) Version/4.0 Chrome/71.0.3578.141 Mobile Safari/537.36 XiaoMi/MiuiBrowser/13.3.20"
223.104.194.30 - - [08/Dec/2020:08:58:18 +0000] "GET /themes/H1ve-theme/static/css/gfonts.css HTTP/1.1" 200 0 "http://39.99.166.105:8000/" "Mozilla/5.0 (Linux; U; Android 9; zh-cn; Redmi Note 7 Pro Build/PKQ1.181203.001) AppleWebKit/537.36 (KHTML, like Gecko) Version/4.0 Chrome/71.0.3578.141 Mobile Safari/537.36 XiaoMi/MiuiBrowser/13.3.20"
223.104.194.30 - - [08/Dec/2020:08:58:18 +0000] "GET /themes/H1ve-theme/static/css/linea-arrows.min.css HTTP/1.1" 200 0 "http://39.99.166.105:8000/" "Mozilla/5.0 (Linux; U; Android 9; zh-cn; Redmi Note 7 Pro Build/PKQ1.181203.001) AppleWebKit/537.36 (KHTML, like Gecko) Version/4.0 Chrome/71.0.3578.141 Mobile Safari/537.36 XiaoMi/MiuiBrowser/13.3.20"
223.104.194.30 - - [08/Dec/2020:08:58:19 +0000] "GET /themes/H1ve-theme/static/css/linea-basic.min.css HTTP/1.1" 200 0 "http://39.99.166.105:8000/" "Mozilla/5.0 (Linux; U; Android 9; zh-cn; Redmi Note 7 Pro Build/PKQ1.181203.001) AppleWebKit/537.36 (KHTML, like Gecko) Version/4.0 Chrome/71.0.3578.141 Mobile Safari/537.36 XiaoMi/MiuiBrowser/13.3.20"
223.104.194.30 - - [08/Dec/2020:08:58:19 +0000] "GET /static/user.css HTTP/1.1" 200 0 "http://39.99.166.105:8000/" "Mozilla/5.0 (Linux; U; Android 9; zh-cn; Redmi Note 7 Pro Build/PKQ1.181203.001) AppleWebKit/537.36 (KHTML, like Gecko) Version/4.0 Chrome/71.0.3578.141 Mobile Safari/537.36 XiaoMi/MiuiBrowser/13.3.20"
223.104.194.30 - - [08/Dec/2020:08:58:19 +0000] "GET /themes/H1ve-theme/static/js/vendor/promise-polyfill.min.js HTTP/1.1" 200 0 "http://39.99.166.105:8000/" "Mozilla/5.0 (Linux; U; Android 9; zh-cn; Redmi Note 7 Pro Build/PKQ1.181203.001) AppleWebKit/537.36 (KHTML, like Gecko) Version/4.0 Chrome/71.0.3578.141 Mobile Safari/537.36 XiaoMi/MiuiBrowser/13.3.20"
223.104.194.30 - - [08/Dec/2020:08:58:19 +0000] "GET /themes/H1ve-theme/static/js/vendor/eventsource.min.js HTTP/1.1" 200 0 "http://39.99.166.105:8000/" "Mozilla/5.0 (Linux; U; Android 9; zh-cn; Redmi Note 7 Pro Build/PKQ1.181203.001) AppleWebKit/537.36 (KHTML, like Gecko) Version/4.0 Chrome/71.0.3578.141 Mobile Safari/537.36 XiaoMi/MiuiBrowser/13.3.20"
223.104.194.30 - - [08/Dec/2020:08:58:19 +0000] "GET /themes/H1ve-theme/static/css/vendor/lato.css HTTP/1.1" 200 0 "http://39.99.166.105:8000/" "Mozilla/5.0 (Linux; U; Android 9; zh-cn; Redmi Note 7 Pro Build/PKQ1.181203.001) AppleWebKit/537.36 (KHTML, like Gecko) Version/4.0 Chrome/71.0.3578.141 Mobile Safari/537.36 XiaoMi/MiuiBrowser/13.3.20"
222.173.12.58 - - [08/Dec/2020:08:58:19 +0000] "GET /notifications HTTP/1.1" 200 7850 "http://39.99.166.105:8000/challenges" "Mozilla/5.0 (Windows NT 10.0; Win64; x64) AppleWebKit/537.36 (KHTML, like Gecko) Chrome/87.0.4280.67 Safari/537.36 Edg/87.0.664.55"
223.104.194.30 - - [08/Dec/2020:08:58:19 +0000] "GET /themes/H1ve-theme/static/js/vendor/fetch.min.js HTTP/1.1" 200 0 "http://39.99.166.105:8000/" "Mozilla/5.0 (Linux; U; Android 9; zh-cn; Redmi Note 7 Pro Build/PKQ1.181203.001) AppleWebKit/537.36 (KHTML, like Gecko) Version/4.0 Chrome/71.0.3578.141 Mobile Safari/537.36 XiaoMi/MiuiBrowser/13.3.20"
223.104.194.30 - - [08/Dec/2020:08:58:20 +0000] "GET /themes/H1ve-theme/static/js/CTFd.js HTTP/1.1" 200 0 "http://39.99.166.105:8000/" "Mozilla/5.0 (Linux; U; Android 9; zh-cn; Redmi Note 7 Pro Build/PKQ1.181203.001) AppleWebKit/537.36 (KHTML, like Gecko) Version/4.0 Chrome/71.0.3578.141 Mobile Safari/537.36 XiaoMi/MiuiBrowser/13.3.20"
222.173.12.58 - - [08/Dec/2020:08:58:20 +0000] "GET /static/user.css HTTP/1.1" 200 0 "http://39.99.166.105:8000/notifications" "Mozilla/5.0 (Windows NT 10.0; Win64; x64) AppleWebKit/537.36 (KHTML, like Gecko) Chrome/87.0.4280.67 Safari/537.36 Edg/87.0.664.55"
223.104.194.30 - - [08/Dec/2020:08:58:20 +0000] "GET /themes/H1ve-theme/static/js/vendor/moment.min.js HTTP/1.1" 200 0 "http://39.99.166.105:8000/" "Mozilla/5.0 (Linux; U; Android 9; zh-cn; Redmi Note 7 Pro Build/PKQ1.181203.001) AppleWebKit/537.36 (KHTML, like Gecko) Version/4.0 Chrome/71.0.3578.141 Mobile Safari/537.36 XiaoMi/MiuiBrowser/13.3.20"
112.224.22.57 - - [08/Dec/2020:08:58:21 +0000] "GET / HTTP/1.1" 200 8483 "-" "Mozilla/5.0 (iPhone; CPU iPhone OS 14_0_1 like Mac OS X) AppleWebKit/605.1.15 (KHTML, like Gecko) Mobile/15E148 QQ/8.4.17.638 V1_IPH_SQ_8.4.17_1_APP_A Pixel/828 MiniAppEnable SimpleUISwitch/0 QQTheme/3161 Core/WKWebView Device/Apple(iPhone XR) NetType/4G QBWebViewType/1 WKType/1"
223.104.194.30 - - [08/Dec/2020:08:58:21 +0000] "GET /themes/H1ve-theme/static/js/vendor/jquery.min.js HTTP/1.1" 200 0 "http://39.99.166.105:8000/" "Mozilla/5.0 (Linux; U; Android 9; zh-cn; Redmi Note 7 Pro Build/PKQ1.181203.001) AppleWebKit/537.36 (KHTML, like Gecko) Version/4.0 Chrome/71.0.3578.141 Mobile Safari/537.36 XiaoMi/MiuiBrowser/13.3.20"
112.224.22.57 - - [08/Dec/2020:08:58:21 +0000] "GET /themes/H1ve-theme/static/css/vendor/font-awesome/fontawesome-all.min.css HTTP/1.1" 200 0 "http://39.99.166.105:8000/" "Mozilla/5.0 (iPhone; CPU iPhone OS 14_0_1 like Mac OS X) AppleWebKit/605.1.15 (KHTML, like Gecko) Mobile/15E148 QQ/8.4.17.638 V1_IPH_SQ_8.4.17_1_APP_A Pixel/828 MiniAppEnable SimpleUISwitch/0 QQTheme/3161 Core/WKWebView Device/Apple(iPhone XR) NetType/4G QBWebViewType/1 WKType/1"
222.173.12.58 - - [08/Dec/2020:08:58:22 +0000] "GET /api/v1/challenges HTTP/1.1" 200 488 "http://39.99.166.105:8000/challenges" "Mozilla/5.0 (Windows NT 10.0; Win64; x64) AppleWebKit/537.36 (KHTML, like Gecko) Chrome/87.0.4280.67 Safari/537.36 Edg/87.0.664.55"
223.104.194.30 - - [08/Dec/2020:08:58:22 +0000] "GET /themes/H1ve-theme/static/img/h1ve.png HTTP/1.1" 200 0 "http://39.99.166.105:8000/" "Mozilla/5.0 (Linux; U; Android 9; zh-cn; Redmi Note 7 Pro Build/PKQ1.181203.001) AppleWebKit/537.36 (KHTML, like Gecko) Version/4.0 Chrome/71.0.3578.141 Mobile Safari/537.36 XiaoMi/MiuiBrowser/13.3.20"
112.224.22.57 - - [08/Dec/2020:08:58:22 +0000] "GET /themes/H1ve-theme/static/css/jumbotron.css HTTP/1.1" 200 0 "http://39.99.166.105:8000/" "Mozilla/5.0 (iPhone; CPU iPhone OS 14_0_1 like Mac OS X) AppleWebKit/605.1.15 (KHTML, like Gecko) Mobile/15E148 QQ/8.4.17.638 V1_IPH_SQ_8.4.17_1_APP_A Pixel/828 MiniAppEnable SimpleUISwitch/0 QQTheme/3161 Core/WKWebView Device/Apple(iPhone XR) NetType/4G QBWebViewType/1 WKType/1"
112.224.22.57 - - [08/Dec/2020:08:58:22 +0000] "GET /themes/H1ve-theme/static/css/vendor/font.css HTTP/1.1" 200 0 "http://39.99.166.105:8000/" "Mozilla/5.0 (iPhone; CPU iPhone OS 14_0_1 like Mac OS X) AppleWebKit/605.1.15 (KHTML, like Gecko) Mobile/15E148 QQ/8.4.17.638 V1_IPH_SQ_8.4.17_1_APP_A Pixel/828 MiniAppEnable SimpleUISwitch/0 QQTheme/3161 Core/WKWebView Device/Apple(iPhone XR) NetType/4G QBWebViewType/1 WKType/1"
112.224.22.57 - - [08/Dec/2020:08:58:22 +0000] "GET /themes/H1ve-theme/static/css/vendor/font-awesome/fontawesome-fonts.css HTTP/1.1" 200 0 "http://39.99.166.105:8000/" "Mozilla/5.0 (iPhone; CPU iPhone OS 14_0_1 like Mac OS X) AppleWebKit/605.1.15 (KHTML, like Gecko) Mobile/15E148 QQ/8.4.17.638 V1_IPH_SQ_8.4.17_1_APP_A Pixel/828 MiniAppEnable SimpleUISwitch/0 QQTheme/3161 Core/WKWebView Device/Apple(iPhone XR) NetType/4G QBWebViewType/1 WKType/1"
112.224.22.57 - - [08/Dec/2020:08:58:23 +0000] "GET /themes/H1ve-theme/static/css/sticky-footer.css HTTP/1.1" 200 0 "http://39.99.166.105:8000/" "Mozilla/5.0 (iPhone; CPU iPhone OS 14_0_1 like Mac OS X) AppleWebKit/605.1.15 (KHTML, like Gecko) Mobile/15E148 QQ/8.4.17.638 V1_IPH_SQ_8.4.17_1_APP_A Pixel/828 MiniAppEnable SimpleUISwitch/0 QQTheme/3161 Core/WKWebView Device/Apple(iPhone XR) NetType/4G QBWebViewType/1 WKType/1"
223.104.194.30 - - [08/Dec/2020:08:58:23 +0000] "GET /themes/H1ve-theme/static/js/vendor/nunjucks.min.js HTTP/1.1" 200 0 "http://39.99.166.105:8000/" "Mozilla/5.0 (Linux; U; Android 9; zh-cn; Redmi Note 7 Pro Build/PKQ1.181203.001) AppleWebKit/537.36 (KHTML, like Gecko) Version/4.0 Chrome/71.0.3578.141 Mobile Safari/537.36 XiaoMi/MiuiBrowser/13.3.20"
112.224.22.57 - - [08/Dec/2020:08:58:23 +0000] "GET /themes/H1ve-theme/static/css/gfonts.css HTTP/1.1" 200 0 "http://39.99.166.105:8000/" "Mozilla/5.0 (iPhone; CPU iPhone OS 14_0_1 like Mac OS X) AppleWebKit/605.1.15 (KHTML, like Gecko) Mobile/15E148 QQ/8.4.17.638 V1_IPH_SQ_8.4.17_1_APP_A Pixel/828 MiniAppEnable SimpleUISwitch/0 QQTheme/3161 Core/WKWebView Device/Apple(iPhone XR) NetType/4G QBWebViewType/1 WKType/1"
112.224.22.57 - - [08/Dec/2020:08:58:24 +0000] "GET /themes/H1ve-theme/static/css/base.css HTTP/1.1" 200 0 "http://39.99.166.105:8000/" "Mozilla/5.0 (iPhone; CPU iPhone OS 14_0_1 like Mac OS X) AppleWebKit/605.1.15 (KHTML, like Gecko) Mobile/15E148 QQ/8.4.17.638 V1_IPH_SQ_8.4.17_1_APP_A Pixel/828 MiniAppEnable SimpleUISwitch/0 QQTheme/3161 Core/WKWebView Device/Apple(iPhone XR) NetType/4G QBWebViewType/1 WKType/1"
223.104.194.30 - - [08/Dec/2020:08:58:24 +0000] "GET /themes/H1ve-theme/static/js/vendor/markdown-it.min.js HTTP/1.1" 200 0 "http://39.99.166.105:8000/" "Mozilla/5.0 (Linux; U; Android 9; zh-cn; Redmi Note 7 Pro Build/PKQ1.181203.001) AppleWebKit/537.36 (KHTML, like Gecko) Version/4.0 Chrome/71.0.3578.141 Mobile Safari/537.36 XiaoMi/MiuiBrowser/13.3.20"
223.104.194.30 - - [08/Dec/2020:08:58:25 +0000] "GET /themes/H1ve-theme/static/js/vendor/bootstrap.bundle.min.js HTTP/1.1" 200 0 "http://39.99.166.105:8000/" "Mozilla/5.0 (Linux; U; Android 9; zh-cn; Redmi Note 7 Pro Build/PKQ1.181203.001) AppleWebKit/537.36 (KHTML, like Gecko) Version/4.0 Chrome/71.0.3578.141 Mobile Safari/537.36 XiaoMi/MiuiBrowser/13.3.20"
223.104.194.30 - - [08/Dec/2020:08:58:26 +0000] "GET /themes/H1ve-theme/static/css/vendor/bootstrap.min.css HTTP/1.1" 200 0 "http://39.99.166.105:8000/" "Mozilla/5.0 (Linux; U; Android 9; zh-cn; Redmi Note 7 Pro Build/PKQ1.181203.001) AppleWebKit/537.36 (KHTML, like Gecko) Version/4.0 Chrome/71.0.3578.141 Mobile Safari/537.36 XiaoMi/MiuiBrowser/13.3.20"
222.173.12.58 - - [08/Dec/2020:08:58:27 +0000] "GET /matrix/ HTTP/1.1" 200 11483 "http://39.99.166.105:8000/challenges" "Mozilla/5.0 (Windows NT 10.0; Win64; x64) AppleWebKit/537.36 (KHTML, like Gecko) Chrome/87.0.4280.67 Safari/537.36 Edg/87.0.664.55"
222.173.12.58 - - [08/Dec/2020:08:58:27 +0000] "GET /static/user.css HTTP/1.1" 200 0 "http://39.99.166.105:8000/matrix/" "Mozilla/5.0 (Windows NT 10.0; Win64; x64) AppleWebKit/537.36 (KHTML, like Gecko) Chrome/87.0.4280.67 Safari/537.36 Edg/87.0.664.55"
223.104.194.30 - - [08/Dec/2020:08:58:27 +0000] "GET /themes/H1ve-theme/static/css/yellow.css HTTP/1.1" 200 0 "http://39.99.166.105:8000/" "Mozilla/5.0 (Linux; U; Android 9; zh-cn; Redmi Note 7 Pro Build/PKQ1.181203.001) AppleWebKit/537.36 (KHTML, like Gecko) Version/4.0 Chrome/71.0.3578.141 Mobile Safari/537.36 XiaoMi/MiuiBrowser/13.3.20"
223.104.194.30 - - [08/Dec/2020:08:58:27 +0000] "GET /themes/H1ve-theme/static/js/vendor/howler.min.js HTTP/1.1" 200 0 "http://39.99.166.105:8000/" "Mozilla/5.0 (Linux; U; Android 9; zh-cn; Redmi Note 7 Pro Build/PKQ1.181203.001) AppleWebKit/537.36 (KHTML, like Gecko) Version/4.0 Chrome/71.0.3578.141 Mobile Safari/537.36 XiaoMi/MiuiBrowser/13.3.20"
223.104.194.30 - - [08/Dec/2020:08:58:28 +0000] "GET /themes/H1ve-theme/static/js/vendor/window-controller.js HTTP/1.1" 200 0 "http://39.99.166.105:8000/" "Mozilla/5.0 (Linux; U; Android 9; zh-cn; Redmi Note 7 Pro Build/PKQ1.181203.001) AppleWebKit/537.36 (KHTML, like Gecko) Version/4.0 Chrome/71.0.3578.141 Mobile Safari/537.36 XiaoMi/MiuiBrowser/13.3.20"
223.104.194.30 - - [08/Dec/2020:08:58:28 +0000] "GET /themes/H1ve-theme/static/js/style.js HTTP/1.1" 200 0 "http://39.99.166.105:8000/" "Mozilla/5.0 (Linux; U; Android 9; zh-cn; Redmi Note 7 Pro Build/PKQ1.181203.001) AppleWebKit/537.36 (KHTML, like Gecko) Version/4.0 Chrome/71.0.3578.141 Mobile Safari/537.36 XiaoMi/MiuiBrowser/13.3.20"
223.104.194.30 - - [08/Dec/2020:08:58:28 +0000] "GET /themes/H1ve-theme/static/js/utils.js HTTP/1.1" 200 0 "http://39.99.166.105:8000/" "Mozilla/5.0 (Linux; U; Android 9; zh-cn; Redmi Note 7 Pro Build/PKQ1.181203.001) AppleWebKit/537.36 (KHTML, like Gecko) Version/4.0 Chrome/71.0.3578.141 Mobile Safari/537.36 XiaoMi/MiuiBrowser/13.3.20"
223.104.194.30 - - [08/Dec/2020:08:58:29 +0000] "GET /themes/H1ve-theme/static/js/ezq.js HTTP/1.1" 200 0 "http://39.99.166.105:8000/" "Mozilla/5.0 (Linux; U; Android 9; zh-cn; Redmi Note 7 Pro Build/PKQ1.181203.001) AppleWebKit/537.36 (KHTML, like Gecko) Version/4.0 Chrome/71.0.3578.141 Mobile Safari/537.36 XiaoMi/MiuiBrowser/13.3.20"
223.104.194.30 - - [08/Dec/2020:08:58:29 +0000] "GET /themes/H1ve-theme/static/js/events.js HTTP/1.1" 200 0 "http://39.99.166.105:8000/" "Mozilla/5.0 (Linux; U; Android 9; zh-cn; Redmi Note 7 Pro Build/PKQ1.181203.001) AppleWebKit/537.36 (KHTML, like Gecko) Version/4.0 Chrome/71.0.3578.141 Mobile Safari/537.36 XiaoMi/MiuiBrowser/13.3.20"
223.104.194.30 - - [08/Dec/2020:08:58:29 +0000] "GET /themes/H1ve-theme/static/css/fonts/S6uyw4BMUTPHjx4wXiWtFCc.woff2 HTTP/1.1" 200 0 "http://39.99.166.105:8000/themes/H1ve-theme/static/css/gfonts.css" "Mozilla/5.0 (Linux; U; Android 9; zh-cn; Redmi Note 7 Pro Build/PKQ1.181203.001) AppleWebKit/537.36 (KHTML, like Gecko) Version/4.0 Chrome/71.0.3578.141 Mobile Safari/537.36 XiaoMi/MiuiBrowser/13.3.20"
223.104.194.30 - - [08/Dec/2020:08:58:29 +0000] "GET /themes/H1ve-theme/static/fonts/linea-arrows-10.woff HTTP/1.1" 200 0 "http://39.99.166.105:8000/themes/H1ve-theme/static/css/linea-arrows.min.css" "Mozilla/5.0 (Linux; U; Android 9; zh-cn; Redmi Note 7 Pro Build/PKQ1.181203.001) AppleWebKit/537.36 (KHTML, like Gecko) Version/4.0 Chrome/71.0.3578.141 Mobile Safari/537.36 XiaoMi/MiuiBrowser/13.3.20"
