124.128.63.62 - - [08/Dec/2020:07:48:57 +0000] "GET /events HTTP/1.1" 302 255 "http://39.99.166.105:8000/login" "Mozilla/5.0 (Windows NT 10.0; WOW64) AppleWebKit/537.36 (KHTML, like Gecko) Chrome/70.0.3538.25 Safari/537.36 Core/1.70.3823.400 QQBrowser/10.7.4307.400"
124.128.63.62 - - [08/Dec/2020:07:48:57 +0000] "GET /login?next=%2Fevents%3F HTTP/1.1" 200 8153 "http://39.99.166.105:8000/login" "Mozilla/5.0 (Windows NT 10.0; WOW64) AppleWebKit/537.36 (KHTML, like Gecko) Chrome/70.0.3538.25 Safari/537.36 Core/1.70.3823.400 QQBrowser/10.7.4307.400"
124.128.63.62 - - [08/Dec/2020:07:49:03 +0000] "POST /login HTTP/1.1" 302 229 "http://39.99.166.105:8000/login" "Mozilla/5.0 (Windows NT 10.0; WOW64) AppleWebKit/537.36 (KHTML, like Gecko) Chrome/70.0.3538.25 Safari/537.36 Core/1.70.3823.400 QQBrowser/10.7.4307.400"
124.128.63.62 - - [08/Dec/2020:07:49:03 +0000] "GET /challenges HTTP/1.1" 200 8035 "http://39.99.166.105:8000/login" "Mozilla/5.0 (Windows NT 10.0; WOW64) AppleWebKit/537.36 (KHTML, like Gecko) Chrome/70.0.3538.25 Safari/537.36 Core/1.70.3823.400 QQBrowser/10.7.4307.400"
124.128.63.62 - - [08/Dec/2020:07:49:03 +0000] "GET /static/user.css HTTP/1.1" 200 0 "http://39.99.166.105:8000/challenges" "Mozilla/5.0 (Windows NT 10.0; WOW64) AppleWebKit/537.36 (KHTML, like Gecko) Chrome/70.0.3538.25 Safari/537.36 Core/1.70.3823.400 QQBrowser/10.7.4307.400"
124.128.63.62 - - [08/Dec/2020:07:49:03 +0000] "GET /api/v1/users/me/solves HTTP/1.1" 200 30 "http://39.99.166.105:8000/challenges" "Mozilla/5.0 (Windows NT 10.0; WOW64) AppleWebKit/537.36 (KHTML, like Gecko) Chrome/70.0.3538.25 Safari/537.36 Core/1.70.3823.400 QQBrowser/10.7.4307.400"
124.128.63.62 - - [08/Dec/2020:07:49:03 +0000] "GET /api/v1/challenges HTTP/1.1" 200 245 "http://39.99.166.105:8000/challenges" "Mozilla/5.0 (Windows NT 10.0; WOW64) AppleWebKit/537.36 (KHTML, like Gecko) Chrome/70.0.3538.25 Safari/537.36 Core/1.70.3823.400 QQBrowser/10.7.4307.400"
124.128.63.62 - - [08/Dec/2020:07:49:07 +0000] "GET / HTTP/1.1" 200 8908 "http://39.99.166.105:8000/challenges" "Mozilla/5.0 (Windows NT 10.0; WOW64) AppleWebKit/537.36 (KHTML, like Gecko) Chrome/70.0.3538.25 Safari/537.36 Core/1.70.3823.400 QQBrowser/10.7.4307.400"
124.128.63.62 - - [08/Dec/2020:07:49:07 +0000] "GET /static/user.css HTTP/1.1" 200 0 "http://39.99.166.105:8000/" "Mozilla/5.0 (Windows NT 10.0; WOW64) AppleWebKit/537.36 (KHTML, like Gecko) Chrome/70.0.3538.25 Safari/537.36 Core/1.70.3823.400 QQBrowser/10.7.4307.400"
124.128.63.62 - - [08/Dec/2020:07:49:10 +0000] "GET /user HTTP/1.1" 200 8043 "http://39.99.166.105:8000/" "Mozilla/5.0 (Windows NT 10.0; WOW64) AppleWebKit/537.36 (KHTML, like Gecko) Chrome/70.0.3538.25 Safari/537.36 Core/1.70.3823.400 QQBrowser/10.7.4307.400"
124.128.63.62 - - [08/Dec/2020:07:49:10 +0000] "GET /static/user.css HTTP/1.1" 200 0 "http://39.99.166.105:8000/user" "Mozilla/5.0 (Windows NT 10.0; WOW64) AppleWebKit/537.36 (KHTML, like Gecko) Chrome/70.0.3538.25 Safari/537.36 Core/1.70.3823.400 QQBrowser/10.7.4307.400"
124.128.63.62 - - [08/Dec/2020:07:49:10 +0000] "GET /themes/H1ve-theme/static/js/user.js HTTP/1.1" 200 0 "http://39.99.166.105:8000/user" "Mozilla/5.0 (Windows NT 10.0; WOW64) AppleWebKit/537.36 (KHTML, like Gecko) Chrome/70.0.3538.25 Safari/537.36 Core/1.70.3823.400 QQBrowser/10.7.4307.400"
124.128.63.62 - - [08/Dec/2020:07:49:26 +0000] "GET /themes/H1ve-theme/static/js/vendor/plotly.min.js HTTP/1.1" 200 0 "http://39.99.166.105:8000/user" "Mozilla/5.0 (Windows NT 10.0; WOW64) AppleWebKit/537.36 (KHTML, like Gecko) Chrome/70.0.3538.25 Safari/537.36 Core/1.70.3823.400 QQBrowser/10.7.4307.400"
124.128.63.62 - - [08/Dec/2020:07:49:27 +0000] "GET /api/v1/users/me/solves HTTP/1.1" 200 30 "http://39.99.166.105:8000/user" "Mozilla/5.0 (Windows NT 10.0; WOW64) AppleWebKit/537.36 (KHTML, like Gecko) Chrome/70.0.3538.25 Safari/537.36 Core/1.70.3823.400 QQBrowser/10.7.4307.400"
124.128.63.62 - - [08/Dec/2020:07:49:27 +0000] "GET /api/v1/users/me/fails HTTP/1.1" 200 52 "http://39.99.166.105:8000/user" "Mozilla/5.0 (Windows NT 10.0; WOW64) AppleWebKit/537.36 (KHTML, like Gecko) Chrome/70.0.3538.25 Safari/537.36 Core/1.70.3823.400 QQBrowser/10.7.4307.400"
124.128.63.62 - - [08/Dec/2020:07:49:27 +0000] "GET /api/v1/users/me/solves HTTP/1.1" 200 30 "http://39.99.166.105:8000/user" "Mozilla/5.0 (Windows NT 10.0; WOW64) AppleWebKit/537.36 (KHTML, like Gecko) Chrome/70.0.3538.25 Safari/537.36 Core/1.70.3823.400 QQBrowser/10.7.4307.400"
124.128.63.62 - - [08/Dec/2020:07:49:27 +0000] "GET /api/v1/users/me/solves HTTP/1.1" 200 30 "http://39.99.166.105:8000/user" "Mozilla/5.0 (Windows NT 10.0; WOW64) AppleWebKit/537.36 (KHTML, like Gecko) Chrome/70.0.3538.25 Safari/537.36 Core/1.70.3823.400 QQBrowser/10.7.4307.400"
124.128.63.62 - - [08/Dec/2020:07:49:27 +0000] "GET /api/v1/users/me/awards HTTP/1.1" 200 30 "http://39.99.166.105:8000/user" "Mozilla/5.0 (Windows NT 10.0; WOW64) AppleWebKit/537.36 (KHTML, like Gecko) Chrome/70.0.3538.25 Safari/537.36 Core/1.70.3823.400 QQBrowser/10.7.4307.400"
112.224.2.160 - - [08/Dec/2020:07:49:35 +0000] "GET /api/v1/flags/types HTTP/1.1" 200 326 "http://39.99.166.105:8000/admin/challenges/1" "Mozilla/5.0 (Windows NT 10.0; Win64; x64) AppleWebKit/537.36 (KHTML, like Gecko) Chrome/87.0.4280.67 Safari/537.36 Edg/87.0.664.55"
112.224.2.160 - - [08/Dec/2020:07:49:50 +0000] "GET /api/v1/flags/types HTTP/1.1" 200 326 "http://39.99.166.105:8000/admin/challenges/1" "Mozilla/5.0 (Windows NT 10.0; Win64; x64) AppleWebKit/537.36 (KHTML, like Gecko) Chrome/87.0.4280.67 Safari/537.36 Edg/87.0.664.55"
112.224.2.160 - - [08/Dec/2020:07:50:14 +0000] "GET /api/v1/challenges/1 HTTP/1.1" 200 689 "http://39.99.166.105:8000/admin/challenges/1" "Mozilla/5.0 (Windows NT 10.0; Win64; x64) AppleWebKit/537.36 (KHTML, like Gecko) Chrome/87.0.4280.67 Safari/537.36 Edg/87.0.664.55"
112.224.2.160 - - [08/Dec/2020:07:50:14 +0000] "GET /plugins/challenges/assets/view.js?_=1607413743418 HTTP/1.1" 200 0 "http://39.99.166.105:8000/admin/challenges/1" "Mozilla/5.0 (Windows NT 10.0; Win64; x64) AppleWebKit/537.36 (KHTML, like Gecko) Chrome/87.0.4280.67 Safari/537.36 Edg/87.0.664.55"
112.224.2.160 - - [08/Dec/2020:07:50:21 +0000] "POST /api/v1/challenges/attempt?preview=true HTTP/1.1" 200 75 "http://39.99.166.105:8000/admin/challenges/1" "Mozilla/5.0 (Windows NT 10.0; Win64; x64) AppleWebKit/537.36 (KHTML, like Gecko) Chrome/87.0.4280.67 Safari/537.36 Edg/87.0.664.55"
124.128.63.62 - - [08/Dec/2020:07:50:32 +0000] "GET /challenges HTTP/1.1" 200 8035 "http://39.99.166.105:8000/user" "Mozilla/5.0 (Windows NT 10.0; WOW64) AppleWebKit/537.36 (KHTML, like Gecko) Chrome/70.0.3538.25 Safari/537.36 Core/1.70.3823.400 QQBrowser/10.7.4307.400"
124.128.63.62 - - [08/Dec/2020:07:50:32 +0000] "GET /static/user.css HTTP/1.1" 200 0 "http://39.99.166.105:8000/challenges" "Mozilla/5.0 (Windows NT 10.0; WOW64) AppleWebKit/537.36 (KHTML, like Gecko) Chrome/70.0.3538.25 Safari/537.36 Core/1.70.3823.400 QQBrowser/10.7.4307.400"
124.128.63.62 - - [08/Dec/2020:07:50:32 +0000] "GET /api/v1/users/me/solves HTTP/1.1" 200 30 "http://39.99.166.105:8000/challenges" "Mozilla/5.0 (Windows NT 10.0; WOW64) AppleWebKit/537.36 (KHTML, like Gecko) Chrome/70.0.3538.25 Safari/537.36 Core/1.70.3823.400 QQBrowser/10.7.4307.400"
124.128.63.62 - - [08/Dec/2020:07:50:32 +0000] "GET /api/v1/challenges HTTP/1.1" 200 245 "http://39.99.166.105:8000/challenges" "Mozilla/5.0 (Windows NT 10.0; WOW64) AppleWebKit/537.36 (KHTML, like Gecko) Chrome/70.0.3538.25 Safari/537.36 Core/1.70.3823.400 QQBrowser/10.7.4307.400"
124.128.63.62 - - [08/Dec/2020:07:50:34 +0000] "GET /users HTTP/1.1" 200 8040 "http://39.99.166.105:8000/challenges" "Mozilla/5.0 (Windows NT 10.0; WOW64) AppleWebKit/537.36 (KHTML, like Gecko) Chrome/70.0.3538.25 Safari/537.36 Core/1.70.3823.400 QQBrowser/10.7.4307.400"
124.128.63.62 - - [08/Dec/2020:07:50:34 +0000] "GET /static/user.css HTTP/1.1" 200 0 "http://39.99.166.105:8000/users" "Mozilla/5.0 (Windows NT 10.0; WOW64) AppleWebKit/537.36 (KHTML, like Gecko) Chrome/70.0.3538.25 Safari/537.36 Core/1.70.3823.400 QQBrowser/10.7.4307.400"
124.128.63.62 - - [08/Dec/2020:07:50:37 +0000] "GET /users/2 HTTP/1.1" 200 8035 "http://39.99.166.105:8000/users" "Mozilla/5.0 (Windows NT 10.0; WOW64) AppleWebKit/537.36 (KHTML, like Gecko) Chrome/70.0.3538.25 Safari/537.36 Core/1.70.3823.400 QQBrowser/10.7.4307.400"
124.128.63.62 - - [08/Dec/2020:07:50:37 +0000] "GET /static/user.css HTTP/1.1" 200 0 "http://39.99.166.105:8000/users/2" "Mozilla/5.0 (Windows NT 10.0; WOW64) AppleWebKit/537.36 (KHTML, like Gecko) Chrome/70.0.3538.25 Safari/537.36 Core/1.70.3823.400 QQBrowser/10.7.4307.400"
112.224.2.160 - - [08/Dec/2020:07:50:37 +0000] "GET /api/v1/flags/types HTTP/1.1" 200 326 "http://39.99.166.105:8000/admin/challenges/1" "Mozilla/5.0 (Windows NT 10.0; Win64; x64) AppleWebKit/537.36 (KHTML, like Gecko) Chrome/87.0.4280.67 Safari/537.36 Edg/87.0.664.55"
124.128.63.62 - - [08/Dec/2020:07:50:37 +0000] "GET /api/v1/users/me/solves HTTP/1.1" 200 30 "http://39.99.166.105:8000/users/2" "Mozilla/5.0 (Windows NT 10.0; WOW64) AppleWebKit/537.36 (KHTML, like Gecko) Chrome/70.0.3538.25 Safari/537.36 Core/1.70.3823.400 QQBrowser/10.7.4307.400"
124.128.63.62 - - [08/Dec/2020:07:50:37 +0000] "GET /api/v1/users/me/fails HTTP/1.1" 200 52 "http://39.99.166.105:8000/users/2" "Mozilla/5.0 (Windows NT 10.0; WOW64) AppleWebKit/537.36 (KHTML, like Gecko) Chrome/70.0.3538.25 Safari/537.36 Core/1.70.3823.400 QQBrowser/10.7.4307.400"
124.128.63.62 - - [08/Dec/2020:07:50:37 +0000] "GET /api/v1/users/me/solves HTTP/1.1" 200 30 "http://39.99.166.105:8000/users/2" "Mozilla/5.0 (Windows NT 10.0; WOW64) AppleWebKit/537.36 (KHTML, like Gecko) Chrome/70.0.3538.25 Safari/537.36 Core/1.70.3823.400 QQBrowser/10.7.4307.400"
124.128.63.62 - - [08/Dec/2020:07:50:37 +0000] "GET /api/v1/users/me/solves HTTP/1.1" 200 30 "http://39.99.166.105:8000/users/2" "Mozilla/5.0 (Windows NT 10.0; WOW64) AppleWebKit/537.36 (KHTML, like Gecko) Chrome/70.0.3538.25 Safari/537.36 Core/1.70.3823.400 QQBrowser/10.7.4307.400"
124.128.63.62 - - [08/Dec/2020:07:50:37 +0000] "GET /api/v1/users/me/awards HTTP/1.1" 200 30 "http://39.99.166.105:8000/users/2" "Mozilla/5.0 (Windows NT 10.0; WOW64) AppleWebKit/537.36 (KHTML, like Gecko) Chrome/70.0.3538.25 Safari/537.36 Core/1.70.3823.400 QQBrowser/10.7.4307.400"
124.128.63.62 - - [08/Dec/2020:07:50:40 +0000] "GET /matrix/ HTTP/1.1" 200 9838 "http://39.99.166.105:8000/users/2" "Mozilla/5.0 (Windows NT 10.0; WOW64) AppleWebKit/537.36 (KHTML, like Gecko) Chrome/70.0.3538.25 Safari/537.36 Core/1.70.3823.400 QQBrowser/10.7.4307.400"
124.128.63.62 - - [08/Dec/2020:07:50:40 +0000] "GET /static/user.css HTTP/1.1" 200 0 "http://39.99.166.105:8000/matrix/" "Mozilla/5.0 (Windows NT 10.0; WOW64) AppleWebKit/537.36 (KHTML, like Gecko) Chrome/70.0.3538.25 Safari/537.36 Core/1.70.3823.400 QQBrowser/10.7.4307.400"
124.128.63.62 - - [08/Dec/2020:07:50:40 +0000] "GET /matrix/static/dragscroll.js HTTP/1.1" 200 0 "http://39.99.166.105:8000/matrix/" "Mozilla/5.0 (Windows NT 10.0; WOW64) AppleWebKit/537.36 (KHTML, like Gecko) Chrome/70.0.3538.25 Safari/537.36 Core/1.70.3823.400 QQBrowser/10.7.4307.400"
124.128.63.62 - - [08/Dec/2020:07:50:40 +0000] "GET /themes/H1ve-theme/static/css/vendor/lato/Lato_700.woff HTTP/1.1" 200 0 "http://39.99.166.105:8000/themes/H1ve-theme/static/css/vendor/font.css" "Mozilla/5.0 (Windows NT 10.0; WOW64) AppleWebKit/537.36 (KHTML, like Gecko) Chrome/70.0.3538.25 Safari/537.36 Core/1.70.3823.400 QQBrowser/10.7.4307.400"
124.128.63.62 - - [08/Dec/2020:07:50:40 +0000] "GET /matrix/static/scoreboard-matrix.js HTTP/1.1" 200 0 "http://39.99.166.105:8000/matrix/" "Mozilla/5.0 (Windows NT 10.0; WOW64) AppleWebKit/537.36 (KHTML, like Gecko) Chrome/70.0.3538.25 Safari/537.36 Core/1.70.3823.400 QQBrowser/10.7.4307.400"
124.128.63.62 - - [08/Dec/2020:07:50:40 +0000] "GET /matrix/scores HTTP/1.1" 200 3 "http://39.99.166.105:8000/matrix/" "Mozilla/5.0 (Windows NT 10.0; WOW64) AppleWebKit/537.36 (KHTML, like Gecko) Chrome/70.0.3538.25 Safari/537.36 Core/1.70.3823.400 QQBrowser/10.7.4307.400"
112.224.2.160 - - [08/Dec/2020:07:50:41 +0000] "GET /api/v1/flags/types/static HTTP/1.1" 200 167 "http://39.99.166.105:8000/admin/challenges/1" "Mozilla/5.0 (Windows NT 10.0; Win64; x64) AppleWebKit/537.36 (KHTML, like Gecko) Chrome/87.0.4280.67 Safari/537.36 Edg/87.0.664.55"
112.224.2.160 - - [08/Dec/2020:07:50:41 +0000] "GET /plugins/flags/assets/static/create.html HTTP/1.1" 200 0 "http://39.99.166.105:8000/admin/challenges/1" "Mozilla/5.0 (Windows NT 10.0; Win64; x64) AppleWebKit/537.36 (KHTML, like Gecko) Chrome/87.0.4280.67 Safari/537.36 Edg/87.0.664.55"
124.128.63.62 - - [08/Dec/2020:07:50:42 +0000] "GET /notifications HTTP/1.1" 200 7579 "http://39.99.166.105:8000/matrix/" "Mozilla/5.0 (Windows NT 10.0; WOW64) AppleWebKit/537.36 (KHTML, like Gecko) Chrome/70.0.3538.25 Safari/537.36 Core/1.70.3823.400 QQBrowser/10.7.4307.400"
124.128.63.62 - - [08/Dec/2020:07:50:42 +0000] "GET /static/user.css HTTP/1.1" 200 0 "http://39.99.166.105:8000/notifications" "Mozilla/5.0 (Windows NT 10.0; WOW64) AppleWebKit/537.36 (KHTML, like Gecko) Chrome/70.0.3538.25 Safari/537.36 Core/1.70.3823.400 QQBrowser/10.7.4307.400"
124.128.63.62 - - [08/Dec/2020:07:50:44 +0000] "GET /matrix/ HTTP/1.1" 200 9838 "http://39.99.166.105:8000/notifications" "Mozilla/5.0 (Windows NT 10.0; WOW64) AppleWebKit/537.36 (KHTML, like Gecko) Chrome/70.0.3538.25 Safari/537.36 Core/1.70.3823.400 QQBrowser/10.7.4307.400"
124.128.63.62 - - [08/Dec/2020:07:50:44 +0000] "GET /static/user.css HTTP/1.1" 200 0 "http://39.99.166.105:8000/matrix/" "Mozilla/5.0 (Windows NT 10.0; WOW64) AppleWebKit/537.36 (KHTML, like Gecko) Chrome/70.0.3538.25 Safari/537.36 Core/1.70.3823.400 QQBrowser/10.7.4307.400"
124.128.63.62 - - [08/Dec/2020:07:50:44 +0000] "GET /matrix/scores HTTP/1.1" 200 3 "http://39.99.166.105:8000/matrix/" "Mozilla/5.0 (Windows NT 10.0; WOW64) AppleWebKit/537.36 (KHTML, like Gecko) Chrome/70.0.3538.25 Safari/537.36 Core/1.70.3823.400 QQBrowser/10.7.4307.400"
112.224.2.160 - - [08/Dec/2020:07:50:50 +0000] "GET /api/v1/flags/types/-%20%E9%9D%99%E6%80%81 HTTP/1.1" 500 37 "http://39.99.166.105:8000/admin/challenges/1" "Mozilla/5.0 (Windows NT 10.0; Win64; x64) AppleWebKit/537.36 (KHTML, like Gecko) Chrome/87.0.4280.67 Safari/537.36 Edg/87.0.664.55"
124.128.63.62 - - [08/Dec/2020:07:50:52 +0000] "GET /users HTTP/1.1" 200 8040 "http://39.99.166.105:8000/matrix/" "Mozilla/5.0 (Windows NT 10.0; WOW64) AppleWebKit/537.36 (KHTML, like Gecko) Chrome/70.0.3538.25 Safari/537.36 Core/1.70.3823.400 QQBrowser/10.7.4307.400"
124.128.63.62 - - [08/Dec/2020:07:50:52 +0000] "GET /static/user.css HTTP/1.1" 200 0 "http://39.99.166.105:8000/users" "Mozilla/5.0 (Windows NT 10.0; WOW64) AppleWebKit/537.36 (KHTML, like Gecko) Chrome/70.0.3538.25 Safari/537.36 Core/1.70.3823.400 QQBrowser/10.7.4307.400"
124.128.63.62 - - [08/Dec/2020:07:50:54 +0000] "GET /users/2 HTTP/1.1" 200 8035 "http://39.99.166.105:8000/users" "Mozilla/5.0 (Windows NT 10.0; WOW64) AppleWebKit/537.36 (KHTML, like Gecko) Chrome/70.0.3538.25 Safari/537.36 Core/1.70.3823.400 QQBrowser/10.7.4307.400"
124.128.63.62 - - [08/Dec/2020:07:50:54 +0000] "GET /static/user.css HTTP/1.1" 200 0 "http://39.99.166.105:8000/users/2" "Mozilla/5.0 (Windows NT 10.0; WOW64) AppleWebKit/537.36 (KHTML, like Gecko) Chrome/70.0.3538.25 Safari/537.36 Core/1.70.3823.400 QQBrowser/10.7.4307.400"
124.128.63.62 - - [08/Dec/2020:07:50:54 +0000] "GET /api/v1/users/me/solves HTTP/1.1" 200 30 "http://39.99.166.105:8000/users/2" "Mozilla/5.0 (Windows NT 10.0; WOW64) AppleWebKit/537.36 (KHTML, like Gecko) Chrome/70.0.3538.25 Safari/537.36 Core/1.70.3823.400 QQBrowser/10.7.4307.400"
124.128.63.62 - - [08/Dec/2020:07:50:54 +0000] "GET /api/v1/users/me/fails HTTP/1.1" 200 52 "http://39.99.166.105:8000/users/2" "Mozilla/5.0 (Windows NT 10.0; WOW64) AppleWebKit/537.36 (KHTML, like Gecko) Chrome/70.0.3538.25 Safari/537.36 Core/1.70.3823.400 QQBrowser/10.7.4307.400"
124.128.63.62 - - [08/Dec/2020:07:50:54 +0000] "GET /api/v1/users/me/solves HTTP/1.1" 200 30 "http://39.99.166.105:8000/users/2" "Mozilla/5.0 (Windows NT 10.0; WOW64) AppleWebKit/537.36 (KHTML, like Gecko) Chrome/70.0.3538.25 Safari/537.36 Core/1.70.3823.400 QQBrowser/10.7.4307.400"
124.128.63.62 - - [08/Dec/2020:07:50:54 +0000] "GET /api/v1/users/me/solves HTTP/1.1" 200 30 "http://39.99.166.105:8000/users/2" "Mozilla/5.0 (Windows NT 10.0; WOW64) AppleWebKit/537.36 (KHTML, like Gecko) Chrome/70.0.3538.25 Safari/537.36 Core/1.70.3823.400 QQBrowser/10.7.4307.400"
124.128.63.62 - - [08/Dec/2020:07:50:54 +0000] "GET /api/v1/users/me/awards HTTP/1.1" 200 30 "http://39.99.166.105:8000/users/2" "Mozilla/5.0 (Windows NT 10.0; WOW64) AppleWebKit/537.36 (KHTML, like Gecko) Chrome/70.0.3538.25 Safari/537.36 Core/1.70.3823.400 QQBrowser/10.7.4307.400"
124.128.63.62 - - [08/Dec/2020:07:50:59 +0000] "GET /challenges HTTP/1.1" 200 8035 "http://39.99.166.105:8000/users/2" "Mozilla/5.0 (Windows NT 10.0; WOW64) AppleWebKit/537.36 (KHTML, like Gecko) Chrome/70.0.3538.25 Safari/537.36 Core/1.70.3823.400 QQBrowser/10.7.4307.400"
124.128.63.62 - - [08/Dec/2020:07:50:59 +0000] "GET /static/user.css HTTP/1.1" 200 0 "http://39.99.166.105:8000/challenges" "Mozilla/5.0 (Windows NT 10.0; WOW64) AppleWebKit/537.36 (KHTML, like Gecko) Chrome/70.0.3538.25 Safari/537.36 Core/1.70.3823.400 QQBrowser/10.7.4307.400"
124.128.63.62 - - [08/Dec/2020:07:50:59 +0000] "GET /api/v1/users/me/solves HTTP/1.1" 200 30 "http://39.99.166.105:8000/challenges" "Mozilla/5.0 (Windows NT 10.0; WOW64) AppleWebKit/537.36 (KHTML, like Gecko) Chrome/70.0.3538.25 Safari/537.36 Core/1.70.3823.400 QQBrowser/10.7.4307.400"
124.128.63.62 - - [08/Dec/2020:07:50:59 +0000] "GET /api/v1/challenges HTTP/1.1" 200 245 "http://39.99.166.105:8000/challenges" "Mozilla/5.0 (Windows NT 10.0; WOW64) AppleWebKit/537.36 (KHTML, like Gecko) Chrome/70.0.3538.25 Safari/537.36 Core/1.70.3823.400 QQBrowser/10.7.4307.400"
124.128.63.62 - - [08/Dec/2020:07:51:00 +0000] "GET /api/v1/challenges/1/solves HTTP/1.1" 200 30 "http://39.99.166.105:8000/challenges" "Mozilla/5.0 (Windows NT 10.0; WOW64) AppleWebKit/537.36 (KHTML, like Gecko) Chrome/70.0.3538.25 Safari/537.36 Core/1.70.3823.400 QQBrowser/10.7.4307.400"
124.128.63.62 - - [08/Dec/2020:07:51:00 +0000] "GET /api/v1/challenges/1 HTTP/1.1" 200 689 "http://39.99.166.105:8000/challenges" "Mozilla/5.0 (Windows NT 10.0; WOW64) AppleWebKit/537.36 (KHTML, like Gecko) Chrome/70.0.3538.25 Safari/537.36 Core/1.70.3823.400 QQBrowser/10.7.4307.400"
124.128.63.62 - - [08/Dec/2020:07:51:00 +0000] "GET /plugins/challenges/assets/view.js?_=1607413861106 HTTP/1.1" 200 0 "http://39.99.166.105:8000/challenges" "Mozilla/5.0 (Windows NT 10.0; WOW64) AppleWebKit/537.36 (KHTML, like Gecko) Chrome/70.0.3538.25 Safari/537.36 Core/1.70.3823.400 QQBrowser/10.7.4307.400"
124.128.63.62 - - [08/Dec/2020:07:51:04 +0000] "POST /api/v1/challenges/attempt HTTP/1.1" 200 75 "http://39.99.166.105:8000/challenges" "Mozilla/5.0 (Windows NT 10.0; WOW64) AppleWebKit/537.36 (KHTML, like Gecko) Chrome/70.0.3538.25 Safari/537.36 Core/1.70.3823.400 QQBrowser/10.7.4307.400"
124.128.63.62 - - [08/Dec/2020:07:51:04 +0000] "GET /api/v1/challenges HTTP/1.1" 200 245 "http://39.99.166.105:8000/challenges" "Mozilla/5.0 (Windows NT 10.0; WOW64) AppleWebKit/537.36 (KHTML, like Gecko) Chrome/70.0.3538.25 Safari/537.36 Core/1.70.3823.400 QQBrowser/10.7.4307.400"
124.128.63.62 - - [08/Dec/2020:07:51:04 +0000] "GET /api/v1/users/me/solves HTTP/1.1" 200 30 "http://39.99.166.105:8000/challenges" "Mozilla/5.0 (Windows NT 10.0; WOW64) AppleWebKit/537.36 (KHTML, like Gecko) Chrome/70.0.3538.25 Safari/537.36 Core/1.70.3823.400 QQBrowser/10.7.4307.400"
112.224.2.160 - - [08/Dec/2020:07:51:04 +0000] "POST /api/v1/flags HTTP/1.1" 200 136 "http://39.99.166.105:8000/admin/challenges/1" "Mozilla/5.0 (Windows NT 10.0; Win64; x64) AppleWebKit/537.36 (KHTML, like Gecko) Chrome/87.0.4280.67 Safari/537.36 Edg/87.0.664.55"
112.224.2.160 - - [08/Dec/2020:07:51:04 +0000] "POST /api/v1/flags HTTP/1.1" 200 136 "http://39.99.166.105:8000/admin/challenges/1" "Mozilla/5.0 (Windows NT 10.0; Win64; x64) AppleWebKit/537.36 (KHTML, like Gecko) Chrome/87.0.4280.67 Safari/537.36 Edg/87.0.664.55"
112.224.2.160 - - [08/Dec/2020:07:51:04 +0000] "POST /api/v1/flags HTTP/1.1" 200 136 "http://39.99.166.105:8000/admin/challenges/1" "Mozilla/5.0 (Windows NT 10.0; Win64; x64) AppleWebKit/537.36 (KHTML, like Gecko) Chrome/87.0.4280.67 Safari/537.36 Edg/87.0.664.55"
112.224.2.160 - - [08/Dec/2020:07:51:04 +0000] "GET /admin/challenges/1 HTTP/1.1" 200 18533 "http://39.99.166.105:8000/admin/challenges/1" "Mozilla/5.0 (Windows NT 10.0; Win64; x64) AppleWebKit/537.36 (KHTML, like Gecko) Chrome/87.0.4280.67 Safari/537.36 Edg/87.0.664.55"
112.224.2.160 - - [08/Dec/2020:07:51:36 +0000] "GET /themes/core/static/img/favicon.ico HTTP/1.1" 200 0 "http://39.99.166.105:8000/admin/challenges/1" "Mozilla/5.0 (Windows NT 10.0; Win64; x64) AppleWebKit/537.36 (KHTML, like Gecko) Chrome/87.0.4280.67 Safari/537.36 Edg/87.0.664.55"
112.224.2.160 - - [08/Dec/2020:07:52:03 +0000] "DELETE /api/v1/flags/3 HTTP/1.1" 200 18 "http://39.99.166.105:8000/admin/challenges/1" "Mozilla/5.0 (Windows NT 10.0; Win64; x64) AppleWebKit/537.36 (KHTML, like Gecko) Chrome/87.0.4280.67 Safari/537.36 Edg/87.0.664.55"
112.224.2.160 - - [08/Dec/2020:07:52:06 +0000] "DELETE /api/v1/flags/2 HTTP/1.1" 200 18 "http://39.99.166.105:8000/admin/challenges/1" "Mozilla/5.0 (Windows NT 10.0; Win64; x64) AppleWebKit/537.36 (KHTML, like Gecko) Chrome/87.0.4280.67 Safari/537.36 Edg/87.0.664.55"
112.224.2.160 - - [08/Dec/2020:07:52:09 +0000] "PATCH /api/v1/challenges/1 HTTP/1.1" 200 629 "http://39.99.166.105:8000/admin/challenges/1" "Mozilla/5.0 (Windows NT 10.0; Win64; x64) AppleWebKit/537.36 (KHTML, like Gecko) Chrome/87.0.4280.67 Safari/537.36 Edg/87.0.664.55"
112.224.2.160 - - [08/Dec/2020:07:52:13 +0000] "GET / HTTP/1.1" 200 9178 "http://39.99.166.105:8000/admin/challenges/1" "Mozilla/5.0 (Windows NT 10.0; Win64; x64) AppleWebKit/537.36 (KHTML, like Gecko) Chrome/87.0.4280.67 Safari/537.36 Edg/87.0.664.55"
112.224.2.160 - - [08/Dec/2020:07:52:14 +0000] "GET /static/user.css HTTP/1.1" 200 0 "http://39.99.166.105:8000/" "Mozilla/5.0 (Windows NT 10.0; Win64; x64) AppleWebKit/537.36 (KHTML, like Gecko) Chrome/87.0.4280.67 Safari/537.36 Edg/87.0.664.55"
112.224.2.160 - - [08/Dec/2020:07:52:17 +0000] "GET /challenges HTTP/1.1" 200 8305 "http://39.99.166.105:8000/" "Mozilla/5.0 (Windows NT 10.0; Win64; x64) AppleWebKit/537.36 (KHTML, like Gecko) Chrome/87.0.4280.67 Safari/537.36 Edg/87.0.664.55"
112.224.2.160 - - [08/Dec/2020:07:52:17 +0000] "GET /static/user.css HTTP/1.1" 200 0 "http://39.99.166.105:8000/challenges" "Mozilla/5.0 (Windows NT 10.0; Win64; x64) AppleWebKit/537.36 (KHTML, like Gecko) Chrome/87.0.4280.67 Safari/537.36 Edg/87.0.664.55"
112.224.2.160 - - [08/Dec/2020:07:52:18 +0000] "GET /api/v1/users/me/solves HTTP/1.1" 200 30 "http://39.99.166.105:8000/challenges" "Mozilla/5.0 (Windows NT 10.0; Win64; x64) AppleWebKit/537.36 (KHTML, like Gecko) Chrome/87.0.4280.67 Safari/537.36 Edg/87.0.664.55"
112.224.2.160 - - [08/Dec/2020:07:52:18 +0000] "GET /api/v1/challenges HTTP/1.1" 200 236 "http://39.99.166.105:8000/challenges" "Mozilla/5.0 (Windows NT 10.0; Win64; x64) AppleWebKit/537.36 (KHTML, like Gecko) Chrome/87.0.4280.67 Safari/537.36 Edg/87.0.664.55"
112.224.2.160 - - [08/Dec/2020:07:52:20 +0000] "GET /api/v1/challenges/1/solves HTTP/1.1" 200 30 "http://39.99.166.105:8000/challenges" "Mozilla/5.0 (Windows NT 10.0; Win64; x64) AppleWebKit/537.36 (KHTML, like Gecko) Chrome/87.0.4280.67 Safari/537.36 Edg/87.0.664.55"
112.224.2.160 - - [08/Dec/2020:07:52:20 +0000] "GET /api/v1/challenges/1 HTTP/1.1" 200 680 "http://39.99.166.105:8000/challenges" "Mozilla/5.0 (Windows NT 10.0; Win64; x64) AppleWebKit/537.36 (KHTML, like Gecko) Chrome/87.0.4280.67 Safari/537.36 Edg/87.0.664.55"
112.224.2.160 - - [08/Dec/2020:07:52:20 +0000] "GET /plugins/challenges/assets/view.js?_=1607413938256 HTTP/1.1" 200 0 "http://39.99.166.105:8000/challenges" "Mozilla/5.0 (Windows NT 10.0; Win64; x64) AppleWebKit/537.36 (KHTML, like Gecko) Chrome/87.0.4280.67 Safari/537.36 Edg/87.0.664.55"
112.224.2.160 - - [08/Dec/2020:07:52:23 +0000] "POST /api/v1/challenges/attempt HTTP/1.1" 200 71 "http://39.99.166.105:8000/challenges" "Mozilla/5.0 (Windows NT 10.0; Win64; x64) AppleWebKit/537.36 (KHTML, like Gecko) Chrome/87.0.4280.67 Safari/537.36 Edg/87.0.664.55"
112.224.2.160 - - [08/Dec/2020:07:52:23 +0000] "GET /api/v1/challenges HTTP/1.1" 200 236 "http://39.99.166.105:8000/challenges" "Mozilla/5.0 (Windows NT 10.0; Win64; x64) AppleWebKit/537.36 (KHTML, like Gecko) Chrome/87.0.4280.67 Safari/537.36 Edg/87.0.664.55"
112.224.2.160 - - [08/Dec/2020:07:52:24 +0000] "GET /api/v1/users/me/solves HTTP/1.1" 200 275 "http://39.99.166.105:8000/challenges" "Mozilla/5.0 (Windows NT 10.0; Win64; x64) AppleWebKit/537.36 (KHTML, like Gecko) Chrome/87.0.4280.67 Safari/537.36 Edg/87.0.664.55"
112.224.2.160 - - [08/Dec/2020:07:52:27 +0000] "GET /admin HTTP/1.1" 302 241 "http://39.99.166.105:8000/challenges" "Mozilla/5.0 (Windows NT 10.0; Win64; x64) AppleWebKit/537.36 (KHTML, like Gecko) Chrome/87.0.4280.67 Safari/537.36 Edg/87.0.664.55"
112.224.2.160 - - [08/Dec/2020:07:52:28 +0000] "GET /admin/statistics HTTP/1.1" 200 7006 "http://39.99.166.105:8000/challenges" "Mozilla/5.0 (Windows NT 10.0; Win64; x64) AppleWebKit/537.36 (KHTML, like Gecko) Chrome/87.0.4280.67 Safari/537.36 Edg/87.0.664.55"
124.128.63.62 - - [08/Dec/2020:07:52:43 +0000] "POST /api/v1/challenges/attempt HTTP/1.1" 200 71 "http://39.99.166.105:8000/challenges" "Mozilla/5.0 (Windows NT 10.0; WOW64) AppleWebKit/537.36 (KHTML, like Gecko) Chrome/70.0.3538.25 Safari/537.36 Core/1.70.3823.400 QQBrowser/10.7.4307.400"
124.128.63.62 - - [08/Dec/2020:07:52:43 +0000] "GET /api/v1/challenges HTTP/1.1" 200 236 "http://39.99.166.105:8000/challenges" "Mozilla/5.0 (Windows NT 10.0; WOW64) AppleWebKit/537.36 (KHTML, like Gecko) Chrome/70.0.3538.25 Safari/537.36 Core/1.70.3823.400 QQBrowser/10.7.4307.400"
124.128.63.62 - - [08/Dec/2020:07:52:43 +0000] "GET /api/v1/users/me/solves HTTP/1.1" 200 219 "http://39.99.166.105:8000/challenges" "Mozilla/5.0 (Windows NT 10.0; WOW64) AppleWebKit/537.36 (KHTML, like Gecko) Chrome/70.0.3538.25 Safari/537.36 Core/1.70.3823.400 QQBrowser/10.7.4307.400"
124.128.63.62 - - [08/Dec/2020:07:52:47 +0000] "POST /api/v1/challenges/attempt HTTP/1.1" 200 94 "http://39.99.166.105:8000/challenges" "Mozilla/5.0 (Windows NT 10.0; WOW64) AppleWebKit/537.36 (KHTML, like Gecko) Chrome/70.0.3538.25 Safari/537.36 Core/1.70.3823.400 QQBrowser/10.7.4307.400"
124.128.63.62 - - [08/Dec/2020:07:52:48 +0000] "GET /api/v1/challenges HTTP/1.1" 200 236 "http://39.99.166.105:8000/challenges" "Mozilla/5.0 (Windows NT 10.0; WOW64) AppleWebKit/537.36 (KHTML, like Gecko) Chrome/70.0.3538.25 Safari/537.36 Core/1.70.3823.400 QQBrowser/10.7.4307.400"
124.128.63.62 - - [08/Dec/2020:07:52:48 +0000] "GET /api/v1/users/me/solves HTTP/1.1" 200 219 "http://39.99.166.105:8000/challenges" "Mozilla/5.0 (Windows NT 10.0; WOW64) AppleWebKit/537.36 (KHTML, like Gecko) Chrome/70.0.3538.25 Safari/537.36 Core/1.70.3823.400 QQBrowser/10.7.4307.400"
124.128.63.62 - - [08/Dec/2020:07:52:53 +0000] "POST /api/v1/challenges/attempt HTTP/1.1" 200 94 "http://39.99.166.105:8000/challenges" "Mozilla/5.0 (Windows NT 10.0; WOW64) AppleWebKit/537.36 (KHTML, like Gecko) Chrome/70.0.3538.25 Safari/537.36 Core/1.70.3823.400 QQBrowser/10.7.4307.400"
124.128.63.62 - - [08/Dec/2020:07:52:53 +0000] "GET /api/v1/challenges HTTP/1.1" 200 236 "http://39.99.166.105:8000/challenges" "Mozilla/5.0 (Windows NT 10.0; WOW64) AppleWebKit/537.36 (KHTML, like Gecko) Chrome/70.0.3538.25 Safari/537.36 Core/1.70.3823.400 QQBrowser/10.7.4307.400"
124.128.63.62 - - [08/Dec/2020:07:52:53 +0000] "GET /api/v1/users/me/solves HTTP/1.1" 200 219 "http://39.99.166.105:8000/challenges" "Mozilla/5.0 (Windows NT 10.0; WOW64) AppleWebKit/537.36 (KHTML, like Gecko) Chrome/70.0.3538.25 Safari/537.36 Core/1.70.3823.400 QQBrowser/10.7.4307.400"
124.128.63.62 - - [08/Dec/2020:07:52:55 +0000] "GET /api/v1/challenges/1 HTTP/1.1" 200 680 "http://39.99.166.105:8000/challenges" "Mozilla/5.0 (Windows NT 10.0; WOW64) AppleWebKit/537.36 (KHTML, like Gecko) Chrome/70.0.3538.25 Safari/537.36 Core/1.70.3823.400 QQBrowser/10.7.4307.400"
124.128.63.62 - - [08/Dec/2020:07:52:55 +0000] "GET /api/v1/challenges/1/solves HTTP/1.1" 200 121 "http://39.99.166.105:8000/challenges" "Mozilla/5.0 (Windows NT 10.0; WOW64) AppleWebKit/537.36 (KHTML, like Gecko) Chrome/70.0.3538.25 Safari/537.36 Core/1.70.3823.400 QQBrowser/10.7.4307.400"
124.128.63.62 - - [08/Dec/2020:07:52:55 +0000] "GET /plugins/challenges/assets/view.js?_=1607413861107 HTTP/1.1" 200 0 "http://39.99.166.105:8000/challenges" "Mozilla/5.0 (Windows NT 10.0; WOW64) AppleWebKit/537.36 (KHTML, like Gecko) Chrome/70.0.3538.25 Safari/537.36 Core/1.70.3823.400 QQBrowser/10.7.4307.400"
112.224.2.160 - - [08/Dec/2020:07:52:59 +0000] "GET /api/v1/statistics/submissions/type HTTP/1.1" 200 58 "http://39.99.166.105:8000/admin/statistics" "Mozilla/5.0 (Windows NT 10.0; Win64; x64) AppleWebKit/537.36 (KHTML, like Gecko) Chrome/87.0.4280.67 Safari/537.36 Edg/87.0.664.55"
112.224.2.160 - - [08/Dec/2020:07:52:59 +0000] "GET /api/v1/statistics/challenges/solves HTTP/1.1" 200 77 "http://39.99.166.105:8000/admin/statistics" "Mozilla/5.0 (Windows NT 10.0; Win64; x64) AppleWebKit/537.36 (KHTML, like Gecko) Chrome/87.0.4280.67 Safari/537.36 Edg/87.0.664.55"
112.224.2.160 - - [08/Dec/2020:07:52:59 +0000] "GET /api/v1/statistics/challenges/category HTTP/1.1" 200 47 "http://39.99.166.105:8000/admin/statistics" "Mozilla/5.0 (Windows NT 10.0; Win64; x64) AppleWebKit/537.36 (KHTML, like Gecko) Chrome/87.0.4280.67 Safari/537.36 Edg/87.0.664.55"
112.224.2.160 - - [08/Dec/2020:07:52:59 +0000] "GET /api/v1/statistics/challenges/solves/percentages HTTP/1.1" 200 83 "http://39.99.166.105:8000/admin/statistics" "Mozilla/5.0 (Windows NT 10.0; Win64; x64) AppleWebKit/537.36 (KHTML, like Gecko) Chrome/87.0.4280.67 Safari/537.36 Edg/87.0.664.55"
112.224.2.160 - - [08/Dec/2020:07:53:26 +0000] "GET /admin/challenges HTTP/1.1" 200 7180 "http://39.99.166.105:8000/admin/statistics" "Mozilla/5.0 (Windows NT 10.0; Win64; x64) AppleWebKit/537.36 (KHTML, like Gecko) Chrome/87.0.4280.67 Safari/537.36 Edg/87.0.664.55"
124.128.63.62 - - [08/Dec/2020:07:53:35 +0000] "GET /api/v1/challenges/1 HTTP/1.1" 200 680 "http://39.99.166.105:8000/challenges" "Mozilla/5.0 (Windows NT 10.0; WOW64) AppleWebKit/537.36 (KHTML, like Gecko) Chrome/70.0.3538.25 Safari/537.36 Core/1.70.3823.400 QQBrowser/10.7.4307.400"
124.128.63.62 - - [08/Dec/2020:07:53:35 +0000] "GET /api/v1/challenges/1/solves HTTP/1.1" 200 121 "http://39.99.166.105:8000/challenges" "Mozilla/5.0 (Windows NT 10.0; WOW64) AppleWebKit/537.36 (KHTML, like Gecko) Chrome/70.0.3538.25 Safari/537.36 Core/1.70.3823.400 QQBrowser/10.7.4307.400"
124.128.63.62 - - [08/Dec/2020:07:53:35 +0000] "GET /plugins/challenges/assets/view.js?_=1607413861108 HTTP/1.1" 200 0 "http://39.99.166.105:8000/challenges" "Mozilla/5.0 (Windows NT 10.0; WOW64) AppleWebKit/537.36 (KHTML, like Gecko) Chrome/70.0.3538.25 Safari/537.36 Core/1.70.3823.400 QQBrowser/10.7.4307.400"
112.224.2.160 - - [08/Dec/2020:07:54:06 +0000] "GET /admin/challenges/1 HTTP/1.1" 200 18328 "http://39.99.166.105:8000/admin/challenges" "Mozilla/5.0 (Windows NT 10.0; Win64; x64) AppleWebKit/537.36 (KHTML, like Gecko) Chrome/87.0.4280.67 Safari/537.36 Edg/87.0.664.55"
61.129.6.151 - - [08/Dec/2020:07:54:14 +0000] "GET / HTTP/1.1" 200 8627 "-" "Mozilla/5.0 (Windows NT 6.1; WOW64) AppleWebKit/537.36 (KHTML, like Gecko) Chrome/53.0.2785.104 Safari/537.36 Core/1.53.2141.400 QQBrowser/9.5.10219.400"
61.129.6.151 - - [08/Dec/2020:07:54:34 +0000] "GET /themes/H1ve-theme/static/js/vendor/promise-polyfill.min.js HTTP/1.1" 200 0 "http://39.99.166.105:8000/" "Mozilla/5.0 (Windows NT 6.1; WOW64) AppleWebKit/537.36 (KHTML, like Gecko) Chrome/45.0.2454.101 Safari/537.36"
61.151.178.236 - - [08/Dec/2020:07:54:50 +0000] "GET /challenges HTTP/1.1" 302 263 "-" "Mozilla/5.0 (Windows NT 6.1; WOW64; rv:50.0) Gecko/20100101 Firefox/50.0"
180.97.118.219 - - [08/Dec/2020:07:54:53 +0000] "GET /login?next=%2Fchallenges%3F HTTP/1.1" 200 8153 "-" "Mozilla/5.0 (Macintosh; Intel Mac OS X 10_12_4) AppleWebKit/537.36 (KHTML, like Gecko) 			Chrome/55.0.2883.95 Safari/537.36"
61.151.178.236 - - [08/Dec/2020:07:54:53 +0000] "GET /login?next=%2Fchallenges%3F HTTP/1.1" 200 8153 "http://39.99.166.105:8000/challenges" "Mozilla/5.0 (Windows NT 6.1; WOW64; rv:50.0) Gecko/20100101 Firefox/50.0"
112.224.2.160 - - [08/Dec/2020:07:54:54 +0000] "PATCH /api/v1/challenges/1 HTTP/1.1" 200 638 "http://39.99.166.105:8000/admin/challenges/1" "Mozilla/5.0 (Windows NT 10.0; Win64; x64) AppleWebKit/537.36 (KHTML, like Gecko) Chrome/87.0.4280.67 Safari/537.36 Edg/87.0.664.55"
61.129.6.151 - - [08/Dec/2020:07:54:54 +0000] "GET /themes/H1ve-theme/static/js/vendor/eventsource.min.js HTTP/1.1" 200 0 "http://39.99.166.105:8000/" "Mozilla/5.0 (Windows NT 6.1; WOW64) AppleWebKit/537.36 (KHTML, like Gecko) Chrome/53.0.2785.104 Safari/537.36 Core/1.53.2141.400 QQBrowser/9.5.10219.400"
112.224.2.160 - - [08/Dec/2020:07:55:02 +0000] "GET / HTTP/1.1" 200 9178 "http://39.99.166.105:8000/admin/challenges/1" "Mozilla/5.0 (Windows NT 10.0; Win64; x64) AppleWebKit/537.36 (KHTML, like Gecko) Chrome/87.0.4280.67 Safari/537.36 Edg/87.0.664.55"
112.224.2.160 - - [08/Dec/2020:07:55:02 +0000] "GET /static/user.css HTTP/1.1" 200 0 "http://39.99.166.105:8000/" "Mozilla/5.0 (Windows NT 10.0; Win64; x64) AppleWebKit/537.36 (KHTML, like Gecko) Chrome/87.0.4280.67 Safari/537.36 Edg/87.0.664.55"
101.89.29.92 - - [08/Dec/2020:07:55:04 +0000] "GET /register HTTP/1.1" 200 8148 "-" "Mozilla/5.0 (Windows NT 6.1; WOW64) AppleWebKit/537.36 (KHTML, like Gecko) Chrome/45.0.2454.101 Safari/537.36"
180.97.118.219 - - [08/Dec/2020:07:55:13 +0000] "GET /themes/H1ve-theme/static/js/vendor/promise-polyfill.min.js HTTP/1.1" 200 0 "http://39.99.166.105:8000/login?next=%2Fchallenges%3F" "Mozilla/5.0 (Macintosh; Intel Mac OS X 10_12_4) AppleWebKit/537.36 (KHTML, like Gecko) 			Chrome/55.0.2883.95 Safari/537.36"
61.129.6.151 - - [08/Dec/2020:07:55:15 +0000] "GET /themes/H1ve-theme/static/js/vendor/fetch.min.js HTTP/1.1" 200 0 "http://39.99.166.105:8000/" "Mozilla/5.0 (Windows NT 6.1; WOW64) AppleWebKit/537.36 (KHTML, like Gecko) Chrome/45.0.2454.101 Safari/537.36"
61.151.178.236 - - [08/Dec/2020:07:55:21 +0000] "GET /themes/H1ve-theme/static/js/vendor/promise-polyfill.min.js HTTP/1.1" 200 0 "http://39.99.166.105:8000/login?next=%2Fchallenges%3F" "Mozilla/5.0 (Macintosh; Intel Mac OS X 10_12_4) AppleWebKit/537.36 (KHTML, like Gecko) 			Chrome/55.0.2883.95 Safari/537.36"
101.89.29.92 - - [08/Dec/2020:07:55:24 +0000] "GET /themes/H1ve-theme/static/js/vendor/promise-polyfill.min.js HTTP/1.1" 200 0 "http://39.99.166.105:8000/register" "Mozilla/5.0 (Windows NT 6.1; WOW64; rv:50.0) Gecko/20100101 Firefox/50.0"
61.129.6.225 - - [08/Dec/2020:07:55:27 +0000] "GET /challenges HTTP/1.1" 302 263 "-" "Mozilla/5.0 (Windows NT 6.1; WOW64; rv:50.0) Gecko/20100101 Firefox/50.0"
180.97.118.219 - - [08/Dec/2020:07:55:33 +0000] "GET /themes/H1ve-theme/static/js/vendor/eventsource.min.js HTTP/1.1" 200 0 "http://39.99.166.105:8000/login?next=%2Fchallenges%3F" "Mozilla/5.0 (Windows NT 6.1; WOW64) AppleWebKit/537.36 (KHTML, like Gecko) Chrome/43.0.2357.124 Safari/537.36"
61.129.6.225 - - [08/Dec/2020:07:55:33 +0000] "GET /login?next=%2Fchallenges%3F HTTP/1.1" 200 8153 "http://39.99.166.105:8000/challenges" "Mozilla/5.0 (Windows NT 6.1; WOW64; rv:50.0) Gecko/20100101 Firefox/50.0"
61.129.6.151 - - [08/Dec/2020:07:55:35 +0000] "GET /themes/H1ve-theme/static/js/CTFd.js HTTP/1.1" 200 0 "http://39.99.166.105:8000/" "Mozilla/5.0 (Windows NT 6.1; WOW64) AppleWebKit/537.36 (KHTML, like Gecko) Chrome/45.0.2454.101 Safari/537.36"
61.151.178.236 - - [08/Dec/2020:07:55:41 +0000] "GET /themes/H1ve-theme/static/js/vendor/eventsource.min.js HTTP/1.1" 200 0 "http://39.99.166.105:8000/login?next=%2Fchallenges%3F" "Mozilla/5.0 (Windows NT 6.1; WOW64; Trident/7.0; SLCC2; .NET CLR 2.0.50727; .NET CLR 3.5.30729; .NET CLR 3.0.30729; Media Center PC 6.0; .NET4.0C; .NET4.0E; InfoPath.3; rv:11.0) like Gecko"
101.89.29.92 - - [08/Dec/2020:07:55:44 +0000] "GET /themes/H1ve-theme/static/js/vendor/eventsource.min.js HTTP/1.1" 200 0 "http://39.99.166.105:8000/register" "Mozilla/5.0 (Windows NT 6.1; WOW64) AppleWebKit/537.36 (KHTML, like Gecko) Chrome/53.0.2785.104 Safari/537.36 Core/1.53.2141.400 QQBrowser/9.5.10219.400"
180.97.118.219 - - [08/Dec/2020:07:55:53 +0000] "GET /themes/H1ve-theme/static/js/vendor/fetch.min.js HTTP/1.1" 200 0 "http://39.99.166.105:8000/login?next=%2Fchallenges%3F" "Mozilla/5.0 (Windows NT 6.1; WOW64; Trident/7.0; SLCC2; .NET CLR 2.0.50727; .NET CLR 3.5.30729; .NET CLR 3.0.30729; Media Center PC 6.0; .NET4.0C; .NET4.0E; InfoPath.3; rv:11.0) like Gecko"
61.129.6.151 - - [08/Dec/2020:07:55:55 +0000] "GET /themes/H1ve-theme/static/js/vendor/moment.min.js HTTP/1.1" 200 0 "http://39.99.166.105:8000/" "Mozilla/5.0 (Windows NT 6.1; WOW64) AppleWebKit/537.36 (KHTML, like Gecko) Chrome/43.0.2357.124 Safari/537.36"
61.129.6.225 - - [08/Dec/2020:07:55:57 +0000] "GET /themes/H1ve-theme/static/js/vendor/promise-polyfill.min.js HTTP/1.1" 200 0 "http://39.99.166.105:8000/login?next=%2Fchallenges%3F" "Mozilla/5.0 (Windows NT 6.1; WOW64) AppleWebKit/537.36 (KHTML, like Gecko) Chrome/53.0.2785.104 Safari/537.36 Core/1.53.2141.400 QQBrowser/9.5.10219.400"
124.128.63.62 - - [08/Dec/2020:07:55:59 +0000] "GET /api/v1/users/me/solves HTTP/1.1" 200 228 "http://39.99.166.105:8000/challenges" "Mozilla/5.0 (Windows NT 10.0; WOW64) AppleWebKit/537.36 (KHTML, like Gecko) Chrome/70.0.3538.25 Safari/537.36 Core/1.70.3823.400 QQBrowser/10.7.4307.400"
124.128.63.62 - - [08/Dec/2020:07:55:59 +0000] "GET /api/v1/challenges HTTP/1.1" 200 245 "http://39.99.166.105:8000/challenges" "Mozilla/5.0 (Windows NT 10.0; WOW64) AppleWebKit/537.36 (KHTML, like Gecko) Chrome/70.0.3538.25 Safari/537.36 Core/1.70.3823.400 QQBrowser/10.7.4307.400"
61.151.178.236 - - [08/Dec/2020:07:56:01 +0000] "GET /themes/H1ve-theme/static/js/vendor/fetch.min.js HTTP/1.1" 200 0 "http://39.99.166.105:8000/login?next=%2Fchallenges%3F" "Mozilla/5.0 (Windows NT 6.1; WOW64) AppleWebKit/537.36 (KHTML, like Gecko) Chrome/45.0.2454.101 Safari/537.36"
101.89.29.92 - - [08/Dec/2020:07:56:04 +0000] "GET /themes/H1ve-theme/static/js/vendor/fetch.min.js HTTP/1.1" 200 0 "http://39.99.166.105:8000/register" "Mozilla/5.0 (Windows NT 6.1; WOW64) AppleWebKit/537.36 (KHTML, like Gecko) Chrome/45.0.2454.101 Safari/537.36"
180.97.118.219 - - [08/Dec/2020:07:56:13 +0000] "GET /themes/H1ve-theme/static/js/CTFd.js HTTP/1.1" 200 0 "http://39.99.166.105:8000/login?next=%2Fchallenges%3F" "Mozilla/5.0 (Windows NT 6.1; WOW64; Trident/7.0; SLCC2; .NET CLR 2.0.50727; .NET CLR 3.5.30729; .NET CLR 3.0.30729; Media Center PC 6.0; .NET4.0C; .NET4.0E; InfoPath.3; rv:11.0) like Gecko"
112.224.2.160 - - [08/Dec/2020:07:56:15 +0000] "GET /admin HTTP/1.1" 302 241 "http://39.99.166.105:8000/" "Mozilla/5.0 (Windows NT 10.0; Win64; x64) AppleWebKit/537.36 (KHTML, like Gecko) Chrome/87.0.4280.67 Safari/537.36 Edg/87.0.664.55"
112.224.2.160 - - [08/Dec/2020:07:56:16 +0000] "GET /admin/statistics HTTP/1.1" 200 7158 "http://39.99.166.105:8000/" "Mozilla/5.0 (Windows NT 10.0; Win64; x64) AppleWebKit/537.36 (KHTML, like Gecko) Chrome/87.0.4280.67 Safari/537.36 Edg/87.0.664.55"
61.129.6.225 - - [08/Dec/2020:07:56:17 +0000] "GET /themes/H1ve-theme/static/js/vendor/eventsource.min.js HTTP/1.1" 200 0 "http://39.99.166.105:8000/login?next=%2Fchallenges%3F" "Mozilla/5.0 (Windows NT 6.1; WOW64) AppleWebKit/537.36 (KHTML, like Gecko) Chrome/43.0.2357.124 Safari/537.36"
61.151.178.236 - - [08/Dec/2020:07:56:21 +0000] "GET /themes/H1ve-theme/static/js/CTFd.js HTTP/1.1" 200 0 "http://39.99.166.105:8000/login?next=%2Fchallenges%3F" "Mozilla/5.0 (Windows NT 6.1; WOW64) AppleWebKit/537.36 (KHTML, like Gecko) Chrome/45.0.2454.101 Safari/537.36"
101.89.29.92 - - [08/Dec/2020:07:56:25 +0000] "GET /themes/H1ve-theme/static/js/CTFd.js HTTP/1.1" 200 0 "http://39.99.166.105:8000/register" "Mozilla/5.0 (Windows NT 6.1; WOW64; Trident/7.0; SLCC2; .NET CLR 2.0.50727; .NET CLR 3.5.30729; .NET CLR 3.0.30729; Media Center PC 6.0; .NET4.0C; .NET4.0E; InfoPath.3; rv:11.0) like Gecko"
180.97.118.219 - - [08/Dec/2020:07:56:33 +0000] "GET /themes/H1ve-theme/static/js/vendor/moment.min.js HTTP/1.1" 200 0 "http://39.99.166.105:8000/login?next=%2Fchallenges%3F" "Mozilla/5.0 (Windows NT 6.1; WOW64) AppleWebKit/537.36 (KHTML, like Gecko) Chrome/53.0.2785.104 Safari/537.36 Core/1.53.2141.400 QQBrowser/9.5.10219.400"
61.129.6.225 - - [08/Dec/2020:07:56:38 +0000] "GET /themes/H1ve-theme/static/js/vendor/fetch.min.js HTTP/1.1" 200 0 "http://39.99.166.105:8000/login?next=%2Fchallenges%3F" "Mozilla/5.0 (Macintosh; Intel Mac OS X 10_12_4) AppleWebKit/537.36 (KHTML, like Gecko) 			Chrome/55.0.2883.95 Safari/537.36"
61.151.178.236 - - [08/Dec/2020:07:56:42 +0000] "GET /themes/H1ve-theme/static/js/vendor/moment.min.js HTTP/1.1" 200 0 "http://39.99.166.105:8000/login?next=%2Fchallenges%3F" "Mozilla/5.0 (Windows NT 6.1; WOW64) AppleWebKit/537.36 (KHTML, like Gecko) Chrome/53.0.2785.104 Safari/537.36 Core/1.53.2141.400 QQBrowser/9.5.10219.400"
101.89.29.92 - - [08/Dec/2020:07:56:45 +0000] "GET /themes/H1ve-theme/static/js/vendor/moment.min.js HTTP/1.1" 200 0 "http://39.99.166.105:8000/register" "Mozilla/5.0 (Windows NT 6.1; WOW64; rv:50.0) Gecko/20100101 Firefox/50.0"
61.129.6.151 - - [08/Dec/2020:07:56:46 +0000] "GET /themes/H1ve-theme/static/js/vendor/nunjucks.min.js HTTP/1.1" 200 0 "http://39.99.166.105:8000/" "Mozilla/5.0 (Windows NT 6.1; WOW64) AppleWebKit/537.36 (KHTML, like Gecko) Chrome/56.0.2924.87 Safari/537.36"
112.224.2.160 - - [08/Dec/2020:07:56:47 +0000] "GET /api/v1/statistics/submissions/type HTTP/1.1" 200 58 "http://39.99.166.105:8000/admin/statistics" "Mozilla/5.0 (Windows NT 10.0; Win64; x64) AppleWebKit/537.36 (KHTML, like Gecko) Chrome/87.0.4280.67 Safari/537.36 Edg/87.0.664.55"
112.224.2.160 - - [08/Dec/2020:07:56:47 +0000] "GET /api/v1/statistics/challenges/solves HTTP/1.1" 200 86 "http://39.99.166.105:8000/admin/statistics" "Mozilla/5.0 (Windows NT 10.0; Win64; x64) AppleWebKit/537.36 (KHTML, like Gecko) Chrome/87.0.4280.67 Safari/537.36 Edg/87.0.664.55"
112.224.2.160 - - [08/Dec/2020:07:56:47 +0000] "GET /api/v1/statistics/challenges/category HTTP/1.1" 200 47 "http://39.99.166.105:8000/admin/statistics" "Mozilla/5.0 (Windows NT 10.0; Win64; x64) AppleWebKit/537.36 (KHTML, like Gecko) Chrome/87.0.4280.67 Safari/537.36 Edg/87.0.664.55"
112.224.2.160 - - [08/Dec/2020:07:56:47 +0000] "GET /api/v1/statistics/challenges/solves/percentages HTTP/1.1" 200 92 "http://39.99.166.105:8000/admin/statistics" "Mozilla/5.0 (Windows NT 10.0; Win64; x64) AppleWebKit/537.36 (KHTML, like Gecko) Chrome/87.0.4280.67 Safari/537.36 Edg/87.0.664.55"
112.224.2.160 - - [08/Dec/2020:07:56:56 +0000] "GET /admin/pages HTTP/1.1" 200 7438 "http://39.99.166.105:8000/admin/statistics" "Mozilla/5.0 (Windows NT 10.0; Win64; x64) AppleWebKit/537.36 (KHTML, like Gecko) Chrome/87.0.4280.67 Safari/537.36 Edg/87.0.664.55"
61.129.6.225 - - [08/Dec/2020:07:56:58 +0000] "GET /themes/H1ve-theme/static/js/CTFd.js HTTP/1.1" 200 0 "http://39.99.166.105:8000/login?next=%2Fchallenges%3F" "Mozilla/5.0 (Windows NT 6.1; WOW64) AppleWebKit/537.36 (KHTML, like Gecko) Chrome/53.0.2785.104 Safari/537.36 Core/1.53.2141.400 QQBrowser/9.5.10219.400"
61.129.6.225 - - [08/Dec/2020:07:57:18 +0000] "GET /themes/H1ve-theme/static/js/vendor/moment.min.js HTTP/1.1" 200 0 "http://39.99.166.105:8000/login?next=%2Fchallenges%3F" "Mozilla/5.0 (Windows NT 6.1; WOW64; Trident/7.0; SLCC2; .NET CLR 2.0.50727; .NET CLR 3.5.30729; .NET CLR 3.0.30729; Media Center PC 6.0; .NET4.0C; .NET4.0E; InfoPath.3; rv:11.0) like Gecko"
180.97.118.219 - - [08/Dec/2020:07:57:24 +0000] "GET /themes/H1ve-theme/static/js/vendor/nunjucks.min.js HTTP/1.1" 200 0 "http://39.99.166.105:8000/login?next=%2Fchallenges%3F" "Mozilla/5.0 (Windows NT 6.1; WOW64) AppleWebKit/537.36 (KHTML, like Gecko) Chrome/43.0.2357.124 Safari/537.36"
112.224.2.160 - - [08/Dec/2020:07:57:32 +0000] "GET /admin/pages/1 HTTP/1.1" 200 15092 "http://39.99.166.105:8000/admin/pages" "Mozilla/5.0 (Windows NT 10.0; Win64; x64) AppleWebKit/537.36 (KHTML, like Gecko) Chrome/87.0.4280.67 Safari/537.36 Edg/87.0.664.55"
61.151.178.236 - - [08/Dec/2020:07:57:32 +0000] "GET /themes/H1ve-theme/static/js/vendor/nunjucks.min.js HTTP/1.1" 200 0 "http://39.99.166.105:8000/login?next=%2Fchallenges%3F" "Mozilla/5.0 (Macintosh; Intel Mac OS X 10_12_4) AppleWebKit/537.36 (KHTML, like Gecko) 			Chrome/55.0.2883.95 Safari/537.36"
101.89.29.92 - - [08/Dec/2020:07:57:35 +0000] "GET /themes/H1ve-theme/static/js/vendor/nunjucks.min.js HTTP/1.1" 200 0 "http://39.99.166.105:8000/register" "Mozilla/5.0 (Macintosh; Intel Mac OS X 10_12_4) AppleWebKit/537.36 (KHTML, like Gecko) 			Chrome/55.0.2883.95 Safari/537.36"
61.129.6.151 - - [08/Dec/2020:07:57:46 +0000] "GET /themes/H1ve-theme/static/js/vendor/jquery.min.js HTTP/1.1" 200 0 "http://39.99.166.105:8000/" "Mozilla/5.0 (Macintosh; Intel Mac OS X 10_12_4) AppleWebKit/537.36 (KHTML, like Gecko) 			Chrome/55.0.2883.95 Safari/537.36"
61.129.6.225 - - [08/Dec/2020:07:58:08 +0000] "GET /themes/H1ve-theme/static/js/vendor/nunjucks.min.js HTTP/1.1" 200 0 "http://39.99.166.105:8000/login?next=%2Fchallenges%3F" "Mozilla/5.0 (Macintosh; Intel Mac OS X 10_12_4) AppleWebKit/537.36 (KHTML, like Gecko) 			Chrome/55.0.2883.95 Safari/537.36"
180.97.118.219 - - [08/Dec/2020:07:58:24 +0000] "GET /themes/H1ve-theme/static/js/vendor/jquery.min.js HTTP/1.1" 200 0 "http://39.99.166.105:8000/login?next=%2Fchallenges%3F" "Mozilla/5.0 (Windows NT 6.1; WOW64) AppleWebKit/537.36 (KHTML, like Gecko) Chrome/56.0.2924.87 Safari/537.36"
61.151.178.236 - - [08/Dec/2020:07:58:33 +0000] "GET /themes/H1ve-theme/static/js/vendor/jquery.min.js HTTP/1.1" 200 0 "http://39.99.166.105:8000/login?next=%2Fchallenges%3F" "Mozilla/5.0 (Windows NT 6.1; WOW64) AppleWebKit/537.36 (KHTML, like Gecko) Chrome/45.0.2454.101 Safari/537.36"
101.89.29.92 - - [08/Dec/2020:07:58:36 +0000] "GET /themes/H1ve-theme/static/js/vendor/jquery.min.js HTTP/1.1" 200 0 "http://39.99.166.105:8000/register" "Mozilla/5.0 (Windows NT 6.1; WOW64; rv:50.0) Gecko/20100101 Firefox/50.0"
61.129.6.151 - - [08/Dec/2020:07:58:57 +0000] "GET /themes/H1ve-theme/static/js/vendor/markdown-it.min.js HTTP/1.1" 200 0 "http://39.99.166.105:8000/" "Mozilla/5.0 (Windows NT 6.1; WOW64) AppleWebKit/537.36 (KHTML, like Gecko) Chrome/43.0.2357.124 Safari/537.36"
112.224.2.160 - - [08/Dec/2020:07:58:57 +0000] "POST /admin/pages/preview HTTP/1.1" 200 9178 "http://39.99.166.105:8000/admin/pages/1" "Mozilla/5.0 (Windows NT 10.0; Win64; x64) AppleWebKit/537.36 (KHTML, like Gecko) Chrome/87.0.4280.67 Safari/537.36 Edg/87.0.664.55"
112.224.2.160 - - [08/Dec/2020:07:58:57 +0000] "GET /static/user.css HTTP/1.1" 200 0 "http://39.99.166.105:8000/admin/pages/preview" "Mozilla/5.0 (Windows NT 10.0; Win64; x64) AppleWebKit/537.36 (KHTML, like Gecko) Chrome/87.0.4280.67 Safari/537.36 Edg/87.0.664.55"
101.89.239.238 - - [08/Dec/2020:07:58:58 +0000] "GET /challenges HTTP/1.1" 302 263 "-" "Mozilla/5.0 (Windows NT 6.1; WOW64; rv:50.0) Gecko/20100101 Firefox/50.0"
61.129.6.225 - - [08/Dec/2020:07:59:09 +0000] "GET /themes/H1ve-theme/static/js/vendor/jquery.min.js HTTP/1.1" 200 0 "http://39.99.166.105:8000/login?next=%2Fchallenges%3F" "Mozilla/5.0 (Windows NT 6.1; WOW64) AppleWebKit/537.36 (KHTML, like Gecko) Chrome/45.0.2454.101 Safari/537.36"
101.89.239.238 - - [08/Dec/2020:07:59:09 +0000] "GET /login?next=%2Fchallenges%3F HTTP/1.1" 200 8153 "http://39.99.166.105:8000/challenges" "Mozilla/5.0 (Windows NT 6.1; WOW64; rv:50.0) Gecko/20100101 Firefox/50.0"
101.89.239.238 - - [08/Dec/2020:07:59:29 +0000] "GET /themes/H1ve-theme/static/js/vendor/promise-polyfill.min.js HTTP/1.1" 200 0 "http://39.99.166.105:8000/login?next=%2Fchallenges%3F" "Mozilla/5.0 (Windows NT 6.1; WOW64) AppleWebKit/537.36 (KHTML, like Gecko) Chrome/56.0.2924.87 Safari/537.36"
180.97.118.219 - - [08/Dec/2020:07:59:34 +0000] "GET /themes/H1ve-theme/static/js/vendor/markdown-it.min.js HTTP/1.1" 200 0 "http://39.99.166.105:8000/login?next=%2Fchallenges%3F" "Mozilla/5.0 (Windows NT 6.1; WOW64) AppleWebKit/537.36 (KHTML, like Gecko) Chrome/56.0.2924.87 Safari/537.36"
61.151.178.236 - - [08/Dec/2020:07:59:43 +0000] "GET /themes/H1ve-theme/static/js/vendor/markdown-it.min.js HTTP/1.1" 200 0 "http://39.99.166.105:8000/login?next=%2Fchallenges%3F" "Mozilla/5.0 (Windows NT 6.1; WOW64) AppleWebKit/537.36 (KHTML, like Gecko) Chrome/45.0.2454.101 Safari/537.36"
61.151.207.205 - - [08/Dec/2020:07:59:45 +0000] "GET /user HTTP/1.1" 302 251 "-" "Mozilla/5.0 (Macintosh; Intel Mac OS X 10_12_4) AppleWebKit/537.36 (KHTML, like Gecko) 			Chrome/55.0.2883.95 Safari/537.36"
101.89.29.92 - - [08/Dec/2020:07:59:46 +0000] "GET /themes/H1ve-theme/static/js/vendor/markdown-it.min.js HTTP/1.1" 200 0 "http://39.99.166.105:8000/register" "Mozilla/5.0 (Windows NT 6.1; WOW64; rv:50.0) Gecko/20100101 Firefox/50.0"
61.151.207.205 - - [08/Dec/2020:07:59:48 +0000] "GET /login?next=%2Fuser%3F HTTP/1.1" 200 8153 "http://39.99.166.105:8000/user" "Mozilla/5.0 (Macintosh; Intel Mac OS X 10_12_4) AppleWebKit/537.36 (KHTML, like Gecko) 			Chrome/55.0.2883.95 Safari/537.36"
101.89.239.238 - - [08/Dec/2020:07:59:49 +0000] "GET /themes/H1ve-theme/static/js/vendor/eventsource.min.js HTTP/1.1" 200 0 "http://39.99.166.105:8000/login?next=%2Fchallenges%3F" "Mozilla/5.0 (Windows NT 6.1; WOW64) AppleWebKit/537.36 (KHTML, like Gecko) Chrome/56.0.2924.87 Safari/537.36"
